Archive member included because of file (symbol)

C:\Users\dario\AppData\Local\Arduino15\packages\arduino\hardware\sam\1.6.11\variants\arduino_due_x/libsam_sam3x8e_gcc_rel.a(pio.o)
                              C:\Users\dario\AppData\Local\Temp\arduino_build_280568\core\variant.cpp.o (PIO_Configure)
C:\Users\dario\AppData\Local\Arduino15\packages\arduino\hardware\sam\1.6.11\variants\arduino_due_x/libsam_sam3x8e_gcc_rel.a(pmc.o)
                              C:\Users\dario\AppData\Local\Temp\arduino_build_280568\core\variant.cpp.o (pmc_enable_periph_clk)
C:\Users\dario\AppData\Local\Arduino15\packages\arduino\hardware\sam\1.6.11\variants\arduino_due_x/libsam_sam3x8e_gcc_rel.a(system_sam3xa.o)
                              C:\Users\dario\AppData\Local\Temp\arduino_build_280568\core\variant.cpp.o (SystemInit)
C:\Users\dario\AppData\Local\Arduino15\packages\arduino\hardware\sam\1.6.11\variants\arduino_due_x/libsam_sam3x8e_gcc_rel.a(startup_sam3xa.o)
                              (Reset_Handler)
C:\Users\dario\AppData\Local\Arduino15\packages\arduino\hardware\sam\1.6.11\variants\arduino_due_x/libsam_sam3x8e_gcc_rel.a(adc.o)
                              C:\Users\dario\AppData\Local\Temp\arduino_build_280568\core\variant.cpp.o (adc_init)
C:\Users\dario\AppData\Local\Arduino15\packages\arduino\hardware\sam\1.6.11\variants\arduino_due_x/libsam_sam3x8e_gcc_rel.a(uotghs.o)
                              C:\Users\dario\AppData\Local\Arduino15\packages\arduino\hardware\sam\1.6.11\variants\arduino_due_x/libsam_sam3x8e_gcc_rel.a(startup_sam3xa.o) (UOTGHS_Handler)
C:\Users\dario\AppData\Local\Temp\arduino_build_280568/..\arduino_cache_963278\core\core_arduino_sam_arduino_due_x_dbg_d44643eca22bf91b787e208745d157cb.a(WInterrupts.c.o)
                              C:\Users\dario\AppData\Local\Temp\arduino_build_280568\sketch\knobby3_0.ino.cpp.o (attachInterrupt)
C:\Users\dario\AppData\Local\Temp\arduino_build_280568/..\arduino_cache_963278\core\core_arduino_sam_arduino_due_x_dbg_d44643eca22bf91b787e208745d157cb.a(cortex_handlers.c.o)
                              C:\Users\dario\AppData\Local\Arduino15\packages\arduino\hardware\sam\1.6.11\variants\arduino_due_x/libsam_sam3x8e_gcc_rel.a(startup_sam3xa.o) (NMI_Handler)
C:\Users\dario\AppData\Local\Temp\arduino_build_280568/..\arduino_cache_963278\core\core_arduino_sam_arduino_due_x_dbg_d44643eca22bf91b787e208745d157cb.a(hooks.c.o)
                              C:\Users\dario\AppData\Local\Temp\arduino_build_280568/..\arduino_cache_963278\core\core_arduino_sam_arduino_due_x_dbg_d44643eca22bf91b787e208745d157cb.a(cortex_handlers.c.o) (sysTickHook)
C:\Users\dario\AppData\Local\Temp\arduino_build_280568/..\arduino_cache_963278\core\core_arduino_sam_arduino_due_x_dbg_d44643eca22bf91b787e208745d157cb.a(syscalls_sam3.c.o)
                              (_sbrk)
C:\Users\dario\AppData\Local\Temp\arduino_build_280568/..\arduino_cache_963278\core\core_arduino_sam_arduino_due_x_dbg_d44643eca22bf91b787e208745d157cb.a(wiring.c.o)
                              C:\Users\dario\AppData\Local\Temp\arduino_build_280568\sketch\knobby3_0.ino.cpp.o (delay)
C:\Users\dario\AppData\Local\Temp\arduino_build_280568/..\arduino_cache_963278\core\core_arduino_sam_arduino_due_x_dbg_d44643eca22bf91b787e208745d157cb.a(wiring_analog.c.o)
                              C:\Users\dario\AppData\Local\Temp\arduino_build_280568\core\variant.cpp.o (analogOutputInit)
C:\Users\dario\AppData\Local\Temp\arduino_build_280568/..\arduino_cache_963278\core\core_arduino_sam_arduino_due_x_dbg_d44643eca22bf91b787e208745d157cb.a(wiring_digital.c.o)
                              C:\Users\dario\AppData\Local\Temp\arduino_build_280568\sketch\knobby3_0.ino.cpp.o (pinMode)
C:\Users\dario\AppData\Local\Temp\arduino_build_280568/..\arduino_cache_963278\core\core_arduino_sam_arduino_due_x_dbg_d44643eca22bf91b787e208745d157cb.a(Print.cpp.o)
                              C:\Users\dario\AppData\Local\Temp\arduino_build_280568\sketch\knobby3_0.ino.cpp.o (Print::print(String const&))
C:\Users\dario\AppData\Local\Temp\arduino_build_280568/..\arduino_cache_963278\core\core_arduino_sam_arduino_due_x_dbg_d44643eca22bf91b787e208745d157cb.a(Reset.cpp.o)
                              C:\Users\dario\AppData\Local\Temp\arduino_build_280568/..\arduino_cache_963278\core\core_arduino_sam_arduino_due_x_dbg_d44643eca22bf91b787e208745d157cb.a(cortex_handlers.c.o) (tickReset)
C:\Users\dario\AppData\Local\Temp\arduino_build_280568/..\arduino_cache_963278\core\core_arduino_sam_arduino_due_x_dbg_d44643eca22bf91b787e208745d157cb.a(RingBuffer.cpp.o)
                              C:\Users\dario\AppData\Local\Temp\arduino_build_280568\core\variant.cpp.o (RingBuffer::RingBuffer())
C:\Users\dario\AppData\Local\Temp\arduino_build_280568/..\arduino_cache_963278\core\core_arduino_sam_arduino_due_x_dbg_d44643eca22bf91b787e208745d157cb.a(Stream.cpp.o)
[...]
Memory Configuration

Name             Origin             Length             Attributes
rom              0x00080000         0x00080000         xr
sram0            0x20000000         0x00010000         xrw
sram1            0x20080000         0x00008000         xrw
ram              0x20070000         0x00018000         xrw
*default*        0x00000000         0xffffffff

Linker script and memory map

LOAD c:/users/dario/appdata/local/arduino15/packages/arduino/tools/arm-none-eabi-gcc/4.8.3-2014q1/bin/../lib/gcc/arm-none-eabi/4.8.3/armv7-m/crti.o
LOAD c:/users/dario/appdata/local/arduino15/packages/arduino/tools/arm-none-eabi-gcc/4.8.3-2014q1/bin/../lib/gcc/arm-none-eabi/4.8.3/armv7-m/crtbegin.o
LOAD c:/users/dario/appdata/local/arduino15/packages/arduino/tools/arm-none-eabi-gcc/4.8.3-2014q1/bin/../lib/gcc/arm-none-eabi/4.8.3/../../../../arm-none-eabi/lib/armv7-m/crt0.o
START GROUP
LOAD C:\Users\dario\AppData\Local\Temp\arduino_build_280568\sketch\knobby3_0.ino.cpp.o
LOAD C:\Users\dario\AppData\Local\Temp\arduino_build_280568\libraries\Encoder\Encoder.cpp.o
LOAD C:\Users\dario\AppData\Local\Temp\arduino_build_280568\core\variant.cpp.o
LOAD C:\Users\dario\AppData\Local\Arduino15\packages\arduino\hardware\sam\1.6.11\variants\arduino_due_x/libsam_sam3x8e_gcc_rel.a
LOAD C:\Users\dario\AppData\Local\Temp\arduino_build_280568/..\arduino_cache_963278\core\core_arduino_sam_arduino_due_x_dbg_d44643eca22bf91b787e208745d157cb.a
END GROUP
LOAD c:/users/dario/appdata/local/arduino15/packages/arduino/tools/arm-none-eabi-gcc/4.8.3-2014q1/bin/../lib/gcc/arm-none-eabi/4.8.3/../../../../arm-none-eabi/lib/armv7-m\libm.a
START GROUP
LOAD c:/users/dario/appdata/local/arduino15/packages/arduino/tools/arm-none-eabi-gcc/4.8.3-2014q1/bin/../lib/gcc/arm-none-eabi/4.8.3/armv7-m\libgcc.a
LOAD c:/users/dario/appdata/local/arduino15/packages/arduino/tools/arm-none-eabi-gcc/4.8.3-2014q1/bin/../lib/gcc/arm-none-eabi/4.8.3/../../../../arm-none-eabi/lib/armv7-m\libg.a
LOAD c:/users/dario/appdata/local/arduino15/packages/arduino/tools/arm-none-eabi-gcc/4.8.3-2014q1/bin/../lib/gcc/arm-none-eabi/4.8.3/../../../../arm-none-eabi/lib/armv7-m\libc.a
END GROUP
LOAD c:/users/dario/appdata/local/arduino15/packages/arduino/tools/arm-none-eabi-gcc/4.8.3-2014q1/bin/../lib/gcc/arm-none-eabi/4.8.3/armv7-m/crtend.o
LOAD c:/users/dario/appdata/local/arduino15/packages/arduino/tools/arm-none-eabi-gcc/4.8.3-2014q1/bin/../lib/gcc/arm-none-eabi/4.8.3/armv7-m/crtn.o

.text           0x00080000     0x9b34
                0x00080000                . = ALIGN (0x4)
                0x00080000                _sfixed = .
 *(.vectors .vectors.*)
 .vectors       0x00080000       0xf4 C:\Users\dario\AppData\Local\Arduino15\packages\arduino\hardware\sam\1.6.11\variants\arduino_due_x/libsam_sam3x8e_gcc_rel.a(startup_sam3xa.o)
                0x00080000                exception_table
 *(.text .text.* .gnu.linkonce.t.*)
 .text          0x000800f4       0x54 c:/users/dario/appdata/local/arduino15/packages/arduino/tools/arm-none-eabi-gcc/4.8.3-2014q1/bin/../lib/gcc/arm-none-eabi/4.8.3/armv7-m/crtbegin.o
 .text._ZN5Print5writeEPKc
                0x00080148       0x1e C:\Users\dario\AppData\Local\Temp\arduino_build_280568\sketch\knobby3_0.ino.cpp.o
                0x00080148                Print::write(char const*)
 .text._ZN5Print5writeEPKcj
                0x00080166        0xa C:\Users\dario\AppData\Local\Temp\arduino_build_280568\sketch\knobby3_0.ino.cpp.o
                0x00080166                Print::write(char const*, unsigned int)
 .text._ZN7Encoder6updateEP24Encoder_internal_state_t
                0x00080170       0x5c C:\Users\dario\AppData\Local\Temp\arduino_build_280568\sketch\knobby3_0.ino.cpp.o
                0x00080170                Encoder::update(Encoder_internal_state_t*)
 .text._ZN7Encoder4readEv
                0x000801cc       0x1a C:\Users\dario\AppData\Local\Temp\arduino_build_280568\sketch\knobby3_0.ino.cpp.o
                0x000801cc                Encoder::read()
 *fill*         0x000801e6        0x2 
 .text._Z10IRQcounterv
                0x000801e8      0x394 C:\Users\dario\AppData\Local\Temp\arduino_build_280568\sketch\knobby3_0.ino.cpp.o
                0x000801e8                IRQcounter()
 .text._ZN7Encoder5isr53Ev
                0x0008057c       0x14 C:\Users\dario\AppData\Local\Temp\arduino_build_280568\sketch\knobby3_0.ino.cpp.o
                0x0008057c                Encoder::isr53()
 .text._ZN7Encoder5isr52Ev
                0x00080590       0x14 C:\Users\dario\AppData\Local\Temp\arduino_build_280568\sketch\knobby3_0.ino.cpp.o
                0x00080590                Encoder::isr52()
 .text._ZN7Encoder5isr51Ev
                0x000805a4       0x14 C:\Users\dario\AppData\Local\Temp\arduino_build_280568\sketch\knobby3_0.ino.cpp.o
                0x000805a4                Encoder::isr51()
 .text._ZN7Encoder5isr50Ev
                0x000805b8       0x14 C:\Users\dario\AppData\Local\Temp\arduino_build_280568\sketch\knobby3_0.ino.cpp.o
                0x000805b8                Encoder::isr50()
 .text._ZN7Encoder5isr49Ev
                0x000805cc       0x14 C:\Users\dario\AppData\Local\Temp\arduino_build_280568\sketch\knobby3_0.ino.cpp.o
                0x000805cc                Encoder::isr49()
 .text._ZN7Encoder5isr48Ev
                0x000805e0       0x14 C:\Users\dario\AppData\Local\Temp\arduino_build_280568\sketch\knobby3_0.ino.cpp.o
                0x000805e0                Encoder::isr48()
 .text._ZN7Encoder5isr47Ev
                0x000805f4       0x14 C:\Users\dario\AppData\Local\Temp\arduino_build_280568\sketch\knobby3_0.ino.cpp.o
                0x000805f4                Encoder::isr47()
 .text._ZN7Encoder5isr46Ev
                0x00080608       0x14 C:\Users\dario\AppData\Local\Temp\arduino_build_280568\sketch\knobby3_0.ino.cpp.o
                0x00080608                Encoder::isr46()
 .text._ZN7Encoder5isr45Ev
                0x0008061c       0x14 C:\Users\dario\AppData\Local\Temp\arduino_build_280568\sketch\knobby3_0.ino.cpp.o
                0x0008061c                Encoder::isr45()
 .text._ZN7Encoder5isr44Ev
                0x00080630       0x14 C:\Users\dario\AppData\Local\Temp\arduino_build_280568\sketch\knobby3_0.ino.cpp.o
                0x00080630                Encoder::isr44()
 .text._ZN7Encoder5isr43Ev
                0x00080644       0x14 C:\Users\dario\AppData\Local\Temp\arduino_build_280568\sketch\knobby3_0.ino.cpp.o
                0x00080644                Encoder::isr43()
 .text._ZN7Encoder5isr42Ev
                0x00080658       0x14 C:\Users\dario\AppData\Local\Temp\arduino_build_280568\sketch\knobby3_0.ino.cpp.o
                0x00080658                Encoder::isr42()
 .text._ZN7Encoder5isr41Ev
                0x0008066c       0x14 C:\Users\dario\AppData\Local\Temp\arduino_build_280568\sketch\knobby3_0.ino.cpp.o
                0x0008066c                Encoder::isr41()
 .text._ZN7Encoder5isr40Ev
                0x00080680       0x14 C:\Users\dario\AppData\Local\Temp\arduino_build_280568\sketch\knobby3_0.ino.cpp.o
                0x00080680                Encoder::isr40()
 .text._ZN7Encoder5isr39Ev
                0x00080694       0x14 C:\Users\dario\AppData\Local\Temp\arduino_build_280568\sketch\knobby3_0.ino.cpp.o
                0x00080694                Encoder::isr39()
 .text._ZN7Encoder5isr38Ev
                0x000806a8       0x14 C:\Users\dario\AppData\Local\Temp\arduino_build_280568\sketch\knobby3_0.ino.cpp.o
                0x000806a8                Encoder::isr38()
 .text._ZN7Encoder5isr37Ev
                0x000806bc       0x14 C:\Users\dario\AppData\Local\Temp\arduino_build_280568\sketch\knobby3_0.ino.cpp.o
                0x000806bc                Encoder::isr37()
 .text._ZN7Encoder5isr36Ev
                0x000806d0       0x14 C:\Users\dario\AppData\Local\Temp\arduino_build_280568\sketch\knobby3_0.ino.cpp.o
                0x000806d0                Encoder::isr36()
 .text._ZN7Encoder5isr35Ev
                0x000806e4       0x14 C:\Users\dario\AppData\Local\Temp\arduino_build_280568\sketch\knobby3_0.ino.cpp.o
                0x000806e4                Encoder::isr35()
 .text._ZN7Encoder5isr34Ev
                0x000806f8       0x14 C:\Users\dario\AppData\Local\Temp\arduino_build_280568\sketch\knobby3_0.ino.cpp.o
                0x000806f8                Encoder::isr34()
 .text._ZN7Encoder5isr33Ev
                0x0008070c       0x14 C:\Users\dario\AppData\Local\Temp\arduino_build_280568\sketch\knobby3_0.ino.cpp.o
                0x0008070c                Encoder::isr33()
 .text._ZN7Encoder5isr32Ev
                0x00080720       0x14 C:\Users\dario\AppData\Local\Temp\arduino_build_280568\sketch\knobby3_0.ino.cpp.o
                0x00080720                Encoder::isr32()
 .text._ZN7Encoder5isr31Ev
                0x00080734       0x10 C:\Users\dario\AppData\Local\Temp\arduino_build_280568\sketch\knobby3_0.ino.cpp.o
                0x00080734                Encoder::isr31()
 .text._ZN7Encoder5isr30Ev
                0x00080744       0x10 C:\Users\dario\AppData\Local\Temp\arduino_build_280568\sketch\knobby3_0.ino.cpp.o
                0x00080744                Encoder::isr30()
 .text._ZN7Encoder5isr29Ev
                0x00080754       0x10 C:\Users\dario\AppData\Local\Temp\arduino_build_280568\sketch\knobby3_0.ino.cpp.o
                0x00080754                Encoder::isr29()
 .text._ZN7Encoder5isr28Ev
                0x00080764       0x10 C:\Users\dario\AppData\Local\Temp\arduino_build_280568\sketch\knobby3_0.ino.cpp.o
                0x00080764                Encoder::isr28()
 .text._ZN7Encoder5isr27Ev
                0x00080774       0x10 C:\Users\dario\AppData\Local\Temp\arduino_build_280568\sketch\knobby3_0.ino.cpp.o
                0x00080774                Encoder::isr27()
 .text._ZN7Encoder5isr26Ev
                0x00080784       0x10 C:\Users\dario\AppData\Local\Temp\arduino_build_280568\sketch\knobby3_0.ino.cpp.o
                0x00080784                Encoder::isr26()
 .text._ZN7Encoder5isr25Ev
                0x00080794       0x10 C:\Users\dario\AppData\Local\Temp\arduino_build_280568\sketch\knobby3_0.ino.cpp.o
                0x00080794                Encoder::isr25()
 .text._ZN7Encoder5isr24Ev
                0x000807a4       0x10 C:\Users\dario\AppData\Local\Temp\arduino_build_280568\sketch\knobby3_0.ino.cpp.o
                0x000807a4                Encoder::isr24()
 .text._ZN7Encoder5isr23Ev
                0x000807b4       0x10 C:\Users\dario\AppData\Local\Temp\arduino_build_280568\sketch\knobby3_0.ino.cpp.o
                0x000807b4                Encoder::isr23()
 .text._ZN7Encoder5isr22Ev
                0x000807c4       0x10 C:\Users\dario\AppData\Local\Temp\arduino_build_280568\sketch\knobby3_0.ino.cpp.o
                0x000807c4                Encoder::isr22()
 .text._ZN7Encoder5isr21Ev
                0x000807d4       0x10 C:\Users\dario\AppData\Local\Temp\arduino_build_280568\sketch\knobby3_0.ino.cpp.o
                0x000807d4                Encoder::isr21()
 .text._ZN7Encoder5isr20Ev
                0x000807e4       0x10 C:\Users\dario\AppData\Local\Temp\arduino_build_280568\sketch\knobby3_0.ino.cpp.o
                0x000807e4                Encoder::isr20()
 .text._ZN7Encoder5isr19Ev
                0x000807f4       0x10 C:\Users\dario\AppData\Local\Temp\arduino_build_280568\sketch\knobby3_0.ino.cpp.o
                0x000807f4                Encoder::isr19()
 .text._ZN7Encoder5isr18Ev
                0x00080804       0x10 C:\Users\dario\AppData\Local\Temp\arduino_build_280568\sketch\knobby3_0.ino.cpp.o
                0x00080804                Encoder::isr18()
 .text._ZN7Encoder5isr17Ev
                0x00080814       0x10 C:\Users\dario\AppData\Local\Temp\arduino_build_280568\sketch\knobby3_0.ino.cpp.o
                0x00080814                Encoder::isr17()
 .text._ZN7Encoder5isr16Ev
                0x00080824       0x10 C:\Users\dario\AppData\Local\Temp\arduino_build_280568\sketch\knobby3_0.ino.cpp.o
                0x00080824                Encoder::isr16()
 .text._ZN7Encoder5isr15Ev
                0x00080834       0x10 C:\Users\dario\AppData\Local\Temp\arduino_build_280568\sketch\knobby3_0.ino.cpp.o
                0x00080834                Encoder::isr15()
 .text._ZN7Encoder5isr14Ev
                0x00080844       0x10 C:\Users\dario\AppData\Local\Temp\arduino_build_280568\sketch\knobby3_0.ino.cpp.o
                0x00080844                Encoder::isr14()
 .text._ZN7Encoder5isr13Ev
                0x00080854       0x10 C:\Users\dario\AppData\Local\Temp\arduino_build_280568\sketch\knobby3_0.ino.cpp.o
                0x00080854                Encoder::isr13()
 .text._ZN7Encoder5isr12Ev
                0x00080864       0x10 C:\Users\dario\AppData\Local\Temp\arduino_build_280568\sketch\knobby3_0.ino.cpp.o
                0x00080864                Encoder::isr12()
 .text._ZN7Encoder5isr11Ev
                0x00080874       0x10 C:\Users\dario\AppData\Local\Temp\arduino_build_280568\sketch\knobby3_0.ino.cpp.o
                0x00080874                Encoder::isr11()
 .text._ZN7Encoder5isr10Ev
                0x00080884       0x10 C:\Users\dario\AppData\Local\Temp\arduino_build_280568\sketch\knobby3_0.ino.cpp.o
                0x00080884                Encoder::isr10()
 .text._ZN7Encoder4isr9Ev
                0x00080894       0x10 C:\Users\dario\AppData\Local\Temp\arduino_build_280568\sketch\knobby3_0.ino.cpp.o
                0x00080894                Encoder::isr9()
 .text._ZN7Encoder4isr8Ev
                0x000808a4       0x10 C:\Users\dario\AppData\Local\Temp\arduino_build_280568\sketch\knobby3_0.ino.cpp.o
                0x000808a4                Encoder::isr8()
 .text._ZN7Encoder4isr7Ev
                0x000808b4       0x10 C:\Users\dario\AppData\Local\Temp\arduino_build_280568\sketch\knobby3_0.ino.cpp.o
                0x000808b4                Encoder::isr7()
 .text._ZN7Encoder4isr6Ev
                0x000808c4       0x10 C:\Users\dario\AppData\Local\Temp\arduino_build_280568\sketch\knobby3_0.ino.cpp.o
                0x000808c4                Encoder::isr6()
 .text._ZN7Encoder4isr5Ev
                0x000808d4       0x10 C:\Users\dario\AppData\Local\Temp\arduino_build_280568\sketch\knobby3_0.ino.cpp.o
                0x000808d4                Encoder::isr5()
 .text._ZN7Encoder4isr4Ev
                0x000808e4       0x10 C:\Users\dario\AppData\Local\Temp\arduino_build_280568\sketch\knobby3_0.ino.cpp.o
                0x000808e4                Encoder::isr4()
 .text._ZN7Encoder4isr3Ev
                0x000808f4       0x10 C:\Users\dario\AppData\Local\Temp\arduino_build_280568\sketch\knobby3_0.ino.cpp.o
                0x000808f4                Encoder::isr3()
 .text._ZN7Encoder4isr2Ev
                0x00080904       0x10 C:\Users\dario\AppData\Local\Temp\arduino_build_280568\sketch\knobby3_0.ino.cpp.o
                0x00080904                Encoder::isr2()
 .text._ZN7Encoder4isr1Ev
                0x00080914       0x10 C:\Users\dario\AppData\Local\Temp\arduino_build_280568\sketch\knobby3_0.ino.cpp.o
                0x00080914                Encoder::isr1()
 .text._ZN7Encoder4isr0Ev
                0x00080924       0x10 C:\Users\dario\AppData\Local\Temp\arduino_build_280568\sketch\knobby3_0.ino.cpp.o
                0x00080924                Encoder::isr0()
 .text._ZN7Encoder16attach_interruptEhP24Encoder_internal_state_t
                0x00080934      0x3ac C:\Users\dario\AppData\Local\Temp\arduino_build_280568\sketch\knobby3_0.ino.cpp.o
                0x00080934                Encoder::attach_interrupt(unsigned char, Encoder_internal_state_t*)
 .text._ZN7EncoderC2Ehh
                0x00080ce0       0x88 C:\Users\dario\AppData\Local\Temp\arduino_build_280568\sketch\knobby3_0.ino.cpp.o
                0x00080ce0                Encoder::Encoder(unsigned char, unsigned char)
                0x00080ce0                Encoder::Encoder(unsigned char, unsigned char)
 .text._Z11reset_deltav
                0x00080d68       0x34 C:\Users\dario\AppData\Local\Temp\arduino_build_280568\sketch\knobby3_0.ino.cpp.o
                0x00080d68                reset_delta()
 .text._Z10format_dlrcfi
                0x00080d9c       0x90 C:\Users\dario\AppData\Local\Temp\arduino_build_280568\sketch\knobby3_0.ino.cpp.o
                0x00080d9c                format_dlr(char, float, int)
 .text._Z16report_back_axisil.part.2
                0x00080e2c       0x48 C:\Users\dario\AppData\Local\Temp\arduino_build_280568\sketch\knobby3_0.ino.cpp.o
 .text._Z16report_back_axisil
                0x00080e74       0x4c C:\Users\dario\AppData\Local\Temp\arduino_build_280568\sketch\knobby3_0.ino.cpp.o
                0x00080e74                report_back_axis(int, long)
 .text._Z11update_axisil
                0x00080ec0       0xbc C:\Users\dario\AppData\Local\Temp\arduino_build_280568\sketch\knobby3_0.ino.cpp.o
                0x00080ec0                update_axis(int, long)
 .text.startup._GLOBAL__sub_I_buf
                0x00080f7c       0x30 C:\Users\dario\AppData\Local\Temp\arduino_build_280568\sketch\knobby3_0.ino.cpp.o
 .text.setup    0x00080fac       0xbc C:\Users\dario\AppData\Local\Temp\arduino_build_280568\sketch\knobby3_0.ino.cpp.o
                0x00080fac                setup
 .text.loop     0x00081068      0xbcc C:\Users\dario\AppData\Local\Temp\arduino_build_280568\sketch\knobby3_0.ino.cpp.o
                0x00081068                loop
 .text._Z11serialEventv
                0x00081c34        0x2 C:\Users\dario\AppData\Local\Temp\arduino_build_280568\core\variant.cpp.o
                0x00081c34                serialEvent()
 *fill*         0x00081c36        0x2 
 .text.UART_Handler
                0x00081c38        0xc C:\Users\dario\AppData\Local\Temp\arduino_build_280568\core\variant.cpp.o
                0x00081c38                UART_Handler
 .text._Z12serialEvent1v
                0x00081c44        0x2 C:\Users\dario\AppData\Local\Temp\arduino_build_280568\core\variant.cpp.o
                0x00081c44                serialEvent1()
 .text._Z12serialEvent2v
                0x00081c46        0x2 C:\Users\dario\AppData\Local\Temp\arduino_build_280568\core\variant.cpp.o
                0x00081c46                serialEvent2()
 .text._Z12serialEvent3v
                0x00081c48        0x2 C:\Users\dario\AppData\Local\Temp\arduino_build_280568\core\variant.cpp.o
                0x00081c48                serialEvent3()
 *fill*         0x00081c4a        0x2 
 .text.USART0_Handler
                0x00081c4c        0xc C:\Users\dario\AppData\Local\Temp\arduino_build_280568\core\variant.cpp.o
                0x00081c4c                USART0_Handler
 .text.USART1_Handler
                0x00081c58        0xc C:\Users\dario\AppData\Local\Temp\arduino_build_280568\core\variant.cpp.o
                0x00081c58                USART1_Handler
 .text.USART3_Handler
                0x00081c64        0xc C:\Users\dario\AppData\Local\Temp\arduino_build_280568\core\variant.cpp.o
                0x00081c64                USART3_Handler
 .text.init     0x00081c70      0x128 C:\Users\dario\AppData\Local\Temp\arduino_build_280568\core\variant.cpp.o
                0x00081c70                init
 .text.startup._GLOBAL__sub_I_g_APinDescription
                0x00081d98       0xd4 C:\Users\dario\AppData\Local\Temp\arduino_build_280568\core\variant.cpp.o
 .text._Z14serialEventRunv
                0x00081e6c       0x44 C:\Users\dario\AppData\Local\Temp\arduino_build_280568\core\variant.cpp.o
                0x00081e6c                serialEventRun()
 .text.PIO_PullUp
                0x00081eb0        0xa C:\Users\dario\AppData\Local\Arduino15\packages\arduino\hardware\sam\1.6.11\variants\arduino_due_x/libsam_sam3x8e_gcc_rel.a(pio.o)
                0x00081eb0                PIO_PullUp
 .text.PIO_SetPeripheral
                0x00081eba       0x26 C:\Users\dario\AppData\Local\Arduino15\packages\arduino\hardware\sam\1.6.11\variants\arduino_due_x/libsam_sam3x8e_gcc_rel.a(pio.o)
                0x00081eba                PIO_SetPeripheral
 .text.PIO_SetInput
                0x00081ee0       0x26 C:\Users\dario\AppData\Local\Arduino15\packages\arduino\hardware\sam\1.6.11\variants\arduino_due_x/libsam_sam3x8e_gcc_rel.a(pio.o)
                0x00081ee0                PIO_SetInput
 .text.PIO_SetOutput
                0x00081f06       0x24 C:\Users\dario\AppData\Local\Arduino15\packages\arduino\hardware\sam\1.6.11\variants\arduino_due_x/libsam_sam3x8e_gcc_rel.a(pio.o)
                0x00081f06                PIO_SetOutput
 *fill*         0x00081f2a        0x2 
 .text.PIO_Configure
                0x00081f2c       0x64 C:\Users\dario\AppData\Local\Arduino15\packages\arduino\hardware\sam\1.6.11\variants\arduino_due_x/libsam_sam3x8e_gcc_rel.a(pio.o)
                0x00081f2c                PIO_Configure
 .text.PIO_GetOutputDataStatus
                0x00081f90       0x14 C:\Users\dario\AppData\Local\Arduino15\packages\arduino\hardware\sam\1.6.11\variants\arduino_due_x/libsam_sam3x8e_gcc_rel.a(pio.o)
                0x00081f90                PIO_GetOutputDataStatus
 .text.pmc_enable_upll_clock
                0x00081fa4       0x14 C:\Users\dario\AppData\Local\Arduino15\packages\arduino\hardware\sam\1.6.11\variants\arduino_due_x/libsam_sam3x8e_gcc_rel.a(pmc.o)
                0x00081fa4                pmc_enable_upll_clock
 .text.pmc_enable_periph_clk
                0x00081fb8       0x44 C:\Users\dario\AppData\Local\Arduino15\packages\arduino\hardware\sam\1.6.11\variants\arduino_due_x/libsam_sam3x8e_gcc_rel.a(pmc.o)
                0x00081fb8                pmc_enable_periph_clk
 .text.pmc_disable_periph_clk
                0x00081ffc       0x40 C:\Users\dario\AppData\Local\Arduino15\packages\arduino\hardware\sam\1.6.11\variants\arduino_due_x/libsam_sam3x8e_gcc_rel.a(pmc.o)
                0x00081ffc                pmc_disable_periph_clk
 .text.pmc_switch_udpck_to_upllck
                0x0008203c       0x14 C:\Users\dario\AppData\Local\Arduino15\packages\arduino\hardware\sam\1.6.11\variants\arduino_due_x/libsam_sam3x8e_gcc_rel.a(pmc.o)
                0x0008203c                pmc_switch_udpck_to_upllck
 .text.pmc_enable_udpck
                0x00082050        0xc C:\Users\dario\AppData\Local\Arduino15\packages\arduino\hardware\sam\1.6.11\variants\arduino_due_x/libsam_sam3x8e_gcc_rel.a(pmc.o)
                0x00082050                pmc_enable_udpck
 .text.SystemInit
                0x0008205c       0x88 C:\Users\dario\AppData\Local\Arduino15\packages\arduino\hardware\sam\1.6.11\variants\arduino_due_x/libsam_sam3x8e_gcc_rel.a(system_sam3xa.o)
                0x0008205c                SystemInit
 .text.Reset_Handler
                0x000820e4       0x78 C:\Users\dario\AppData\Local\Arduino15\packages\arduino\hardware\sam\1.6.11\variants\arduino_due_x/libsam_sam3x8e_gcc_rel.a(startup_sam3xa.o)
                0x000820e4                Reset_Handler
 .text.adc_init
                0x0008215c       0x98 C:\Users\dario\AppData\Local\Arduino15\packages\arduino\hardware\sam\1.6.11\variants\arduino_due_x/libsam_sam3x8e_gcc_rel.a(adc.o)
                0x0008215c                adc_init
 .text.adc_configure_trigger
                0x000821f4        0xe C:\Users\dario\AppData\Local\Arduino15\packages\arduino\hardware\sam\1.6.11\variants\arduino_due_x/libsam_sam3x8e_gcc_rel.a(adc.o)
                0x000821f4                adc_configure_trigger
 .text.adc_configure_timing
                0x00082202       0x1a C:\Users\dario\AppData\Local\Arduino15\packages\arduino\hardware\sam\1.6.11\variants\arduino_due_x/libsam_sam3x8e_gcc_rel.a(adc.o)
                0x00082202                adc_configure_timing
 .text.adc_disable_channel
                0x0008221c        0xa C:\Users\dario\AppData\Local\Arduino15\packages\arduino\hardware\sam\1.6.11\variants\arduino_due_x/libsam_sam3x8e_gcc_rel.a(adc.o)
                0x0008221c                adc_disable_channel
 .text.adc_disable_all_channel
                0x00082226        0x8 C:\Users\dario\AppData\Local\Arduino15\packages\arduino\hardware\sam\1.6.11\variants\arduino_due_x/libsam_sam3x8e_gcc_rel.a(adc.o)
                0x00082226                adc_disable_all_channel
 .text.adc_disable_interrupt
                0x0008222e        0x4 C:\Users\dario\AppData\Local\Arduino15\packages\arduino\hardware\sam\1.6.11\variants\arduino_due_x/libsam_sam3x8e_gcc_rel.a(adc.o)
                0x0008222e                adc_disable_interrupt
 *fill*         0x00082232        0x2 
 .text.UOTGHS_Handler
                0x00082234       0x10 C:\Users\dario\AppData\Local\Arduino15\packages\arduino\hardware\sam\1.6.11\variants\arduino_due_x/libsam_sam3x8e_gcc_rel.a(uotghs.o)
                0x00082234                UOTGHS_Handler
 .text.attachInterrupt
                0x00082244      0x148 C:\Users\dario\AppData\Local\Temp\arduino_build_280568/..\arduino_cache_963278\core\core_arduino_sam_arduino_due_x_dbg_d44643eca22bf91b787e208745d157cb.a(WInterrupts.c.o)
                0x00082244                attachInterrupt
 .text.PIOA_Handler
                0x0008238c       0x38 C:\Users\dario\AppData\Local\Temp\arduino_build_280568/..\arduino_cache_963278\core\core_arduino_sam_arduino_due_x_dbg_d44643eca22bf91b787e208745d157cb.a(WInterrupts.c.o)
                0x0008238c                PIOA_Handler
 .text.PIOB_Handler
                0x000823c4       0x38 C:\Users\dario\AppData\Local\Temp\arduino_build_280568/..\arduino_cache_963278\core\core_arduino_sam_arduino_due_x_dbg_d44643eca22bf91b787e208745d157cb.a(WInterrupts.c.o)
                0x000823c4                PIOB_Handler
 .text.PIOC_Handler
                0x000823fc       0x38 C:\Users\dario\AppData\Local\Temp\arduino_build_280568/..\arduino_cache_963278\core\core_arduino_sam_arduino_due_x_dbg_d44643eca22bf91b787e208745d157cb.a(WInterrupts.c.o)
                0x000823fc                PIOC_Handler
 .text.PIOD_Handler
                0x00082434       0x38 C:\Users\dario\AppData\Local\Temp\arduino_build_280568/..\arduino_cache_963278\core\core_arduino_sam_arduino_due_x_dbg_d44643eca22bf91b787e208745d157cb.a(WInterrupts.c.o)
                0x00082434                PIOD_Handler
 .text.__halt   0x0008246c        0x2 C:\Users\dario\AppData\Local\Temp\arduino_build_280568/..\arduino_cache_963278\core\core_arduino_sam_arduino_due_x_dbg_d44643eca22bf91b787e208745d157cb.a(cortex_handlers.c.o)
                0x0008246c                DACC_Handler
                0x0008246c                DebugMon_Handler
                0x0008246c                DMAC_Handler
                0x0008246c                TRNG_Handler
                0x0008246c                HardFault_Handler
                0x0008246c                TC2_Handler
                0x0008246c                TWI1_Handler
                0x0008246c                NMI_Handler
                0x0008246c                TC7_Handler
                0x0008246c                ADC_Handler
                0x0008246c                SMC_Handler
                0x0008246c                RTT_Handler
                0x0008246c                EFC1_Handler
                0x0008246c                RTC_Handler
                0x0008246c                UsageFault_Handler
                0x0008246c                TC6_Handler
                0x0008246c                WDT_Handler
                0x0008246c                CAN0_Handler
                0x0008246c                TC4_Handler
                0x0008246c                TC1_Handler
                0x0008246c                HSMCI_Handler
                0x0008246c                TC3_Handler
                0x0008246c                TWI0_Handler
                0x0008246c                SSC_Handler
                0x0008246c                EFC0_Handler
                0x0008246c                PMC_Handler
                0x0008246c                PWM_Handler
                0x0008246c                CAN1_Handler
                0x0008246c                MemManage_Handler
                0x0008246c                SUPC_Handler
                0x0008246c                TC8_Handler
                0x0008246c                USART2_Handler
                0x0008246c                EMAC_Handler
                0x0008246c                BusFault_Handler
                0x0008246c                RSTC_Handler
                0x0008246c                TC0_Handler
                0x0008246c                TC5_Handler
                0x0008246c                SPI0_Handler
 .text.SVC_Handler
                0x0008246e        0x4 C:\Users\dario\AppData\Local\Temp\arduino_build_280568/..\arduino_cache_963278\core\core_arduino_sam_arduino_due_x_dbg_d44643eca22bf91b787e208745d157cb.a(cortex_handlers.c.o)
                0x0008246e                SVC_Handler
 .text.PendSV_Handler
                0x00082472        0x4 C:\Users\dario\AppData\Local\Temp\arduino_build_280568/..\arduino_cache_963278\core\core_arduino_sam_arduino_due_x_dbg_d44643eca22bf91b787e208745d157cb.a(cortex_handlers.c.o)
                0x00082472                PendSV_Handler
 .text.SysTick_Handler
                0x00082476       0x16 C:\Users\dario\AppData\Local\Temp\arduino_build_280568/..\arduino_cache_963278\core\core_arduino_sam_arduino_due_x_dbg_d44643eca22bf91b787e208745d157cb.a(cortex_handlers.c.o)
                0x00082476                SysTick_Handler
 .text.__empty  0x0008248c        0x2 C:\Users\dario\AppData\Local\Temp\arduino_build_280568/..\arduino_cache_963278\core\core_arduino_sam_arduino_due_x_dbg_d44643eca22bf91b787e208745d157cb.a(hooks.c.o)
                0x0008248c                yield
 .text.__false  0x0008248e        0x4 C:\Users\dario\AppData\Local\Temp\arduino_build_280568/..\arduino_cache_963278\core\core_arduino_sam_arduino_due_x_dbg_d44643eca22bf91b787e208745d157cb.a(hooks.c.o)
                0x0008248e                sysTickHook
 .text.__halt   0x00082492        0x2 C:\Users\dario\AppData\Local\Temp\arduino_build_280568/..\arduino_cache_963278\core\core_arduino_sam_arduino_due_x_dbg_d44643eca22bf91b787e208745d157cb.a(hooks.c.o)
                0x00082492                svcHook
                0x00082492                pendSVHook
 .text._sbrk    0x00082494       0x1c C:\Users\dario\AppData\Local\Temp\arduino_build_280568/..\arduino_cache_963278\core\core_arduino_sam_arduino_due_x_dbg_d44643eca22bf91b787e208745d157cb.a(syscalls_sam3.c.o)
                0x00082494                _sbrk
 .text.link     0x000824b0        0x6 C:\Users\dario\AppData\Local\Temp\arduino_build_280568/..\arduino_cache_963278\core\core_arduino_sam_arduino_due_x_dbg_d44643eca22bf91b787e208745d157cb.a(syscalls_sam3.c.o)
                0x000824b0                link
 .text._close   0x000824b6        0x6 C:\Users\dario\AppData\Local\Temp\arduino_build_280568/..\arduino_cache_963278\core\core_arduino_sam_arduino_due_x_dbg_d44643eca22bf91b787e208745d157cb.a(syscalls_sam3.c.o)
                0x000824b6                _close
 .text._fstat   0x000824bc        0xa C:\Users\dario\AppData\Local\Temp\arduino_build_280568/..\arduino_cache_963278\core\core_arduino_sam_arduino_due_x_dbg_d44643eca22bf91b787e208745d157cb.a(syscalls_sam3.c.o)
                0x000824bc                _fstat
 .text._isatty  0x000824c6        0x4 C:\Users\dario\AppData\Local\Temp\arduino_build_280568/..\arduino_cache_963278\core\core_arduino_sam_arduino_due_x_dbg_d44643eca22bf91b787e208745d157cb.a(syscalls_sam3.c.o)
                0x000824c6                _isatty
 .text._lseek   0x000824ca        0x4 C:\Users\dario\AppData\Local\Temp\arduino_build_280568/..\arduino_cache_963278\core\core_arduino_sam_arduino_due_x_dbg_d44643eca22bf91b787e208745d157cb.a(syscalls_sam3.c.o)
                0x000824ca                _lseek
 .text._read    0x000824ce        0x4 C:\Users\dario\AppData\Local\Temp\arduino_build_280568/..\arduino_cache_963278\core\core_arduino_sam_arduino_due_x_dbg_d44643eca22bf91b787e208745d157cb.a(syscalls_sam3.c.o)
                0x000824ce                _read
 *fill*         0x000824d2        0x2 
 .text._write   0x000824d4       0x24 C:\Users\dario\AppData\Local\Temp\arduino_build_280568/..\arduino_cache_963278\core\core_arduino_sam_arduino_due_x_dbg_d44643eca22bf91b787e208745d157cb.a(syscalls_sam3.c.o)
                0x000824d4                _write
 .text._exit    0x000824f8       0x10 C:\Users\dario\AppData\Local\Temp\arduino_build_280568/..\arduino_cache_963278\core\core_arduino_sam_arduino_due_x_dbg_d44643eca22bf91b787e208745d157cb.a(syscalls_sam3.c.o)
                0x000824f8                _exit
 .text._kill    0x00082508        0x2 C:\Users\dario\AppData\Local\Temp\arduino_build_280568/..\arduino_cache_963278\core\core_arduino_sam_arduino_due_x_dbg_d44643eca22bf91b787e208745d157cb.a(syscalls_sam3.c.o)
                0x00082508                _kill
 .text._getpid  0x0008250a        0x6 C:\Users\dario\AppData\Local\Temp\arduino_build_280568/..\arduino_cache_963278\core\core_arduino_sam_arduino_due_x_dbg_d44643eca22bf91b787e208745d157cb.a(syscalls_sam3.c.o)
                0x0008250a                _getpid
 .text.millis   0x00082510        0x4 C:\Users\dario\AppData\Local\Temp\arduino_build_280568/..\arduino_cache_963278\core\core_arduino_sam_arduino_due_x_dbg_d44643eca22bf91b787e208745d157cb.a(wiring.c.o)
                0x00082510                millis
 .text.delay    0x00082514       0x1c C:\Users\dario\AppData\Local\Temp\arduino_build_280568/..\arduino_cache_963278\core\core_arduino_sam_arduino_due_x_dbg_d44643eca22bf91b787e208745d157cb.a(wiring.c.o)
                0x00082514                delay
 .text.analogOutputInit
                0x00082530        0x2 C:\Users\dario\AppData\Local\Temp\arduino_build_280568/..\arduino_cache_963278\core\core_arduino_sam_arduino_due_x_dbg_d44643eca22bf91b787e208745d157cb.a(wiring_analog.c.o)
                0x00082530                analogOutputInit
 *fill*         0x00082532        0x2 
 .text.pinMode  0x00082534      0x108 C:\Users\dario\AppData\Local\Temp\arduino_build_280568/..\arduino_cache_963278\core\core_arduino_sam_arduino_due_x_dbg_d44643eca22bf91b787e208745d157cb.a(wiring_digital.c.o)
                0x00082534                pinMode
 .text.digitalWrite
                0x0008263c       0x70 C:\Users\dario\AppData\Local\Temp\arduino_build_280568/..\arduino_cache_963278\core\core_arduino_sam_arduino_due_x_dbg_d44643eca22bf91b787e208745d157cb.a(wiring_digital.c.o)
                0x0008263c                digitalWrite
 .text._ZN5Print5writeEPKhj
                0x000826ac       0x22 C:\Users\dario\AppData\Local\Temp\arduino_build_280568/..\arduino_cache_963278\core\core_arduino_sam_arduino_due_x_dbg_d44643eca22bf91b787e208745d157cb.a(Print.cpp.o)
                0x000826ac                Print::write(unsigned char const*, unsigned int)
 .text._ZN5Print5printERK6String
                0x000826ce       0x10 C:\Users\dario\AppData\Local\Temp\arduino_build_280568/..\arduino_cache_963278\core\core_arduino_sam_arduino_due_x_dbg_d44643eca22bf91b787e208745d157cb.a(Print.cpp.o)
                0x000826ce                Print::print(String const&)
 .text._ZN5Print5printEPKc
                0x000826de        0x8 C:\Users\dario\AppData\Local\Temp\arduino_build_280568/..\arduino_cache_963278\core\core_arduino_sam_arduino_due_x_dbg_d44643eca22bf91b787e208745d157cb.a(Print.cpp.o)
                0x000826de                Print::print(char const*)
 *fill*         0x000826e6        0x2 
 .text.initiateReset
                0x000826e8        0xc C:\Users\dario\AppData\Local\Temp\arduino_build_280568/..\arduino_cache_963278\core\core_arduino_sam_arduino_due_x_dbg_d44643eca22bf91b787e208745d157cb.a(Reset.cpp.o)
                0x000826e8                initiateReset
 .text.cancelReset
                0x000826f4       0x10 C:\Users\dario\AppData\Local\Temp\arduino_build_280568/..\arduino_cache_963278\core\core_arduino_sam_arduino_due_x_dbg_d44643eca22bf91b787e208745d157cb.a(Reset.cpp.o)
                0x000826f4                cancelReset
 .text.tickReset
                0x00082704       0x20 C:\Users\dario\AppData\Local\Temp\arduino_build_280568/..\arduino_cache_963278\core\core_arduino_sam_arduino_due_x_dbg_d44643eca22bf91b787e208745d157cb.a(Reset.cpp.o)
                0x00082704                tickReset
 .text._ZN10RingBufferC2Ev
                0x00082724       0x1a C:\Users\dario\AppData\Local\Temp\arduino_build_280568/..\arduino_cache_963278\core\core_arduino_sam_arduino_due_x_dbg_d44643eca22bf91b787e208745d157cb.a(RingBuffer.cpp.o)
                0x00082724                RingBuffer::RingBuffer()
                0x00082724                RingBuffer::RingBuffer()
 .text._ZN10RingBuffer10store_charEh
                0x0008273e       0x1e C:\Users\dario\AppData\Local\Temp\arduino_build_280568/..\arduino_cache_963278\core\core_arduino_sam_arduino_due_x_dbg_d44643eca22bf91b787e208745d157cb.a(RingBuffer.cpp.o)
                0x0008273e                RingBuffer::store_char(unsigned char)
 .text._ZN6Stream9timedReadEv
                0x0008275c       0x2a C:\Users\dario\AppData\Local\Temp\arduino_build_280568/..\arduino_cache_963278\core\core_arduino_sam_arduino_due_x_dbg_d44643eca22bf91b787e208745d157cb.a(Stream.cpp.o)
                0x0008275c                Stream::timedRead()
 .text._ZN6Stream9readBytesEPcj
                0x00082786       0x22 C:\Users\dario\AppData\Local\Temp\arduino_build_280568/..\arduino_cache_963278\core\core_arduino_sam_arduino_due_x_dbg_d44643eca22bf91b787e208745d157cb.a(Stream.cpp.o)
                0x00082786                Stream::readBytes(char*, unsigned int)
 .text._ZN9UARTClasscvbEv
                0x000827a8        0x4 C:\Users\dario\AppData\Local\Temp\arduino_build_280568/..\arduino_cache_963278\core\core_arduino_sam_arduino_due_x_dbg_d44643eca22bf91b787e208745d157cb.a(UARTClass.cpp.o)
                0x000827a8                UARTClass::operator bool()
 .text._ZN9UARTClass9availableEv
                0x000827ac       0x12 C:\Users\dario\AppData\Local\Temp\arduino_build_280568/..\arduino_cache_963278\core\core_arduino_sam_arduino_due_x_dbg_d44643eca22bf91b787e208745d157cb.a(UARTClass.cpp.o)
                0x000827ac                UARTClass::available()
 .text._ZN9UARTClass4peekEv
                0x000827be       0x1c C:\Users\dario\AppData\Local\Temp\arduino_build_280568/..\arduino_cache_963278\core\core_arduino_sam_arduino_due_x_dbg_d44643eca22bf91b787e208745d157cb.a(UARTClass.cpp.o)
                0x000827be                UARTClass::peek()
 .text._ZN9UARTClass4readEv
                0x000827da       0x2a C:\Users\dario\AppData\Local\Temp\arduino_build_280568/..\arduino_cache_963278\core\core_arduino_sam_arduino_due_x_dbg_d44643eca22bf91b787e208745d157cb.a(UARTClass.cpp.o)
                0x000827da                UARTClass::read()
 .text._ZN9UARTClass5flushEv
                0x00082804       0x18 C:\Users\dario\AppData\Local\Temp\arduino_build_280568/..\arduino_cache_963278\core\core_arduino_sam_arduino_due_x_dbg_d44643eca22bf91b787e208745d157cb.a(UARTClass.cpp.o)
                0x00082804                UARTClass::flush()
 .text._ZN9UARTClass5writeEh
                0x0008281c       0x54 C:\Users\dario\AppData\Local\Temp\arduino_build_280568/..\arduino_cache_963278\core\core_arduino_sam_arduino_due_x_dbg_d44643eca22bf91b787e208745d157cb.a(UARTClass.cpp.o)
                0x0008281c                UARTClass::write(unsigned char)
 .text._ZN9UARTClass3endEv
                0x00082870       0x3c C:\Users\dario\AppData\Local\Temp\arduino_build_280568/..\arduino_cache_963278\core\core_arduino_sam_arduino_due_x_dbg_d44643eca22bf91b787e208745d157cb.a(UARTClass.cpp.o)
                0x00082870                UARTClass::end()
 .text._ZN9UARTClassC2EP4Uart4IRQnmP10RingBufferS4_
                0x000828ac       0x24 C:\Users\dario\AppData\Local\Temp\arduino_build_280568/..\arduino_cache_963278\core\core_arduino_sam_arduino_due_x_dbg_d44643eca22bf91b787e208745d157cb.a(UARTClass.cpp.o)
                0x000828ac                UARTClass::UARTClass(Uart*, IRQn, unsigned long, RingBuffer*, RingBuffer*)
                0x000828ac                UARTClass::UARTClass(Uart*, IRQn, unsigned long, RingBuffer*, RingBuffer*)
 .text._ZN9UARTClass4initEmm
                0x000828d0       0x70 C:\Users\dario\AppData\Local\Temp\arduino_build_280568/..\arduino_cache_963278\core\core_arduino_sam_arduino_due_x_dbg_d44643eca22bf91b787e208745d157cb.a(UARTClass.cpp.o)
                0x000828d0                UARTClass::init(unsigned long, unsigned long)
 .text._ZN9UARTClass5beginEm
                0x00082940        0x8 C:\Users\dario\AppData\Local\Temp\arduino_build_280568/..\arduino_cache_963278\core\core_arduino_sam_arduino_due_x_dbg_d44643eca22bf91b787e208745d157cb.a(UARTClass.cpp.o)
                0x00082940                UARTClass::begin(unsigned long)
 .text._ZN9UARTClass10IrqHandlerEv
                0x00082948       0x5a C:\Users\dario\AppData\Local\Temp\arduino_build_280568/..\arduino_cache_963278\core\core_arduino_sam_arduino_due_x_dbg_d44643eca22bf91b787e208745d157cb.a(UARTClass.cpp.o)
                0x00082948                UARTClass::IrqHandler()
 .text._ZN10USARTClass5beginEm
                0x000829a2        0x8 C:\Users\dario\AppData\Local\Temp\arduino_build_280568/..\arduino_cache_963278\core\core_arduino_sam_arduino_due_x_dbg_d44643eca22bf91b787e208745d157cb.a(USARTClass.cpp.o)
                0x000829a2                USARTClass::begin(unsigned long)
 *fill*         0x000829aa        0x2 
 .text._ZN10USARTClassC2EP5Usart4IRQnmP10RingBufferS4_
                0x000829ac       0x24 C:\Users\dario\AppData\Local\Temp\arduino_build_280568/..\arduino_cache_963278\core\core_arduino_sam_arduino_due_x_dbg_d44643eca22bf91b787e208745d157cb.a(USARTClass.cpp.o)
                0x000829ac                USARTClass::USARTClass(Usart*, IRQn, unsigned long, RingBuffer*, RingBuffer*)
                0x000829ac                USARTClass::USARTClass(Usart*, IRQn, unsigned long, RingBuffer*, RingBuffer*)
 .text._ZN6StringD2Ev
                0x000829d0        0xe C:\Users\dario\AppData\Local\Temp\arduino_build_280568/..\arduino_cache_963278\core\core_arduino_sam_arduino_due_x_dbg_d44643eca22bf91b787e208745d157cb.a(WString.cpp.o)
                0x000829d0                String::~String()
                0x000829d0                String::~String()
 .text._ZN6String10invalidateEv
                0x000829de       0x16 C:\Users\dario\AppData\Local\Temp\arduino_build_280568/..\arduino_cache_963278\core\core_arduino_sam_arduino_due_x_dbg_d44643eca22bf91b787e208745d157cb.a(WString.cpp.o)
                0x000829de                String::invalidate()
 .text._ZN6String12changeBufferEj
                0x000829f4       0x18 C:\Users\dario\AppData\Local\Temp\arduino_build_280568/..\arduino_cache_963278\core\core_arduino_sam_arduino_due_x_dbg_d44643eca22bf91b787e208745d157cb.a(WString.cpp.o)
                0x000829f4                String::changeBuffer(unsigned int)
 .text._ZN6String7reserveEj
                0x00082a0c       0x22 C:\Users\dario\AppData\Local\Temp\arduino_build_280568/..\arduino_cache_963278\core\core_arduino_sam_arduino_due_x_dbg_d44643eca22bf91b787e208745d157cb.a(WString.cpp.o)
                0x00082a0c                String::reserve(unsigned int)
 .text._ZN6String4copyEPKcj
                0x00082a2e       0x26 C:\Users\dario\AppData\Local\Temp\arduino_build_280568/..\arduino_cache_963278\core\core_arduino_sam_arduino_due_x_dbg_d44643eca22bf91b787e208745d157cb.a(WString.cpp.o)
                0x00082a2e                String::copy(char const*, unsigned int)
 .text._ZN6StringC2EPKc
                0x00082a54       0x24 C:\Users\dario\AppData\Local\Temp\arduino_build_280568/..\arduino_cache_963278\core\core_arduino_sam_arduino_due_x_dbg_d44643eca22bf91b787e208745d157cb.a(WString.cpp.o)
                0x00082a54                String::String(char const*)
                0x00082a54                String::String(char const*)
 .text._ZN6StringaSERKS_
                0x00082a78       0x1e C:\Users\dario\AppData\Local\Temp\arduino_build_280568/..\arduino_cache_963278\core\core_arduino_sam_arduino_due_x_dbg_d44643eca22bf91b787e208745d157cb.a(WString.cpp.o)
                0x00082a78                String::operator=(String const&)
 .text._ZN6StringC2ERKS_
                0x00082a96       0x14 C:\Users\dario\AppData\Local\Temp\arduino_build_280568/..\arduino_cache_963278\core\core_arduino_sam_arduino_due_x_dbg_d44643eca22bf91b787e208745d157cb.a(WString.cpp.o)
                0x00082a96                String::String(String const&)
                0x00082a96                String::String(String const&)
 .text._ZN6StringaSEPKc
                0x00082aaa       0x22 C:\Users\dario\AppData\Local\Temp\arduino_build_280568/..\arduino_cache_963278\core\core_arduino_sam_arduino_due_x_dbg_d44643eca22bf91b787e208745d157cb.a(WString.cpp.o)
                0x00082aaa                String::operator=(char const*)
 .text._ZN6StringC2Eih
                0x00082acc       0x24 C:\Users\dario\AppData\Local\Temp\arduino_build_280568/..\arduino_cache_963278\core\core_arduino_sam_arduino_due_x_dbg_d44643eca22bf91b787e208745d157cb.a(WString.cpp.o)
                0x00082acc                String::String(int, unsigned char)
                0x00082acc                String::String(int, unsigned char)
 .text._ZN6String6concatEPKcj
                0x00082af0       0x2e C:\Users\dario\AppData\Local\Temp\arduino_build_280568/..\arduino_cache_963278\core\core_arduino_sam_arduino_due_x_dbg_d44643eca22bf91b787e208745d157cb.a(WString.cpp.o)
                0x00082af0                String::concat(char const*, unsigned int)
 .text._ZplRK15StringSumHelperRK6String
                0x00082b1e       0x1a C:\Users\dario\AppData\Local\Temp\arduino_build_280568/..\arduino_cache_963278\core\core_arduino_sam_arduino_due_x_dbg_d44643eca22bf91b787e208745d157cb.a(WString.cpp.o)
                0x00082b1e                operator+(StringSumHelper const&, String const&)
 .text.initVariant
                0x00082b38        0x2 C:\Users\dario\AppData\Local\Temp\arduino_build_280568/..\arduino_cache_963278\core\core_arduino_sam_arduino_due_x_dbg_d44643eca22bf91b787e208745d157cb.a(main.cpp.o)
                0x00082b38                initVariant
 *fill*         0x00082b3a        0x2 
 .text.startup.main
                0x00082b3c       0x38 C:\Users\dario\AppData\Local\Temp\arduino_build_280568/..\arduino_cache_963278\core\core_arduino_sam_arduino_due_x_dbg_d44643eca22bf91b787e208745d157cb.a(main.cpp.o)
                0x00082b3c                main
 .text._watchdogDefaultSetup
                0x00082b74        0xc C:\Users\dario\AppData\Local\Temp\arduino_build_280568/..\arduino_cache_963278\core\core_arduino_sam_arduino_due_x_dbg_d44643eca22bf91b787e208745d157cb.a(watchdog.cpp.o)
                0x00082b74                _watchdogDefaultSetup
                0x00082b74                watchdogSetup()
 .text.unlikely._ZL11USB_SendZlpv
                0x00082b80       0x20 C:\Users\dario\AppData\Local\Temp\arduino_build_280568/..\arduino_cache_963278\core\core_arduino_sam_arduino_due_x_dbg_d44643eca22bf91b787e208745d157cb.a(USBCore.cpp.o)
 .text._Z14USBD_Availablem
                0x00082ba0       0x2c C:\Users\dario\AppData\Local\Temp\arduino_build_280568/..\arduino_cache_963278\core\core_arduino_sam_arduino_due_x_dbg_d44643eca22bf91b787e208745d157cb.a(USBCore.cpp.o)
                0x00082ba0                USBD_Available(unsigned long)
 .text._Z9USBD_RecvmPvm
                0x00082bcc       0x7c C:\Users\dario\AppData\Local\Temp\arduino_build_280568/..\arduino_cache_963278\core\core_arduino_sam_arduino_due_x_dbg_d44643eca22bf91b787e208745d157cb.a(USBCore.cpp.o)
                0x00082bcc                USBD_Recv(unsigned long, void*, unsigned long)
 .text._Z9USBD_Recvm
                0x00082c48       0x22 C:\Users\dario\AppData\Local\Temp\arduino_build_280568/..\arduino_cache_963278\core\core_arduino_sam_arduino_due_x_dbg_d44643eca22bf91b787e208745d157cb.a(USBCore.cpp.o)
                0x00082c48                USBD_Recv(unsigned long)
 *fill*         0x00082c6a        0x2 
 .text._Z9USBD_SendmPKvm
                0x00082c6c       0x4c C:\Users\dario\AppData\Local\Temp\arduino_build_280568/..\arduino_cache_963278\core\core_arduino_sam_arduino_due_x_dbg_d44643eca22bf91b787e208745d157cb.a(USBCore.cpp.o)
                0x00082c6c                USBD_Send(unsigned long, void const*, unsigned long)
 .text._Z16USBD_SendControlhPKvm
                0x00082cb8       0x40 C:\Users\dario\AppData\Local\Temp\arduino_build_280568/..\arduino_cache_963278\core\core_arduino_sam_arduino_due_x_dbg_d44643eca22bf91b787e208745d157cb.a(USBCore.cpp.o)
                0x00082cb8                USBD_SendControl(unsigned char, void const*, unsigned long)
 .text.unlikely._ZL24USB_SendStringDescriptorPKhi
                0x00082cf8       0x64 C:\Users\dario\AppData\Local\Temp\arduino_build_280568/..\arduino_cache_963278\core\core_arduino_sam_arduino_due_x_dbg_d44643eca22bf91b787e208745d157cb.a(USBCore.cpp.o)
 .text._Z16USBD_RecvControlPvm
                0x00082d5c       0x1c C:\Users\dario\AppData\Local\Temp\arduino_build_280568/..\arduino_cache_963278\core\core_arduino_sam_arduino_due_x_dbg_d44643eca22bf91b787e208745d157cb.a(USBCore.cpp.o)
                0x00082d5c                USBD_RecvControl(void*, unsigned long)
 .text._Z26USBD_ClassInterfaceRequestR8USBSetup
                0x00082d78       0x1e C:\Users\dario\AppData\Local\Temp\arduino_build_280568/..\arduino_cache_963278\core\core_arduino_sam_arduino_due_x_dbg_d44643eca22bf91b787e208745d157cb.a(USBCore.cpp.o)
                0x00082d78                USBD_ClassInterfaceRequest(USBSetup&)
 .text._Z19USBD_SendInterfacesv
                0x00082d96       0x22 C:\Users\dario\AppData\Local\Temp\arduino_build_280568/..\arduino_cache_963278\core\core_arduino_sam_arduino_due_x_dbg_d44643eca22bf91b787e208745d157cb.a(USBCore.cpp.o)
                0x00082d96                USBD_SendInterfaces()
 .text._Z24USBD_SendOtherInterfacesv
                0x00082db8       0x22 C:\Users\dario\AppData\Local\Temp\arduino_build_280568/..\arduino_cache_963278\core\core_arduino_sam_arduino_due_x_dbg_d44643eca22bf91b787e208745d157cb.a(USBCore.cpp.o)
                0x00082db8                USBD_SendOtherInterfaces()
 .text._Z10USBD_Flushm
                0x00082dda       0x16 C:\Users\dario\AppData\Local\Temp\arduino_build_280568/..\arduino_cache_963278\core\core_arduino_sam_arduino_due_x_dbg_d44643eca22bf91b787e208745d157cb.a(USBCore.cpp.o)
                0x00082dda                USBD_Flush(unsigned long)
 .text._ZN10USBDevice_C2Ev
                0x00082df0       0x24 C:\Users\dario\AppData\Local\Temp\arduino_build_280568/..\arduino_cache_963278\core\core_arduino_sam_arduino_due_x_dbg_d44643eca22bf91b787e208745d157cb.a(USBCore.cpp.o)
                0x00082df0                USBDevice_::USBDevice_()
                0x00082df0                USBDevice_::USBDevice_()
 .text._ZN10USBDevice_6attachEv
                0x00082e14       0x20 C:\Users\dario\AppData\Local\Temp\arduino_build_280568/..\arduino_cache_963278\core\core_arduino_sam_arduino_due_x_dbg_d44643eca22bf91b787e208745d157cb.a(USBCore.cpp.o)
                0x00082e14                USBDevice_::attach()
 .text.startup._GLOBAL__sub_I_EndPoints
                0x00082e34        0xc C:\Users\dario\AppData\Local\Temp\arduino_build_280568/..\arduino_cache_963278\core\core_arduino_sam_arduino_due_x_dbg_d44643eca22bf91b787e208745d157cb.a(USBCore.cpp.o)
 .text._ZL7USB_ISRv
                0x00082e40      0x454 C:\Users\dario\AppData\Local\Temp\arduino_build_280568/..\arduino_cache_963278\core\core_arduino_sam_arduino_due_x_dbg_d44643eca22bf91b787e208745d157cb.a(USBCore.cpp.o)
 .text.ltoa     0x00083294       0x6e C:\Users\dario\AppData\Local\Temp\arduino_build_280568/..\arduino_cache_963278\core\core_arduino_sam_arduino_due_x_dbg_d44643eca22bf91b787e208745d157cb.a(itoa.c.o)
                0x00083294                ltoa
 .text.itoa     0x00083302        0x4 C:\Users\dario\AppData\Local\Temp\arduino_build_280568/..\arduino_cache_963278\core\core_arduino_sam_arduino_due_x_dbg_d44643eca22bf91b787e208745d157cb.a(itoa.c.o)
                0x00083302                itoa
 *fill*         0x00083306        0x2 
 .text._ZN7Serial_9availableEv
                0x00083308       0x18 C:\Users\dario\AppData\Local\Temp\arduino_build_280568/..\arduino_cache_963278\core\core_arduino_sam_arduino_due_x_dbg_d44643eca22bf91b787e208745d157cb.a(CDC.cpp.o)
                0x00083308                Serial_::available()
 .text._ZN7Serial_17availableForWriteEv
                0x00083320        0x6 C:\Users\dario\AppData\Local\Temp\arduino_build_280568/..\arduino_cache_963278\core\core_arduino_sam_arduino_due_x_dbg_d44643eca22bf91b787e208745d157cb.a(CDC.cpp.o)
                0x00083320                Serial_::availableForWrite()
 *fill*         0x00083326        0x2 
 .text._ZN7Serial_4peekEv
                0x00083328       0x20 C:\Users\dario\AppData\Local\Temp\arduino_build_280568/..\arduino_cache_963278\core\core_arduino_sam_arduino_due_x_dbg_d44643eca22bf91b787e208745d157cb.a(CDC.cpp.o)
                0x00083328                Serial_::peek()
 .text._ZN7Serial_5writeEh
                0x00083348       0x16 C:\Users\dario\AppData\Local\Temp\arduino_build_280568/..\arduino_cache_963278\core\core_arduino_sam_arduino_due_x_dbg_d44643eca22bf91b787e208745d157cb.a(CDC.cpp.o)
                0x00083348                Serial_::write(unsigned char)
 *fill*         0x0008335e        0x2 
 .text._ZN7Serial_4readEv
                0x00083360       0x44 C:\Users\dario\AppData\Local\Temp\arduino_build_280568/..\arduino_cache_963278\core\core_arduino_sam_arduino_due_x_dbg_d44643eca22bf91b787e208745d157cb.a(CDC.cpp.o)
                0x00083360                Serial_::read()
 .text._ZN7Serial_5flushEv
                0x000833a4        0x6 C:\Users\dario\AppData\Local\Temp\arduino_build_280568/..\arduino_cache_963278\core\core_arduino_sam_arduino_due_x_dbg_d44643eca22bf91b787e208745d157cb.a(CDC.cpp.o)
                0x000833a4                Serial_::flush()
 *fill*         0x000833aa        0x2 
 .text._ZN7Serial_6acceptEv
                0x000833ac       0x70 C:\Users\dario\AppData\Local\Temp\arduino_build_280568/..\arduino_cache_963278\core\core_arduino_sam_arduino_due_x_dbg_d44643eca22bf91b787e208745d157cb.a(CDC.cpp.o)
                0x000833ac                Serial_::accept()
 .text._ZN7Serial_5writeEPKhj
                0x0008341c       0x2c C:\Users\dario\AppData\Local\Temp\arduino_build_280568/..\arduino_cache_963278\core\core_arduino_sam_arduino_due_x_dbg_d44643eca22bf91b787e208745d157cb.a(CDC.cpp.o)
                0x0008341c                Serial_::write(unsigned char const*, unsigned int)
 .text._Z16CDC_GetInterfacePh
                0x00083448       0x14 C:\Users\dario\AppData\Local\Temp\arduino_build_280568/..\arduino_cache_963278\core\core_arduino_sam_arduino_due_x_dbg_d44643eca22bf91b787e208745d157cb.a(CDC.cpp.o)
                0x00083448                CDC_GetInterface(unsigned char*)
 .text._Z21CDC_GetOtherInterfacePh
                0x0008345c       0x14 C:\Users\dario\AppData\Local\Temp\arduino_build_280568/..\arduino_cache_963278\core\core_arduino_sam_arduino_due_x_dbg_d44643eca22bf91b787e208745d157cb.a(CDC.cpp.o)
                0x0008345c                CDC_GetOtherInterface(unsigned char*)
 .text._Z9CDC_SetupR8USBSetup
                0x00083470       0x78 C:\Users\dario\AppData\Local\Temp\arduino_build_280568/..\arduino_cache_963278\core\core_arduino_sam_arduino_due_x_dbg_d44643eca22bf91b787e208745d157cb.a(CDC.cpp.o)
                0x00083470                CDC_Setup(USBSetup&)
 .text.startup._GLOBAL__sub_I_cdc_rx_buffer
                0x000834e8       0x1c C:\Users\dario\AppData\Local\Temp\arduino_build_280568/..\arduino_cache_963278\core\core_arduino_sam_arduino_due_x_dbg_d44643eca22bf91b787e208745d157cb.a(CDC.cpp.o)
 .text._ZN13PluggableUSB_12getInterfaceEPh
                0x00083504       0x28 C:\Users\dario\AppData\Local\Temp\arduino_build_280568/..\arduino_cache_963278\core\core_arduino_sam_arduino_due_x_dbg_d44643eca22bf91b787e208745d157cb.a(PluggableUSB.cpp.o)
                0x00083504                PluggableUSB_::getInterface(unsigned char*)
 .text._ZN13PluggableUSB_13getDescriptorER8USBSetup
                0x0008352c       0x1c C:\Users\dario\AppData\Local\Temp\arduino_build_280568/..\arduino_cache_963278\core\core_arduino_sam_arduino_due_x_dbg_d44643eca22bf91b787e208745d157cb.a(PluggableUSB.cpp.o)
                0x0008352c                PluggableUSB_::getDescriptor(USBSetup&)
 .text._ZN13PluggableUSB_12getShortNameEPc
                0x00083548       0x1c C:\Users\dario\AppData\Local\Temp\arduino_build_280568/..\arduino_cache_963278\core\core_arduino_sam_arduino_due_x_dbg_d44643eca22bf91b787e208745d157cb.a(PluggableUSB.cpp.o)
                0x00083548                PluggableUSB_::getShortName(char*)
 .text._ZN13PluggableUSB_5setupER8USBSetup
                0x00083564       0x20 C:\Users\dario\AppData\Local\Temp\arduino_build_280568/..\arduino_cache_963278\core\core_arduino_sam_arduino_due_x_dbg_d44643eca22bf91b787e208745d157cb.a(PluggableUSB.cpp.o)
                0x00083564                PluggableUSB_::setup(USBSetup&)
 .text._Z12PluggableUSBv
                0x00083584       0x28 C:\Users\dario\AppData\Local\Temp\arduino_build_280568/..\arduino_cache_963278\core\core_arduino_sam_arduino_due_x_dbg_d44643eca22bf91b787e208745d157cb.a(PluggableUSB.cpp.o)
                0x00083584                PluggableUSB()
 .text.TimeTick_Increment
                0x000835ac       0x10 C:\Users\dario\AppData\Local\Arduino15\packages\arduino\hardware\sam\1.6.11\variants\arduino_due_x/libsam_sam3x8e_gcc_rel.a(timetick.o)
                0x000835ac                TimeTick_Increment
 .text.GetTickCount
                0x000835bc        0xc C:\Users\dario\AppData\Local\Arduino15\packages\arduino\hardware\sam\1.6.11\variants\arduino_due_x/libsam_sam3x8e_gcc_rel.a(timetick.o)
                0x000835bc                GetTickCount
 .text.WDT_Disable
                0x000835c8        0x8 C:\Users\dario\AppData\Local\Arduino15\packages\arduino\hardware\sam\1.6.11\variants\arduino_due_x/libsam_sam3x8e_gcc_rel.a(wdt.o)
                0x000835c8                WDT_Disable
 .text.UDD_SetStack
                0x000835d0        0xc C:\Users\dario\AppData\Local\Arduino15\packages\arduino\hardware\sam\1.6.11\variants\arduino_due_x/libsam_sam3x8e_gcc_rel.a(uotghs_device.o)
                0x000835d0                UDD_SetStack
 .text.UDD_Init
                0x000835dc       0xd0 C:\Users\dario\AppData\Local\Arduino15\packages\arduino\hardware\sam\1.6.11\variants\arduino_due_x/libsam_sam3x8e_gcc_rel.a(uotghs_device.o)
                0x000835dc                UDD_Init
 .text.UDD_Attach
                0x000836ac       0x50 C:\Users\dario\AppData\Local\Arduino15\packages\arduino\hardware\sam\1.6.11\variants\arduino_due_x/libsam_sam3x8e_gcc_rel.a(uotghs_device.o)
                0x000836ac                UDD_Attach
 .text.UDD_InitEP
                0x000836fc       0x2c C:\Users\dario\AppData\Local\Arduino15\packages\arduino\hardware\sam\1.6.11\variants\arduino_due_x/libsam_sam3x8e_gcc_rel.a(uotghs_device.o)
                0x000836fc                UDD_InitEP
 .text.UDD_InitEndpoints
                0x00083728       0x3c C:\Users\dario\AppData\Local\Arduino15\packages\arduino\hardware\sam\1.6.11\variants\arduino_due_x/libsam_sam3x8e_gcc_rel.a(uotghs_device.o)
                0x00083728                UDD_InitEndpoints
 .text.UDD_WaitIN
                0x00083764       0x10 C:\Users\dario\AppData\Local\Arduino15\packages\arduino\hardware\sam\1.6.11\variants\arduino_due_x/libsam_sam3x8e_gcc_rel.a(uotghs_device.o)
                0x00083764                UDD_WaitIN
 .text.UDD_WaitOUT
                0x00083774       0x10 C:\Users\dario\AppData\Local\Arduino15\packages\arduino\hardware\sam\1.6.11\variants\arduino_due_x/libsam_sam3x8e_gcc_rel.a(uotghs_device.o)
                0x00083774                UDD_WaitOUT
 .text.UDD_ClearIN
                0x00083784       0x18 C:\Users\dario\AppData\Local\Arduino15\packages\arduino\hardware\sam\1.6.11\variants\arduino_due_x/libsam_sam3x8e_gcc_rel.a(uotghs_device.o)
                0x00083784                UDD_ClearIN
 .text.UDD_ClearOUT
                0x0008379c       0x18 C:\Users\dario\AppData\Local\Arduino15\packages\arduino\hardware\sam\1.6.11\variants\arduino_due_x/libsam_sam3x8e_gcc_rel.a(uotghs_device.o)
                0x0008379c                UDD_ClearOUT
 .text.UDD_ReceivedSetupInt
                0x000837b4       0x10 C:\Users\dario\AppData\Local\Arduino15\packages\arduino\hardware\sam\1.6.11\variants\arduino_due_x/libsam_sam3x8e_gcc_rel.a(uotghs_device.o)
                0x000837b4                UDD_ReceivedSetupInt
 .text.UDD_ClearSetupInt
                0x000837c4       0x10 C:\Users\dario\AppData\Local\Arduino15\packages\arduino\hardware\sam\1.6.11\variants\arduino_due_x/libsam_sam3x8e_gcc_rel.a(uotghs_device.o)
                0x000837c4                UDD_ClearSetupInt
 .text.UDD_Send
                0x000837d4       0x88 C:\Users\dario\AppData\Local\Arduino15\packages\arduino\hardware\sam\1.6.11\variants\arduino_due_x/libsam_sam3x8e_gcc_rel.a(uotghs_device.o)
                0x000837d4                UDD_Send
 .text.UDD_Send8
                0x0008385c       0x24 C:\Users\dario\AppData\Local\Arduino15\packages\arduino\hardware\sam\1.6.11\variants\arduino_due_x/libsam_sam3x8e_gcc_rel.a(uotghs_device.o)
                0x0008385c                UDD_Send8
 .text.UDD_Recv8
                0x00083880       0x28 C:\Users\dario\AppData\Local\Arduino15\packages\arduino\hardware\sam\1.6.11\variants\arduino_due_x/libsam_sam3x8e_gcc_rel.a(uotghs_device.o)
                0x00083880                UDD_Recv8
 .text.UDD_Recv
                0x000838a8       0x34 C:\Users\dario\AppData\Local\Arduino15\packages\arduino\hardware\sam\1.6.11\variants\arduino_due_x/libsam_sam3x8e_gcc_rel.a(uotghs_device.o)
                0x000838a8                UDD_Recv
 .text.UDD_Stall
                0x000838dc       0x14 C:\Users\dario\AppData\Local\Arduino15\packages\arduino\hardware\sam\1.6.11\variants\arduino_due_x/libsam_sam3x8e_gcc_rel.a(uotghs_device.o)
                0x000838dc                UDD_Stall
 .text.UDD_FifoByteCount
                0x000838f0       0x14 C:\Users\dario\AppData\Local\Arduino15\packages\arduino\hardware\sam\1.6.11\variants\arduino_due_x/libsam_sam3x8e_gcc_rel.a(uotghs_device.o)
                0x000838f0                UDD_FifoByteCount
 .text.UDD_ReleaseRX
                0x00083904       0x28 C:\Users\dario\AppData\Local\Arduino15\packages\arduino\hardware\sam\1.6.11\variants\arduino_due_x/libsam_sam3x8e_gcc_rel.a(uotghs_device.o)
                0x00083904                UDD_ReleaseRX
 .text.UDD_ReleaseTX
                0x0008392c       0x28 C:\Users\dario\AppData\Local\Arduino15\packages\arduino\hardware\sam\1.6.11\variants\arduino_due_x/libsam_sam3x8e_gcc_rel.a(uotghs_device.o)
                0x0008392c                UDD_ReleaseTX
 .text.UDD_SetAddress
                0x00083954       0x20 C:\Users\dario\AppData\Local\Arduino15\packages\arduino\hardware\sam\1.6.11\variants\arduino_due_x/libsam_sam3x8e_gcc_rel.a(uotghs_device.o)
                0x00083954                UDD_SetAddress
 .text.cos      0x00083974       0x8c c:/users/dario/appdata/local/arduino15/packages/arduino/tools/arm-none-eabi-gcc/4.8.3-2014q1/bin/../lib/gcc/arm-none-eabi/4.8.3/../../../../arm-none-eabi/lib/armv7-m\libm.a(lib_a-s_cos.o)
                0x00083974                cos
 .text.sin      0x00083a00       0x94 c:/users/dario/appdata/local/arduino15/packages/arduino/tools/arm-none-eabi-gcc/4.8.3-2014q1/bin/../lib/gcc/arm-none-eabi/4.8.3/../../../../arm-none-eabi/lib/armv7-m\libm.a(lib_a-s_sin.o)
                0x00083a00                sin
 *fill*         0x00083a94        0x4 
 .text.__ieee754_rem_pio2
                0x00083a98      0x440 c:/users/dario/appdata/local/arduino15/packages/arduino/tools/arm-none-eabi-gcc/4.8.3-2014q1/bin/../lib/gcc/arm-none-eabi/4.8.3/../../../../arm-none-eabi/lib/armv7-m\libm.a(lib_a-e_rem_pio2.o)
                0x00083a98                __ieee754_rem_pio2
 .text.__kernel_cos
                0x00083ed8      0x248 c:/users/dario/appdata/local/arduino15/packages/arduino/tools/arm-none-eabi-gcc/4.8.3-2014q1/bin/../lib/gcc/arm-none-eabi/4.8.3/../../../../arm-none-eabi/lib/armv7-m\libm.a(lib_a-k_cos.o)
                0x00083ed8                __kernel_cos
 .text.__kernel_rem_pio2
                0x00084120      0x7bc c:/users/dario/appdata/local/arduino15/packages/arduino/tools/arm-none-eabi-gcc/4.8.3-2014q1/bin/../lib/gcc/arm-none-eabi/4.8.3/../../../../arm-none-eabi/lib/armv7-m\libm.a(lib_a-k_rem_pio2.o)
                0x00084120                __kernel_rem_pio2
 *fill*         0x000848dc        0x4 
 .text.__kernel_sin
                0x000848e0      0x170 c:/users/dario/appdata/local/arduino15/packages/arduino/tools/arm-none-eabi-gcc/4.8.3-2014q1/bin/../lib/gcc/arm-none-eabi/4.8.3/../../../../arm-none-eabi/lib/armv7-m\libm.a(lib_a-k_sin.o)
                0x000848e0                __kernel_sin
 .text.fabs     0x00084a50        0x8 c:/users/dario/appdata/local/arduino15/packages/arduino/tools/arm-none-eabi-gcc/4.8.3-2014q1/bin/../lib/gcc/arm-none-eabi/4.8.3/../../../../arm-none-eabi/lib/armv7-m\libm.a(lib_a-s_fabs.o)
                0x00084a50                fabs
 .text.floor    0x00084a58      0x120 c:/users/dario/appdata/local/arduino15/packages/arduino/tools/arm-none-eabi-gcc/4.8.3-2014q1/bin/../lib/gcc/arm-none-eabi/4.8.3/../../../../arm-none-eabi/lib/armv7-m\libm.a(lib_a-s_floor.o)
                0x00084a58                floor
 .text.scalbn   0x00084b78      0x100 c:/users/dario/appdata/local/arduino15/packages/arduino/tools/arm-none-eabi-gcc/4.8.3-2014q1/bin/../lib/gcc/arm-none-eabi/4.8.3/../../../../arm-none-eabi/lib/armv7-m\libm.a(lib_a-s_scalbn.o)
                0x00084b78                scalbn
 .text.copysign
                0x00084c78       0x14 c:/users/dario/appdata/local/arduino15/packages/arduino/tools/arm-none-eabi-gcc/4.8.3-2014q1/bin/../lib/gcc/arm-none-eabi/4.8.3/../../../../arm-none-eabi/lib/armv7-m\libm.a(lib_a-s_copysign.o)
                0x00084c78                copysign
 .text          0x00084c8c      0x370 c:/users/dario/appdata/local/arduino15/packages/arduino/tools/arm-none-eabi-gcc/4.8.3-2014q1/bin/../lib/gcc/arm-none-eabi/4.8.3/armv7-m\libgcc.a(_arm_addsubdf3.o)
                0x00084c8c                __aeabi_drsub
                0x00084c94                __aeabi_dsub
                0x00084c94                __subdf3
                0x00084c98                __aeabi_dadd
                0x00084c98                __adddf3
                0x00084f10                __floatunsidf
                0x00084f10                __aeabi_ui2d
                0x00084f30                __floatsidf
                0x00084f30                __aeabi_i2d
                0x00084f54                __aeabi_f2d
                0x00084f54                __extendsfdf2
                0x00084f90                __floatundidf
                0x00084f90                __aeabi_ul2d
                0x00084fa0                __floatdidf
                0x00084fa0                __aeabi_l2d
 .text          0x00084ffc      0x424 c:/users/dario/appdata/local/arduino15/packages/arduino/tools/arm-none-eabi-gcc/4.8.3-2014q1/bin/../lib/gcc/arm-none-eabi/4.8.3/armv7-m\libgcc.a(_arm_muldivdf3.o)
                0x00084ffc                __aeabi_dmul
                0x00084ffc                __muldf3
                0x00085250                __divdf3
                0x00085250                __aeabi_ddiv
 .text          0x00085420      0x110 c:/users/dario/appdata/local/arduino15/packages/arduino/tools/arm-none-eabi-gcc/4.8.3-2014q1/bin/../lib/gcc/arm-none-eabi/4.8.3/armv7-m\libgcc.a(_arm_cmpdf2.o)
                0x00085420                __gtdf2
                0x00085420                __gedf2
                0x00085428                __ltdf2
                0x00085428                __ledf2
                0x00085430                __nedf2
                0x00085430                __eqdf2
                0x00085430                __cmpdf2
                0x000854ac                __aeabi_cdrcmple
                0x000854bc                __aeabi_cdcmpeq
                0x000854bc                __aeabi_cdcmple
                0x000854cc                __aeabi_dcmpeq
                0x000854e0                __aeabi_dcmplt
                0x000854f4                __aeabi_dcmple
                0x00085508                __aeabi_dcmpge
                0x0008551c                __aeabi_dcmpgt
 .text          0x00085530       0x50 c:/users/dario/appdata/local/arduino15/packages/arduino/tools/arm-none-eabi-gcc/4.8.3-2014q1/bin/../lib/gcc/arm-none-eabi/4.8.3/armv7-m\libgcc.a(_arm_fixdfsi.o)
                0x00085530                __aeabi_d2iz
                0x00085530                __fixdfsi
 .text          0x00085580      0x21c c:/users/dario/appdata/local/arduino15/packages/arduino/tools/arm-none-eabi-gcc/4.8.3-2014q1/bin/../lib/gcc/arm-none-eabi/4.8.3/armv7-m\libgcc.a(_arm_addsubsf3.o)
                0x00085580                __aeabi_frsub
                0x00085588                __subsf3
                0x00085588                __aeabi_fsub
                0x0008558c                __aeabi_fadd
                0x0008558c                __addsf3
                0x000856ec                __aeabi_ui2f
                0x000856ec                __floatunsisf
                0x000856f4                __aeabi_i2f
                0x000856f4                __floatsisf
                0x00085710                __aeabi_ul2f
                0x00085710                __floatundisf
                0x00085720                __aeabi_l2f
                0x00085720                __floatdisf
 .text          0x0008579c      0x2a0 c:/users/dario/appdata/local/arduino15/packages/arduino/tools/arm-none-eabi-gcc/4.8.3-2014q1/bin/../lib/gcc/arm-none-eabi/4.8.3/armv7-m\libgcc.a(_arm_muldivsf3.o)
                0x0008579c                __mulsf3
                0x0008579c                __aeabi_fmul
                0x00085904                __aeabi_fdiv
                0x00085904                __divsf3
 .text          0x00085a3c       0xec c:/users/dario/appdata/local/arduino15/packages/arduino/tools/arm-none-eabi-gcc/4.8.3-2014q1/bin/../lib/gcc/arm-none-eabi/4.8.3/armv7-m\libgcc.a(_arm_cmpsf2.o)
                0x00085a3c                __gesf2
                0x00085a3c                __gtsf2
                0x00085a44                __lesf2
                0x00085a44                __ltsf2
                0x00085a4c                __nesf2
                0x00085a4c                __eqsf2
                0x00085a4c                __cmpsf2
                0x00085aac                __aeabi_cfrcmple
                0x00085ab4                __aeabi_cfcmpeq
                0x00085ab4                __aeabi_cfcmple
                0x00085ac4                __aeabi_fcmpeq
                0x00085ad8                __aeabi_fcmplt
                0x00085aec                __aeabi_fcmple
                0x00085b00                __aeabi_fcmpge
                0x00085b14                __aeabi_fcmpgt
 .text          0x00085b28       0x4c c:/users/dario/appdata/local/arduino15/packages/arduino/tools/arm-none-eabi-gcc/4.8.3-2014q1/bin/../lib/gcc/arm-none-eabi/4.8.3/armv7-m\libgcc.a(_arm_fixsfsi.o)
                0x00085b28                __aeabi_f2iz
                0x00085b28                __fixsfsi
 .text.__libc_init_array
                0x00085b74       0x50 c:/users/dario/appdata/local/arduino15/packages/arduino/tools/arm-none-eabi-gcc/4.8.3-2014q1/bin/../lib/gcc/arm-none-eabi/4.8.3/../../../../arm-none-eabi/lib/armv7-m\libg.a(lib_a-init.o)
                0x00085b74                __libc_init_array
 .text.iprintf  0x00085bc4       0x28 c:/users/dario/appdata/local/arduino15/packages/arduino/tools/arm-none-eabi-gcc/4.8.3-2014q1/bin/../lib/gcc/arm-none-eabi/4.8.3/../../../../arm-none-eabi/lib/armv7-m\libg.a(lib_a-iprintf.o)
                0x00085bc4                iprintf
 .text.malloc   0x00085bec       0x10 c:/users/dario/appdata/local/arduino15/packages/arduino/tools/arm-none-eabi-gcc/4.8.3-2014q1/bin/../lib/gcc/arm-none-eabi/4.8.3/../../../../arm-none-eabi/lib/armv7-m\libg.a(lib_a-malloc.o)
                0x00085bec                malloc
 .text.free     0x00085bfc       0x10 c:/users/dario/appdata/local/arduino15/packages/arduino/tools/arm-none-eabi-gcc/4.8.3-2014q1/bin/../lib/gcc/arm-none-eabi/4.8.3/../../../../arm-none-eabi/lib/armv7-m\libg.a(lib_a-malloc.o)
                0x00085bfc                free
 .text._malloc_r
                0x00085c0c      0x538 c:/users/dario/appdata/local/arduino15/packages/arduino/tools/arm-none-eabi-gcc/4.8.3-2014q1/bin/../lib/gcc/arm-none-eabi/4.8.3/../../../../arm-none-eabi/lib/armv7-m\libg.a(lib_a-mallocr.o)
                0x00085c0c                _malloc_r
 .text          0x00086144       0xec c:/users/dario/appdata/local/arduino15/packages/arduino/tools/arm-none-eabi-gcc/4.8.3-2014q1/bin/../lib/gcc/arm-none-eabi/4.8.3/../../../../arm-none-eabi/lib/armv7-m\libg.a(lib_a-memcpy.o)
                0x00086144                memcpy
 .text.memmove  0x00086230       0xcc c:/users/dario/appdata/local/arduino15/packages/arduino/tools/arm-none-eabi-gcc/4.8.3-2014q1/bin/../lib/gcc/arm-none-eabi/4.8.3/../../../../arm-none-eabi/lib/armv7-m\libg.a(lib_a-memmove.o)
                0x00086230                memmove
 .text.memset   0x000862fc       0x94 c:/users/dario/appdata/local/arduino15/packages/arduino/tools/arm-none-eabi-gcc/4.8.3-2014q1/bin/../lib/gcc/arm-none-eabi/4.8.3/../../../../arm-none-eabi/lib/armv7-m\libg.a(lib_a-memset.o)
                0x000862fc                memset
 .text.__malloc_lock
                0x00086390        0x4 c:/users/dario/appdata/local/arduino15/packages/arduino/tools/arm-none-eabi-gcc/4.8.3-2014q1/bin/../lib/gcc/arm-none-eabi/4.8.3/../../../../arm-none-eabi/lib/armv7-m\libg.a(lib_a-mlock.o)
                0x00086390                __malloc_lock
 .text.__malloc_unlock
                0x00086394        0x4 c:/users/dario/appdata/local/arduino15/packages/arduino/tools/arm-none-eabi-gcc/4.8.3-2014q1/bin/../lib/gcc/arm-none-eabi/4.8.3/../../../../arm-none-eabi/lib/armv7-m\libg.a(lib_a-mlock.o)
                0x00086394                __malloc_unlock
 .text.realloc  0x00086398       0x10 c:/users/dario/appdata/local/arduino15/packages/arduino/tools/arm-none-eabi-gcc/4.8.3-2014q1/bin/../lib/gcc/arm-none-eabi/4.8.3/../../../../arm-none-eabi/lib/armv7-m\libg.a(lib_a-realloc.o)
                0x00086398                realloc
 .text._realloc_r
                0x000863a8      0x3c0 c:/users/dario/appdata/local/arduino15/packages/arduino/tools/arm-none-eabi-gcc/4.8.3-2014q1/bin/../lib/gcc/arm-none-eabi/4.8.3/../../../../arm-none-eabi/lib/armv7-m\libg.a(lib_a-reallocr.o)
                0x000863a8                _realloc_r
 .text._sbrk_r  0x00086768       0x24 c:/users/dario/appdata/local/arduino15/packages/arduino/tools/arm-none-eabi-gcc/4.8.3-2014q1/bin/../lib/gcc/arm-none-eabi/4.8.3/../../../../arm-none-eabi/lib/armv7-m\libg.a(lib_a-sbrkr.o)
                0x00086768                _sbrk_r
 .text.strcpy   0x0008678c       0xbc c:/users/dario/appdata/local/arduino15/packages/arduino/tools/arm-none-eabi-gcc/4.8.3-2014q1/bin/../lib/gcc/arm-none-eabi/4.8.3/../../../../arm-none-eabi/lib/armv7-m\libg.a(lib_a-strcpy.o)
                0x0008678c                strcpy
 .text.strlen   0x00086848       0x60 c:/users/dario/appdata/local/arduino15/packages/arduino/tools/arm-none-eabi-gcc/4.8.3-2014q1/bin/../lib/gcc/arm-none-eabi/4.8.3/../../../../arm-none-eabi/lib/armv7-m\libg.a(lib_a-strlen.o)
                0x00086848                strlen
 .text.kill     0x000868a8       0x10 c:/users/dario/appdata/local/arduino15/packages/arduino/tools/arm-none-eabi-gcc/4.8.3-2014q1/bin/../lib/gcc/arm-none-eabi/4.8.3/../../../../arm-none-eabi/lib/armv7-m\libg.a(lib_a-syskill.o)
                0x000868a8                kill
 .text.__sprint_r.part.0
                0x000868b8       0x78 c:/users/dario/appdata/local/arduino15/packages/arduino/tools/arm-none-eabi-gcc/4.8.3-2014q1/bin/../lib/gcc/arm-none-eabi/4.8.3/../../../../arm-none-eabi/lib/armv7-m\libg.a(lib_a-vfiprintf.o)
 .text._vfiprintf_r
                0x00086930      0xc54 c:/users/dario/appdata/local/arduino15/packages/arduino/tools/arm-none-eabi-gcc/4.8.3-2014q1/bin/../lib/gcc/arm-none-eabi/4.8.3/../../../../arm-none-eabi/lib/armv7-m\libg.a(lib_a-vfiprintf.o)
                0x00086930                _vfiprintf_r
 .text.__sbprintf
                0x00087584       0x7c c:/users/dario/appdata/local/arduino15/packages/arduino/tools/arm-none-eabi-gcc/4.8.3-2014q1/bin/../lib/gcc/arm-none-eabi/4.8.3/../../../../arm-none-eabi/lib/armv7-m\libg.a(lib_a-vfiprintf.o)
 .text.__swsetup_r
                0x00087600       0xc4 c:/users/dario/appdata/local/arduino15/packages/arduino/tools/arm-none-eabi-gcc/4.8.3-2014q1/bin/../lib/gcc/arm-none-eabi/4.8.3/../../../../arm-none-eabi/lib/armv7-m\libg.a(lib_a-wsetup.o)
                0x00087600                __swsetup_r
 .text.startup.register_fini
                0x000876c4       0x14 c:/users/dario/appdata/local/arduino15/packages/arduino/tools/arm-none-eabi-gcc/4.8.3-2014q1/bin/../lib/gcc/arm-none-eabi/4.8.3/../../../../arm-none-eabi/lib/armv7-m\libg.a(lib_a-__call_atexit.o)
 .text.atexit   0x000876d8        0xc c:/users/dario/appdata/local/arduino15/packages/arduino/tools/arm-none-eabi-gcc/4.8.3-2014q1/bin/../lib/gcc/arm-none-eabi/4.8.3/../../../../arm-none-eabi/lib/armv7-m\libg.a(lib_a-atexit.o)
                0x000876d8                atexit
 .text.__sflush_r
                0x000876e4      0x148 c:/users/dario/appdata/local/arduino15/packages/arduino/tools/arm-none-eabi-gcc/4.8.3-2014q1/bin/../lib/gcc/arm-none-eabi/4.8.3/../../../../arm-none-eabi/lib/armv7-m\libg.a(lib_a-fflush.o)
                0x000876e4                __sflush_r
 .text._fflush_r
                0x0008782c       0x2c c:/users/dario/appdata/local/arduino15/packages/arduino/tools/arm-none-eabi-gcc/4.8.3-2014q1/bin/../lib/gcc/arm-none-eabi/4.8.3/../../../../arm-none-eabi/lib/armv7-m\libg.a(lib_a-fflush.o)
                0x0008782c                _fflush_r
 .text._cleanup_r
                0x00087858        0xc c:/users/dario/appdata/local/arduino15/packages/arduino/tools/arm-none-eabi-gcc/4.8.3-2014q1/bin/../lib/gcc/arm-none-eabi/4.8.3/../../../../arm-none-eabi/lib/armv7-m\libg.a(lib_a-findfp.o)
                0x00087858                _cleanup_r
 .text.__sinit  0x00087864       0xf4 c:/users/dario/appdata/local/arduino15/packages/arduino/tools/arm-none-eabi-gcc/4.8.3-2014q1/bin/../lib/gcc/arm-none-eabi/4.8.3/../../../../arm-none-eabi/lib/armv7-m\libg.a(lib_a-findfp.o)
                0x00087864                __sinit
 .text.__sfp_lock_acquire
                0x00087958        0x4 c:/users/dario/appdata/local/arduino15/packages/arduino/tools/arm-none-eabi-gcc/4.8.3-2014q1/bin/../lib/gcc/arm-none-eabi/4.8.3/../../../../arm-none-eabi/lib/armv7-m\libg.a(lib_a-findfp.o)
                0x00087958                __sfp_lock_acquire
 .text.__sfp_lock_release
                0x0008795c        0x4 c:/users/dario/appdata/local/arduino15/packages/arduino/tools/arm-none-eabi-gcc/4.8.3-2014q1/bin/../lib/gcc/arm-none-eabi/4.8.3/../../../../arm-none-eabi/lib/armv7-m\libg.a(lib_a-findfp.o)
                0x0008795c                __sfp_lock_release
 .text.__libc_fini_array
                0x00087960       0x30 c:/users/dario/appdata/local/arduino15/packages/arduino/tools/arm-none-eabi-gcc/4.8.3-2014q1/bin/../lib/gcc/arm-none-eabi/4.8.3/../../../../arm-none-eabi/lib/armv7-m\libg.a(lib_a-fini.o)
                0x00087960                __libc_fini_array
 .text._fputwc_r
                0x00087990       0xc0 c:/users/dario/appdata/local/arduino15/packages/arduino/tools/arm-none-eabi-gcc/4.8.3-2014q1/bin/../lib/gcc/arm-none-eabi/4.8.3/../../../../arm-none-eabi/lib/armv7-m\libg.a(lib_a-fputwc.o)
                0x00087990                _fputwc_r
 .text._malloc_trim_r
                0x00087a50       0x9c c:/users/dario/appdata/local/arduino15/packages/arduino/tools/arm-none-eabi-gcc/4.8.3-2014q1/bin/../lib/gcc/arm-none-eabi/4.8.3/../../../../arm-none-eabi/lib/armv7-m\libg.a(lib_a-freer.o)
                0x00087a50                _malloc_trim_r
 .text._free_r  0x00087aec      0x198 c:/users/dario/appdata/local/arduino15/packages/arduino/tools/arm-none-eabi-gcc/4.8.3-2014q1/bin/../lib/gcc/arm-none-eabi/4.8.3/../../../../arm-none-eabi/lib/armv7-m\libg.a(lib_a-freer.o)
                0x00087aec                _free_r
 .text.__sfvwrite_r
                0x00087c84      0x314 c:/users/dario/appdata/local/arduino15/packages/arduino/tools/arm-none-eabi-gcc/4.8.3-2014q1/bin/../lib/gcc/arm-none-eabi/4.8.3/../../../../arm-none-eabi/lib/armv7-m\libg.a(lib_a-fvwrite.o)
                0x00087c84                __sfvwrite_r
 .text._fwalk   0x00087f98       0x48 c:/users/dario/appdata/local/arduino15/packages/arduino/tools/arm-none-eabi-gcc/4.8.3-2014q1/bin/../lib/gcc/arm-none-eabi/4.8.3/../../../../arm-none-eabi/lib/armv7-m\libg.a(lib_a-fwalk.o)
                0x00087f98                _fwalk
 .text.__locale_charset
                0x00087fe0        0x8 c:/users/dario/appdata/local/arduino15/packages/arduino/tools/arm-none-eabi-gcc/4.8.3-2014q1/bin/../lib/gcc/arm-none-eabi/4.8.3/../../../../arm-none-eabi/lib/armv7-m\libg.a(lib_a-locale.o)
                0x00087fe0                __locale_charset
 .text.__locale_mb_cur_max
                0x00087fe8        0xc c:/users/dario/appdata/local/arduino15/packages/arduino/tools/arm-none-eabi-gcc/4.8.3-2014q1/bin/../lib/gcc/arm-none-eabi/4.8.3/../../../../arm-none-eabi/lib/armv7-m\libg.a(lib_a-locale.o)
                0x00087fe8                __locale_mb_cur_max
 .text.__smakebuf_r
                0x00087ff4       0xe0 c:/users/dario/appdata/local/arduino15/packages/arduino/tools/arm-none-eabi-gcc/4.8.3-2014q1/bin/../lib/gcc/arm-none-eabi/4.8.3/../../../../arm-none-eabi/lib/armv7-m\libg.a(lib_a-makebuf.o)
                0x00087ff4                __smakebuf_r
 .text.memchr   0x000880d4       0x94 c:/users/dario/appdata/local/arduino15/packages/arduino/tools/arm-none-eabi-gcc/4.8.3-2014q1/bin/../lib/gcc/arm-none-eabi/4.8.3/../../../../arm-none-eabi/lib/armv7-m\libg.a(lib_a-memchr-stub.o)
                0x000880d4                memchr
 .text._kill_r  0x00088168       0x28 c:/users/dario/appdata/local/arduino15/packages/arduino/tools/arm-none-eabi-gcc/4.8.3-2014q1/bin/../lib/gcc/arm-none-eabi/4.8.3/../../../../arm-none-eabi/lib/armv7-m\libg.a(lib_a-signalr.o)
                0x00088168                _kill_r
 .text.__sread  0x00088190       0x24 c:/users/dario/appdata/local/arduino15/packages/arduino/tools/arm-none-eabi-gcc/4.8.3-2014q1/bin/../lib/gcc/arm-none-eabi/4.8.3/../../../../arm-none-eabi/lib/armv7-m\libg.a(lib_a-stdio.o)
                0x00088190                __sread
 .text.__swrite
                0x000881b4       0x38 c:/users/dario/appdata/local/arduino15/packages/arduino/tools/arm-none-eabi-gcc/4.8.3-2014q1/bin/../lib/gcc/arm-none-eabi/4.8.3/../../../../arm-none-eabi/lib/armv7-m\libg.a(lib_a-stdio.o)
                0x000881b4                __swrite
 .text.__sseek  0x000881ec       0x20 c:/users/dario/appdata/local/arduino15/packages/arduino/tools/arm-none-eabi-gcc/4.8.3-2014q1/bin/../lib/gcc/arm-none-eabi/4.8.3/../../../../arm-none-eabi/lib/armv7-m\libg.a(lib_a-stdio.o)
                0x000881ec                __sseek
 .text.__sclose
                0x0008820c        0x8 c:/users/dario/appdata/local/arduino15/packages/arduino/tools/arm-none-eabi-gcc/4.8.3-2014q1/bin/../lib/gcc/arm-none-eabi/4.8.3/../../../../arm-none-eabi/lib/armv7-m\libg.a(lib_a-stdio.o)
                0x0008820c                __sclose
 .text.__swbuf_r
                0x00088214       0xa8 c:/users/dario/appdata/local/arduino15/packages/arduino/tools/arm-none-eabi-gcc/4.8.3-2014q1/bin/../lib/gcc/arm-none-eabi/4.8.3/../../../../arm-none-eabi/lib/armv7-m\libg.a(lib_a-wbuf.o)
                0x00088214                __swbuf_r
 .text._wcrtomb_r
                0x000882bc       0x50 c:/users/dario/appdata/local/arduino15/packages/arduino/tools/arm-none-eabi-gcc/4.8.3-2014q1/bin/../lib/gcc/arm-none-eabi/4.8.3/../../../../arm-none-eabi/lib/armv7-m\libg.a(lib_a-wcrtomb.o)
                0x000882bc                _wcrtomb_r
 .text.__ascii_wctomb
                0x0008830c       0x1c c:/users/dario/appdata/local/arduino15/packages/arduino/tools/arm-none-eabi-gcc/4.8.3-2014q1/bin/../lib/gcc/arm-none-eabi/4.8.3/../../../../arm-none-eabi/lib/armv7-m\libg.a(lib_a-wctomb_r.o)
                0x0008830c                __ascii_wctomb
 .text._write_r
                0x00088328       0x28 c:/users/dario/appdata/local/arduino15/packages/arduino/tools/arm-none-eabi-gcc/4.8.3-2014q1/bin/../lib/gcc/arm-none-eabi/4.8.3/../../../../arm-none-eabi/lib/armv7-m\libg.a(lib_a-writer.o)
                0x00088328                _write_r
 .text.__register_exitproc
                0x00088350       0xa8 c:/users/dario/appdata/local/arduino15/packages/arduino/tools/arm-none-eabi-gcc/4.8.3-2014q1/bin/../lib/gcc/arm-none-eabi/4.8.3/../../../../arm-none-eabi/lib/armv7-m\libg.a(lib_a-__atexit.o)
                0x00088350                __register_exitproc
 .text._close_r
                0x000883f8       0x24 c:/users/dario/appdata/local/arduino15/packages/arduino/tools/arm-none-eabi-gcc/4.8.3-2014q1/bin/../lib/gcc/arm-none-eabi/4.8.3/../../../../arm-none-eabi/lib/armv7-m\libg.a(lib_a-closer.o)
                0x000883f8                _close_r
 .text._fclose_r
                0x0008841c       0x80 c:/users/dario/appdata/local/arduino15/packages/arduino/tools/arm-none-eabi-gcc/4.8.3-2014q1/bin/../lib/gcc/arm-none-eabi/4.8.3/../../../../arm-none-eabi/lib/armv7-m\libg.a(lib_a-fclose.o)
                0x0008841c                _fclose_r
 .text.fclose   0x0008849c       0x10 c:/users/dario/appdata/local/arduino15/packages/arduino/tools/arm-none-eabi-gcc/4.8.3-2014q1/bin/../lib/gcc/arm-none-eabi/4.8.3/../../../../arm-none-eabi/lib/armv7-m\libg.a(lib_a-fclose.o)
                0x0008849c                fclose
 .text._fstat_r
                0x000884ac       0x28 c:/users/dario/appdata/local/arduino15/packages/arduino/tools/arm-none-eabi-gcc/4.8.3-2014q1/bin/../lib/gcc/arm-none-eabi/4.8.3/../../../../arm-none-eabi/lib/armv7-m\libg.a(lib_a-fstatr.o)
                0x000884ac                _fstat_r
 .text._isatty_r
                0x000884d4       0x24 c:/users/dario/appdata/local/arduino15/packages/arduino/tools/arm-none-eabi-gcc/4.8.3-2014q1/bin/../lib/gcc/arm-none-eabi/4.8.3/../../../../arm-none-eabi/lib/armv7-m\libg.a(lib_a-isattyr.o)
                0x000884d4                _isatty_r
 .text._lseek_r
                0x000884f8       0x28 c:/users/dario/appdata/local/arduino15/packages/arduino/tools/arm-none-eabi-gcc/4.8.3-2014q1/bin/../lib/gcc/arm-none-eabi/4.8.3/../../../../arm-none-eabi/lib/armv7-m\libg.a(lib_a-lseekr.o)
                0x000884f8                _lseek_r
 .text._read_r  0x00088520       0x28 c:/users/dario/appdata/local/arduino15/packages/arduino/tools/arm-none-eabi-gcc/4.8.3-2014q1/bin/../lib/gcc/arm-none-eabi/4.8.3/../../../../arm-none-eabi/lib/armv7-m\libg.a(lib_a-readr.o)
                0x00088520                _read_r
 .text          0x00088548       0x2c c:/users/dario/appdata/local/arduino15/packages/arduino/tools/arm-none-eabi-gcc/4.8.3-2014q1/bin/../lib/gcc/arm-none-eabi/4.8.3/armv7-m\libgcc.a(_aeabi_uldivmod.o)
                0x00088548                __aeabi_uldivmod
 .text          0x00088574       0x60 c:/users/dario/appdata/local/arduino15/packages/arduino/tools/arm-none-eabi-gcc/4.8.3-2014q1/bin/../lib/gcc/arm-none-eabi/4.8.3/armv7-m\libgcc.a(bpabi.o)
                0x00088574                __gnu_ldivmod_helper
                0x000885a4                __gnu_uldivmod_helper
 .text          0x000885d4        0x4 c:/users/dario/appdata/local/arduino15/packages/arduino/tools/arm-none-eabi-gcc/4.8.3-2014q1/bin/../lib/gcc/arm-none-eabi/4.8.3/armv7-m\libgcc.a(_dvmd_tls.o)
                0x000885d4                __aeabi_idiv0
                0x000885d4                __aeabi_ldiv0
 .text          0x000885d8      0x2a0 c:/users/dario/appdata/local/arduino15/packages/arduino/tools/arm-none-eabi-gcc/4.8.3-2014q1/bin/../lib/gcc/arm-none-eabi/4.8.3/armv7-m\libgcc.a(_divdi3.o)
                0x000885d8                __divdi3
 .text          0x00088878      0x290 c:/users/dario/appdata/local/arduino15/packages/arduino/tools/arm-none-eabi-gcc/4.8.3-2014q1/bin/../lib/gcc/arm-none-eabi/4.8.3/armv7-m\libgcc.a(_udivdi3.o)
                0x00088878                __udivdi3
 *(.glue_7t)
 .glue_7t       0x00000000        0x0 linker stubs
 *(.glue_7)
 .glue_7        0x00000000        0x0 linker stubs
 *(.rodata .rodata* .gnu.linkonce.r.*)
 .rodata.str1.1
                0x00088b08      0x1af C:\Users\dario\AppData\Local\Temp\arduino_build_280568\sketch\knobby3_0.ino.cpp.o
                                0x1b4 (size before relaxing)
 *fill*         0x00088cb7        0x1 
 .rodata.g_APinDescription
                0x00088cb8      0xa2c C:\Users\dario\AppData\Local\Temp\arduino_build_280568\core\variant.cpp.o
                0x00088cb8                g_APinDescription
 .rodata        0x000896e4       0x40 C:\Users\dario\AppData\Local\Arduino15\packages\arduino\hardware\sam\1.6.11\variants\arduino_due_x/libsam_sam3x8e_gcc_rel.a(adc.o)
 .rodata.str1.1
                0x00089724       0x19 C:\Users\dario\AppData\Local\Temp\arduino_build_280568/..\arduino_cache_963278\core\core_arduino_sam_arduino_due_x_dbg_d44643eca22bf91b787e208745d157cb.a(syscalls_sam3.c.o)
 *fill*         0x0008973d        0x3 
 .rodata._ZTV9UARTClass
                0x00089740       0x30 C:\Users\dario\AppData\Local\Temp\arduino_build_280568/..\arduino_cache_963278\core\core_arduino_sam_arduino_due_x_dbg_d44643eca22bf91b787e208745d157cb.a(UARTClass.cpp.o)
                0x00089740                vtable for UARTClass
 .rodata._ZTV10USARTClass
                0x00089770       0x30 C:\Users\dario\AppData\Local\Temp\arduino_build_280568/..\arduino_cache_963278\core\core_arduino_sam_arduino_due_x_dbg_d44643eca22bf91b787e208745d157cb.a(USARTClass.cpp.o)
                0x00089770                vtable for USARTClass
 .rodata.STRING_PRODUCT
                0x000897a0        0xc C:\Users\dario\AppData\Local\Temp\arduino_build_280568/..\arduino_cache_963278\core\core_arduino_sam_arduino_due_x_dbg_d44643eca22bf91b787e208745d157cb.a(USBCore.cpp.o)
                0x000897a0                STRING_PRODUCT
 .rodata.USB_DeviceDescriptor
                0x000897ac       0x12 C:\Users\dario\AppData\Local\Temp\arduino_build_280568/..\arduino_cache_963278\core\core_arduino_sam_arduino_due_x_dbg_d44643eca22bf91b787e208745d157cb.a(USBCore.cpp.o)
                0x000897ac                USB_DeviceDescriptor
 .rodata.STRING_LANGUAGE
                0x000897be        0x4 C:\Users\dario\AppData\Local\Temp\arduino_build_280568/..\arduino_cache_963278\core\core_arduino_sam_arduino_due_x_dbg_d44643eca22bf91b787e208745d157cb.a(USBCore.cpp.o)
                0x000897be                STRING_LANGUAGE
 .rodata._ZL18test_packet_buffer
                0x000897c2       0x35 C:\Users\dario\AppData\Local\Temp\arduino_build_280568/..\arduino_cache_963278\core\core_arduino_sam_arduino_due_x_dbg_d44643eca22bf91b787e208745d157cb.a(USBCore.cpp.o)
 .rodata.STRING_MANUFACTURER
                0x000897f7        0xc C:\Users\dario\AppData\Local\Temp\arduino_build_280568/..\arduino_cache_963278\core\core_arduino_sam_arduino_due_x_dbg_d44643eca22bf91b787e208745d157cb.a(USBCore.cpp.o)
                0x000897f7                STRING_MANUFACTURER
 .rodata.USB_DeviceDescriptorA
                0x00089803       0x12 C:\Users\dario\AppData\Local\Temp\arduino_build_280568/..\arduino_cache_963278\core\core_arduino_sam_arduino_due_x_dbg_d44643eca22bf91b787e208745d157cb.a(USBCore.cpp.o)
                0x00089803                USB_DeviceDescriptorA
 .rodata._ZL19USB_DeviceQualifier
                0x00089815        0x9 C:\Users\dario\AppData\Local\Temp\arduino_build_280568/..\arduino_cache_963278\core\core_arduino_sam_arduino_due_x_dbg_d44643eca22bf91b787e208745d157cb.a(USBCore.cpp.o)
 *fill*         0x0008981e        0x2 
 .rodata._ZTV7Serial_
                0x00089820       0x28 C:\Users\dario\AppData\Local\Temp\arduino_build_280568/..\arduino_cache_963278\core\core_arduino_sam_arduino_due_x_dbg_d44643eca22bf91b787e208745d157cb.a(CDC.cpp.o)
                0x00089820                vtable for Serial_
 .rodata._ZL18_cdcOtherInterface
                0x00089848       0x42 C:\Users\dario\AppData\Local\Temp\arduino_build_280568/..\arduino_cache_963278\core\core_arduino_sam_arduino_due_x_dbg_d44643eca22bf91b787e208745d157cb.a(CDC.cpp.o)
 .rodata._ZL13_cdcInterface
                0x0008988a       0x42 C:\Users\dario\AppData\Local\Temp\arduino_build_280568/..\arduino_cache_963278\core\core_arduino_sam_arduino_due_x_dbg_d44643eca22bf91b787e208745d157cb.a(CDC.cpp.o)
 .rodata.npio2_hw
                0x000898cc       0x80 c:/users/dario/appdata/local/arduino15/packages/arduino/tools/arm-none-eabi-gcc/4.8.3-2014q1/bin/../lib/gcc/arm-none-eabi/4.8.3/../../../../arm-none-eabi/lib/armv7-m\libm.a(lib_a-e_rem_pio2.o)
 .rodata.two_over_pi
                0x0008994c      0x108 c:/users/dario/appdata/local/arduino15/packages/arduino/tools/arm-none-eabi-gcc/4.8.3-2014q1/bin/../lib/gcc/arm-none-eabi/4.8.3/../../../../arm-none-eabi/lib/armv7-m\libm.a(lib_a-e_rem_pio2.o)
 .rodata.init_jk
                0x00089a54       0x10 c:/users/dario/appdata/local/arduino15/packages/arduino/tools/arm-none-eabi-gcc/4.8.3-2014q1/bin/../lib/gcc/arm-none-eabi/4.8.3/../../../../arm-none-eabi/lib/armv7-m\libm.a(lib_a-k_rem_pio2.o)
 *fill*         0x00089a64        0x4 
 .rodata.PIo2   0x00089a68       0x40 c:/users/dario/appdata/local/arduino15/packages/arduino/tools/arm-none-eabi-gcc/4.8.3-2014q1/bin/../lib/gcc/arm-none-eabi/4.8.3/../../../../arm-none-eabi/lib/armv7-m\libm.a(lib_a-k_rem_pio2.o)
 .rodata.str1.4
                0x00089aa8        0x2 c:/users/dario/appdata/local/arduino15/packages/arduino/tools/arm-none-eabi-gcc/4.8.3-2014q1/bin/../lib/gcc/arm-none-eabi/4.8.3/../../../../arm-none-eabi/lib/armv7-m\libg.a(lib_a-impure.o)
                                  0x4 (size before relaxing)
 *fill*         0x00089aaa        0x2 
 .rodata._global_impure_ptr