Archive member included because of file (symbol)

C:\Users\dario\AppData\Local\Arduino15\packages\arduino\hardware\sam\1.6.11\variants\arduino_due_x/libsam_sam3x8e_gcc_rel.a(pio.o)
                              C:\Users\dario\AppData\Local\Temp\arduino_build_859747\core\variant.cpp.o (PIO_Configure)
C:\Users\dario\AppData\Local\Arduino15\packages\arduino\hardware\sam\1.6.11\variants\arduino_due_x/libsam_sam3x8e_gcc_rel.a(pmc.o)
                              C:\Users\dario\AppData\Local\Temp\arduino_build_859747\core\variant.cpp.o (pmc_enable_periph_clk)
C:\Users\dario\AppData\Local\Arduino15\packages\arduino\hardware\sam\1.6.11\variants\arduino_due_x/libsam_sam3x8e_gcc_rel.a(system_sam3xa.o)
                              C:\Users\dario\AppData\Local\Temp\arduino_build_859747\core\variant.cpp.o (SystemInit)
C:\Users\dario\AppData\Local\Arduino15\packages\arduino\hardware\sam\1.6.11\variants\arduino_due_x/libsam_sam3x8e_gcc_rel.a(startup_sam3xa.o)
                              (Reset_Handler)
C:\Users\dario\AppData\Local\Arduino15\packages\arduino\hardware\sam\1.6.11\variants\arduino_due_x/libsam_sam3x8e_gcc_rel.a(adc.o)
                              C:\Users\dario\AppData\Local\Temp\arduino_build_859747\core\variant.cpp.o (adc_init)
C:\Users\dario\AppData\Local\Arduino15\packages\arduino\hardware\sam\1.6.11\variants\arduino_due_x/libsam_sam3x8e_gcc_rel.a(uotghs.o)
                              C:\Users\dario\AppData\Local\Arduino15\packages\arduino\hardware\sam\1.6.11\variants\arduino_due_x/libsam_sam3x8e_gcc_rel.a(startup_sam3xa.o) (UOTGHS_Handler)
C:\Users\dario\AppData\Local\Temp\arduino_build_859747/..\arduino_cache_797097\core\core_arduino_sam_arduino_due_x_dbg_d44643eca22bf91b787e208745d157cb.a(WInterrupts.c.o)
                              C:\Users\dario\AppData\Local\Temp\arduino_build_859747\sketch\knobby2_1.ino.cpp.o (attachInterrupt)
C:\Users\dario\AppData\Local\Temp\arduino_build_859747/..\arduino_cache_797097\core\core_arduino_sam_arduino_due_x_dbg_d44643eca22bf91b787e208745d157cb.a(cortex_handlers.c.o)
                              C:\Users\dario\AppData\Local\Arduino15\packages\arduino\hardware\sam\1.6.11\variants\arduino_due_x/libsam_sam3x8e_gcc_rel.a(startup_sam3xa.o) (NMI_Handler)
C:\Users\dario\AppData\Local\Temp\arduino_build_859747/..\arduino_cache_797097\core\core_arduino_sam_arduino_due_x_dbg_d44643eca22bf91b787e208745d157cb.a(hooks.c.o)
                              C:\Users\dario\AppData\Local\Temp\arduino_build_859747/..\arduino_cache_797097\core\core_arduino_sam_arduino_due_x_dbg_d44643eca22bf91b787e208745d157cb.a(cortex_handlers.c.o) (sysTickHook)
C:\Users\dario\AppData\Local\Temp\arduino_build_859747/..\arduino_cache_797097\core\core_arduino_sam_arduino_due_x_dbg_d44643eca22bf91b787e208745d157cb.a(syscalls_sam3.c.o)
                              (_sbrk)
C:\Users\dario\AppData\Local\Temp\arduino_build_859747/..\arduino_cache_797097\core\core_arduino_sam_arduino_due_x_dbg_d44643eca22bf91b787e208745d157cb.a(wiring.c.o)
                              C:\Users\dario\AppData\Local\Temp\arduino_build_859747\sketch\knobby2_1.ino.cpp.o (delay)
C:\Users\dario\AppData\Local\Temp\arduino_build_859747/..\arduino_cache_797097\core\core_arduino_sam_arduino_due_x_dbg_d44643eca22bf91b787e208745d157cb.a(wiring_analog.c.o)
                              C:\Users\dario\AppData\Local\Temp\arduino_build_859747\core\variant.cpp.o (analogOutputInit)
C:\Users\dario\AppData\Local\Temp\arduino_build_859747/..\arduino_cache_797097\core\core_arduino_sam_arduino_due_x_dbg_d44643eca22bf91b787e208745d157cb.a(wiring_digital.c.o)
                              C:\Users\dario\AppData\Local\Temp\arduino_build_859747\sketch\knobby2_1.ino.cpp.o (pinMode)
C:\Users\dario\AppData\Local\Temp\arduino_build_859747/..\arduino_cache_797097\core\core_arduino_sam_arduino_due_x_dbg_d44643eca22bf91b787e208745d157cb.a(Print.cpp.o)
                              C:\Users\dario\AppData\Local\Temp\arduino_build_859747\sketch\knobby2_1.ino.cpp.o (Print::print(char const*))
C:\Users\dario\AppData\Local\Temp\arduino_build_859747/..\arduino_cache_797097\core\core_arduino_sam_arduino_due_x_dbg_d44643eca22bf91b787e208745d157cb.a(Reset.cpp.o)
                              C:\Users\dario\AppData\Local\Temp\arduino_build_859747/..\arduino_cache_797097\core\core_arduino_sam_arduino_due_x_dbg_d44643eca22bf91b787e208745d157cb.a(cortex_handlers.c.o) (tickReset)
C:\Users\dario\AppData\Local\Temp\arduino_build_859747/..\arduino_cache_797097\core\core_arduino_sam_arduino_due_x_dbg_d44643eca22bf91b787e208745d157cb.a(RingBuffer.cpp.o)
                              C:\Users\dario\AppData\Local\Temp\arduino_build_859747\core\variant.cpp.o (RingBuffer::RingBuffer())
C:\Users\dario\AppData\Local\Temp\arduino_build_859747/..\arduino_cache_797097\core\core_arduino_sam_arduino_due_x_dbg_d44643eca22bf91b787e208745d157cb.a(Stream.cpp.o)
[...]
Memory Configuration

Name             Origin             Length             Attributes
rom              0x00080000         0x00080000         xr
sram0            0x20000000         0x00010000         xrw
sram1            0x20080000         0x00008000         xrw
ram              0x20070000         0x00018000         xrw
*default*        0x00000000         0xffffffff

Linker script and memory map

LOAD c:/users/dario/appdata/local/arduino15/packages/arduino/tools/arm-none-eabi-gcc/4.8.3-2014q1/bin/../lib/gcc/arm-none-eabi/4.8.3/armv7-m/crti.o
LOAD c:/users/dario/appdata/local/arduino15/packages/arduino/tools/arm-none-eabi-gcc/4.8.3-2014q1/bin/../lib/gcc/arm-none-eabi/4.8.3/armv7-m/crtbegin.o
LOAD c:/users/dario/appdata/local/arduino15/packages/arduino/tools/arm-none-eabi-gcc/4.8.3-2014q1/bin/../lib/gcc/arm-none-eabi/4.8.3/../../../../arm-none-eabi/lib/armv7-m/crt0.o
START GROUP
LOAD C:\Users\dario\AppData\Local\Temp\arduino_build_859747\sketch\knobby2_1.ino.cpp.o
LOAD C:\Users\dario\AppData\Local\Temp\arduino_build_859747\libraries\Encoder\Encoder.cpp.o
LOAD C:\Users\dario\AppData\Local\Temp\arduino_build_859747\core\variant.cpp.o
LOAD C:\Users\dario\AppData\Local\Arduino15\packages\arduino\hardware\sam\1.6.11\variants\arduino_due_x/libsam_sam3x8e_gcc_rel.a
LOAD C:\Users\dario\AppData\Local\Temp\arduino_build_859747/..\arduino_cache_797097\core\core_arduino_sam_arduino_due_x_dbg_d44643eca22bf91b787e208745d157cb.a
END GROUP
LOAD c:/users/dario/appdata/local/arduino15/packages/arduino/tools/arm-none-eabi-gcc/4.8.3-2014q1/bin/../lib/gcc/arm-none-eabi/4.8.3/../../../../arm-none-eabi/lib/armv7-m\libm.a
START GROUP
LOAD c:/users/dario/appdata/local/arduino15/packages/arduino/tools/arm-none-eabi-gcc/4.8.3-2014q1/bin/../lib/gcc/arm-none-eabi/4.8.3/armv7-m\libgcc.a
LOAD c:/users/dario/appdata/local/arduino15/packages/arduino/tools/arm-none-eabi-gcc/4.8.3-2014q1/bin/../lib/gcc/arm-none-eabi/4.8.3/../../../../arm-none-eabi/lib/armv7-m\libg.a
LOAD c:/users/dario/appdata/local/arduino15/packages/arduino/tools/arm-none-eabi-gcc/4.8.3-2014q1/bin/../lib/gcc/arm-none-eabi/4.8.3/../../../../arm-none-eabi/lib/armv7-m\libc.a
END GROUP
LOAD c:/users/dario/appdata/local/arduino15/packages/arduino/tools/arm-none-eabi-gcc/4.8.3-2014q1/bin/../lib/gcc/arm-none-eabi/4.8.3/armv7-m/crtend.o
LOAD c:/users/dario/appdata/local/arduino15/packages/arduino/tools/arm-none-eabi-gcc/4.8.3-2014q1/bin/../lib/gcc/arm-none-eabi/4.8.3/armv7-m/crtn.o

.text           0x00080000     0x9684
                0x00080000                . = ALIGN (0x4)
                0x00080000                _sfixed = .
 *(.vectors .vectors.*)
 .vectors       0x00080000       0xf4 C:\Users\dario\AppData\Local\Arduino15\packages\arduino\hardware\sam\1.6.11\variants\arduino_due_x/libsam_sam3x8e_gcc_rel.a(startup_sam3xa.o)
                0x00080000                exception_table
 *(.text .text.* .gnu.linkonce.t.*)
 .text          0x000800f4       0x54 c:/users/dario/appdata/local/arduino15/packages/arduino/tools/arm-none-eabi-gcc/4.8.3-2014q1/bin/../lib/gcc/arm-none-eabi/4.8.3/armv7-m/crtbegin.o
 .text._ZN5Print5writeEPKc
                0x00080148       0x1e C:\Users\dario\AppData\Local\Temp\arduino_build_859747\sketch\knobby2_1.ino.cpp.o
                0x00080148                Print::write(char const*)
 .text._ZN5Print5writeEPKcj
                0x00080166        0xa C:\Users\dario\AppData\Local\Temp\arduino_build_859747\sketch\knobby2_1.ino.cpp.o
                0x00080166                Print::write(char const*, unsigned int)
 .text._ZN7Encoder6updateEP24Encoder_internal_state_t
                0x00080170       0x5c C:\Users\dario\AppData\Local\Temp\arduino_build_859747\sketch\knobby2_1.ino.cpp.o
                0x00080170                Encoder::update(Encoder_internal_state_t*)
 .text._ZN7Encoder4readEv
                0x000801cc       0x1a C:\Users\dario\AppData\Local\Temp\arduino_build_859747\sketch\knobby2_1.ino.cpp.o
                0x000801cc                Encoder::read()
 *fill*         0x000801e6        0x2 
 .text._Z10IRQcounterv
                0x000801e8      0x200 C:\Users\dario\AppData\Local\Temp\arduino_build_859747\sketch\knobby2_1.ino.cpp.o
                0x000801e8                IRQcounter()
 .text._ZN7Encoder5isr53Ev
                0x000803e8       0x14 C:\Users\dario\AppData\Local\Temp\arduino_build_859747\sketch\knobby2_1.ino.cpp.o
                0x000803e8                Encoder::isr53()
 .text._ZN7Encoder5isr52Ev
                0x000803fc       0x14 C:\Users\dario\AppData\Local\Temp\arduino_build_859747\sketch\knobby2_1.ino.cpp.o
                0x000803fc                Encoder::isr52()
 .text._ZN7Encoder5isr51Ev
                0x00080410       0x14 C:\Users\dario\AppData\Local\Temp\arduino_build_859747\sketch\knobby2_1.ino.cpp.o
                0x00080410                Encoder::isr51()
 .text._ZN7Encoder5isr50Ev
                0x00080424       0x14 C:\Users\dario\AppData\Local\Temp\arduino_build_859747\sketch\knobby2_1.ino.cpp.o
                0x00080424                Encoder::isr50()
 .text._ZN7Encoder5isr49Ev
                0x00080438       0x14 C:\Users\dario\AppData\Local\Temp\arduino_build_859747\sketch\knobby2_1.ino.cpp.o
                0x00080438                Encoder::isr49()
 .text._ZN7Encoder5isr48Ev
                0x0008044c       0x14 C:\Users\dario\AppData\Local\Temp\arduino_build_859747\sketch\knobby2_1.ino.cpp.o
                0x0008044c                Encoder::isr48()
 .text._ZN7Encoder5isr47Ev
                0x00080460       0x14 C:\Users\dario\AppData\Local\Temp\arduino_build_859747\sketch\knobby2_1.ino.cpp.o
                0x00080460                Encoder::isr47()
 .text._ZN7Encoder5isr46Ev
                0x00080474       0x14 C:\Users\dario\AppData\Local\Temp\arduino_build_859747\sketch\knobby2_1.ino.cpp.o
                0x00080474                Encoder::isr46()
 .text._ZN7Encoder5isr45Ev
                0x00080488       0x14 C:\Users\dario\AppData\Local\Temp\arduino_build_859747\sketch\knobby2_1.ino.cpp.o
                0x00080488                Encoder::isr45()
 .text._ZN7Encoder5isr44Ev
                0x0008049c       0x14 C:\Users\dario\AppData\Local\Temp\arduino_build_859747\sketch\knobby2_1.ino.cpp.o
                0x0008049c                Encoder::isr44()
 .text._ZN7Encoder5isr43Ev
                0x000804b0       0x14 C:\Users\dario\AppData\Local\Temp\arduino_build_859747\sketch\knobby2_1.ino.cpp.o
                0x000804b0                Encoder::isr43()
 .text._ZN7Encoder5isr42Ev
                0x000804c4       0x14 C:\Users\dario\AppData\Local\Temp\arduino_build_859747\sketch\knobby2_1.ino.cpp.o
                0x000804c4                Encoder::isr42()
 .text._ZN7Encoder5isr41Ev
                0x000804d8       0x14 C:\Users\dario\AppData\Local\Temp\arduino_build_859747\sketch\knobby2_1.ino.cpp.o
                0x000804d8                Encoder::isr41()
 .text._ZN7Encoder5isr40Ev
                0x000804ec       0x14 C:\Users\dario\AppData\Local\Temp\arduino_build_859747\sketch\knobby2_1.ino.cpp.o
                0x000804ec                Encoder::isr40()
 .text._ZN7Encoder5isr39Ev
                0x00080500       0x14 C:\Users\dario\AppData\Local\Temp\arduino_build_859747\sketch\knobby2_1.ino.cpp.o
                0x00080500                Encoder::isr39()
 .text._ZN7Encoder5isr38Ev
                0x00080514       0x14 C:\Users\dario\AppData\Local\Temp\arduino_build_859747\sketch\knobby2_1.ino.cpp.o
                0x00080514                Encoder::isr38()
 .text._ZN7Encoder5isr37Ev
                0x00080528       0x14 C:\Users\dario\AppData\Local\Temp\arduino_build_859747\sketch\knobby2_1.ino.cpp.o
                0x00080528                Encoder::isr37()
 .text._ZN7Encoder5isr36Ev
                0x0008053c       0x14 C:\Users\dario\AppData\Local\Temp\arduino_build_859747\sketch\knobby2_1.ino.cpp.o
                0x0008053c                Encoder::isr36()
 .text._ZN7Encoder5isr35Ev
                0x00080550       0x14 C:\Users\dario\AppData\Local\Temp\arduino_build_859747\sketch\knobby2_1.ino.cpp.o
                0x00080550                Encoder::isr35()
 .text._ZN7Encoder5isr34Ev
                0x00080564       0x14 C:\Users\dario\AppData\Local\Temp\arduino_build_859747\sketch\knobby2_1.ino.cpp.o
                0x00080564                Encoder::isr34()
 .text._ZN7Encoder5isr33Ev
                0x00080578       0x14 C:\Users\dario\AppData\Local\Temp\arduino_build_859747\sketch\knobby2_1.ino.cpp.o
                0x00080578                Encoder::isr33()
 .text._ZN7Encoder5isr32Ev
                0x0008058c       0x14 C:\Users\dario\AppData\Local\Temp\arduino_build_859747\sketch\knobby2_1.ino.cpp.o
                0x0008058c                Encoder::isr32()
 .text._ZN7Encoder5isr31Ev
                0x000805a0       0x10 C:\Users\dario\AppData\Local\Temp\arduino_build_859747\sketch\knobby2_1.ino.cpp.o
                0x000805a0                Encoder::isr31()
 .text._ZN7Encoder5isr30Ev
                0x000805b0       0x10 C:\Users\dario\AppData\Local\Temp\arduino_build_859747\sketch\knobby2_1.ino.cpp.o
                0x000805b0                Encoder::isr30()
 .text._ZN7Encoder5isr29Ev
                0x000805c0       0x10 C:\Users\dario\AppData\Local\Temp\arduino_build_859747\sketch\knobby2_1.ino.cpp.o
                0x000805c0                Encoder::isr29()
 .text._ZN7Encoder5isr28Ev
                0x000805d0       0x10 C:\Users\dario\AppData\Local\Temp\arduino_build_859747\sketch\knobby2_1.ino.cpp.o
                0x000805d0                Encoder::isr28()
 .text._ZN7Encoder5isr27Ev
                0x000805e0       0x10 C:\Users\dario\AppData\Local\Temp\arduino_build_859747\sketch\knobby2_1.ino.cpp.o
                0x000805e0                Encoder::isr27()
 .text._ZN7Encoder5isr26Ev
                0x000805f0       0x10 C:\Users\dario\AppData\Local\Temp\arduino_build_859747\sketch\knobby2_1.ino.cpp.o
                0x000805f0                Encoder::isr26()
 .text._ZN7Encoder5isr25Ev
                0x00080600       0x10 C:\Users\dario\AppData\Local\Temp\arduino_build_859747\sketch\knobby2_1.ino.cpp.o
                0x00080600                Encoder::isr25()
 .text._ZN7Encoder5isr24Ev
                0x00080610       0x10 C:\Users\dario\AppData\Local\Temp\arduino_build_859747\sketch\knobby2_1.ino.cpp.o
                0x00080610                Encoder::isr24()
 .text._ZN7Encoder5isr23Ev
                0x00080620       0x10 C:\Users\dario\AppData\Local\Temp\arduino_build_859747\sketch\knobby2_1.ino.cpp.o
                0x00080620                Encoder::isr23()
 .text._ZN7Encoder5isr22Ev
                0x00080630       0x10 C:\Users\dario\AppData\Local\Temp\arduino_build_859747\sketch\knobby2_1.ino.cpp.o
                0x00080630                Encoder::isr22()
 .text._ZN7Encoder5isr21Ev
                0x00080640       0x10 C:\Users\dario\AppData\Local\Temp\arduino_build_859747\sketch\knobby2_1.ino.cpp.o
                0x00080640                Encoder::isr21()
 .text._ZN7Encoder5isr20Ev
                0x00080650       0x10 C:\Users\dario\AppData\Local\Temp\arduino_build_859747\sketch\knobby2_1.ino.cpp.o
                0x00080650                Encoder::isr20()
 .text._ZN7Encoder5isr19Ev
                0x00080660       0x10 C:\Users\dario\AppData\Local\Temp\arduino_build_859747\sketch\knobby2_1.ino.cpp.o
                0x00080660                Encoder::isr19()
 .text._ZN7Encoder5isr18Ev
                0x00080670       0x10 C:\Users\dario\AppData\Local\Temp\arduino_build_859747\sketch\knobby2_1.ino.cpp.o
                0x00080670                Encoder::isr18()
 .text._ZN7Encoder5isr17Ev
                0x00080680       0x10 C:\Users\dario\AppData\Local\Temp\arduino_build_859747\sketch\knobby2_1.ino.cpp.o
                0x00080680                Encoder::isr17()
 .text._ZN7Encoder5isr16Ev
                0x00080690       0x10 C:\Users\dario\AppData\Local\Temp\arduino_build_859747\sketch\knobby2_1.ino.cpp.o
                0x00080690                Encoder::isr16()
 .text._ZN7Encoder5isr15Ev
                0x000806a0       0x10 C:\Users\dario\AppData\Local\Temp\arduino_build_859747\sketch\knobby2_1.ino.cpp.o
                0x000806a0                Encoder::isr15()
 .text._ZN7Encoder5isr14Ev
                0x000806b0       0x10 C:\Users\dario\AppData\Local\Temp\arduino_build_859747\sketch\knobby2_1.ino.cpp.o
                0x000806b0                Encoder::isr14()
 .text._ZN7Encoder5isr13Ev
                0x000806c0       0x10 C:\Users\dario\AppData\Local\Temp\arduino_build_859747\sketch\knobby2_1.ino.cpp.o
                0x000806c0                Encoder::isr13()
 .text._ZN7Encoder5isr12Ev
                0x000806d0       0x10 C:\Users\dario\AppData\Local\Temp\arduino_build_859747\sketch\knobby2_1.ino.cpp.o
                0x000806d0                Encoder::isr12()
 .text._ZN7Encoder5isr11Ev
                0x000806e0       0x10 C:\Users\dario\AppData\Local\Temp\arduino_build_859747\sketch\knobby2_1.ino.cpp.o
                0x000806e0                Encoder::isr11()
 .text._ZN7Encoder5isr10Ev
                0x000806f0       0x10 C:\Users\dario\AppData\Local\Temp\arduino_build_859747\sketch\knobby2_1.ino.cpp.o
                0x000806f0                Encoder::isr10()
 .text._ZN7Encoder4isr9Ev
                0x00080700       0x10 C:\Users\dario\AppData\Local\Temp\arduino_build_859747\sketch\knobby2_1.ino.cpp.o
                0x00080700                Encoder::isr9()
 .text._ZN7Encoder4isr8Ev
                0x00080710       0x10 C:\Users\dario\AppData\Local\Temp\arduino_build_859747\sketch\knobby2_1.ino.cpp.o
                0x00080710                Encoder::isr8()
 .text._ZN7Encoder4isr7Ev
                0x00080720       0x10 C:\Users\dario\AppData\Local\Temp\arduino_build_859747\sketch\knobby2_1.ino.cpp.o
                0x00080720                Encoder::isr7()
 .text._ZN7Encoder4isr6Ev
                0x00080730       0x10 C:\Users\dario\AppData\Local\Temp\arduino_build_859747\sketch\knobby2_1.ino.cpp.o
                0x00080730                Encoder::isr6()
 .text._ZN7Encoder4isr5Ev
                0x00080740       0x10 C:\Users\dario\AppData\Local\Temp\arduino_build_859747\sketch\knobby2_1.ino.cpp.o
                0x00080740                Encoder::isr5()
 .text._ZN7Encoder4isr4Ev
                0x00080750       0x10 C:\Users\dario\AppData\Local\Temp\arduino_build_859747\sketch\knobby2_1.ino.cpp.o
                0x00080750                Encoder::isr4()
 .text._ZN7Encoder4isr3Ev
                0x00080760       0x10 C:\Users\dario\AppData\Local\Temp\arduino_build_859747\sketch\knobby2_1.ino.cpp.o
                0x00080760                Encoder::isr3()
 .text._ZN7Encoder4isr2Ev
                0x00080770       0x10 C:\Users\dario\AppData\Local\Temp\arduino_build_859747\sketch\knobby2_1.ino.cpp.o
                0x00080770                Encoder::isr2()
 .text._ZN7Encoder4isr1Ev
                0x00080780       0x10 C:\Users\dario\AppData\Local\Temp\arduino_build_859747\sketch\knobby2_1.ino.cpp.o
                0x00080780                Encoder::isr1()
 .text._ZN7Encoder4isr0Ev
                0x00080790       0x10 C:\Users\dario\AppData\Local\Temp\arduino_build_859747\sketch\knobby2_1.ino.cpp.o
                0x00080790                Encoder::isr0()
 .text._ZN7Encoder16attach_interruptEhP24Encoder_internal_state_t
                0x000807a0      0x3ac C:\Users\dario\AppData\Local\Temp\arduino_build_859747\sketch\knobby2_1.ino.cpp.o
                0x000807a0                Encoder::attach_interrupt(unsigned char, Encoder_internal_state_t*)
 .text._ZN7EncoderC2Ehh
                0x00080b4c       0x88 C:\Users\dario\AppData\Local\Temp\arduino_build_859747\sketch\knobby2_1.ino.cpp.o
                0x00080b4c                Encoder::Encoder(unsigned char, unsigned char)
                0x00080b4c                Encoder::Encoder(unsigned char, unsigned char)
 .text._Z11reset_deltav
                0x00080bd4       0x34 C:\Users\dario\AppData\Local\Temp\arduino_build_859747\sketch\knobby2_1.ino.cpp.o
                0x00080bd4                reset_delta()
 .text._Z10format_dlrcfi
                0x00080c08       0x90 C:\Users\dario\AppData\Local\Temp\arduino_build_859747\sketch\knobby2_1.ino.cpp.o
                0x00080c08                format_dlr(char, float, int)
 .text._Z16report_back_axisil.part.3
                0x00080c98       0x48 C:\Users\dario\AppData\Local\Temp\arduino_build_859747\sketch\knobby2_1.ino.cpp.o
 .text._Z16report_back_axisil
                0x00080ce0       0x4c C:\Users\dario\AppData\Local\Temp\arduino_build_859747\sketch\knobby2_1.ino.cpp.o
                0x00080ce0                report_back_axis(int, long)
 .text._Z11update_axisil
                0x00080d2c       0xbc C:\Users\dario\AppData\Local\Temp\arduino_build_859747\sketch\knobby2_1.ino.cpp.o
                0x00080d2c                update_axis(int, long)
 .text.startup._GLOBAL__sub_I_buf
                0x00080de8       0x3c C:\Users\dario\AppData\Local\Temp\arduino_build_859747\sketch\knobby2_1.ino.cpp.o
 .text.setup    0x00080e24       0xcc C:\Users\dario\AppData\Local\Temp\arduino_build_859747\sketch\knobby2_1.ino.cpp.o
                0x00080e24                setup
 .text.loop     0x00080ef0      0xb54 C:\Users\dario\AppData\Local\Temp\arduino_build_859747\sketch\knobby2_1.ino.cpp.o
                0x00080ef0                loop
 .text._Z11serialEventv
                0x00081a44        0x2 C:\Users\dario\AppData\Local\Temp\arduino_build_859747\core\variant.cpp.o
                0x00081a44                serialEvent()
 *fill*         0x00081a46        0x2 
 .text.UART_Handler
                0x00081a48        0xc C:\Users\dario\AppData\Local\Temp\arduino_build_859747\core\variant.cpp.o
                0x00081a48                UART_Handler
 .text._Z12serialEvent1v
                0x00081a54        0x2 C:\Users\dario\AppData\Local\Temp\arduino_build_859747\core\variant.cpp.o
                0x00081a54                serialEvent1()
 .text._Z12serialEvent2v
                0x00081a56        0x2 C:\Users\dario\AppData\Local\Temp\arduino_build_859747\core\variant.cpp.o
                0x00081a56                serialEvent2()
 .text._Z12serialEvent3v
                0x00081a58        0x2 C:\Users\dario\AppData\Local\Temp\arduino_build_859747\core\variant.cpp.o
                0x00081a58                serialEvent3()
 *fill*         0x00081a5a        0x2 
 .text.USART0_Handler
                0x00081a5c        0xc C:\Users\dario\AppData\Local\Temp\arduino_build_859747\core\variant.cpp.o
                0x00081a5c                USART0_Handler
 .text.USART1_Handler
                0x00081a68        0xc C:\Users\dario\AppData\Local\Temp\arduino_build_859747\core\variant.cpp.o
                0x00081a68                USART1_Handler
 .text.USART3_Handler
                0x00081a74        0xc C:\Users\dario\AppData\Local\Temp\arduino_build_859747\core\variant.cpp.o
                0x00081a74                USART3_Handler
 .text.init     0x00081a80      0x128 C:\Users\dario\AppData\Local\Temp\arduino_build_859747\core\variant.cpp.o
                0x00081a80                init
 .text.startup._GLOBAL__sub_I_g_APinDescription
                0x00081ba8       0xd4 C:\Users\dario\AppData\Local\Temp\arduino_build_859747\core\variant.cpp.o
 .text._Z14serialEventRunv
                0x00081c7c       0x44 C:\Users\dario\AppData\Local\Temp\arduino_build_859747\core\variant.cpp.o
                0x00081c7c                serialEventRun()
 .text.PIO_PullUp
                0x00081cc0        0xa C:\Users\dario\AppData\Local\Arduino15\packages\arduino\hardware\sam\1.6.11\variants\arduino_due_x/libsam_sam3x8e_gcc_rel.a(pio.o)
                0x00081cc0                PIO_PullUp
 .text.PIO_SetPeripheral
                0x00081cca       0x26 C:\Users\dario\AppData\Local\Arduino15\packages\arduino\hardware\sam\1.6.11\variants\arduino_due_x/libsam_sam3x8e_gcc_rel.a(pio.o)
                0x00081cca                PIO_SetPeripheral
 .text.PIO_SetInput
                0x00081cf0       0x26 C:\Users\dario\AppData\Local\Arduino15\packages\arduino\hardware\sam\1.6.11\variants\arduino_due_x/libsam_sam3x8e_gcc_rel.a(pio.o)
                0x00081cf0                PIO_SetInput
 .text.PIO_SetOutput
                0x00081d16       0x24 C:\Users\dario\AppData\Local\Arduino15\packages\arduino\hardware\sam\1.6.11\variants\arduino_due_x/libsam_sam3x8e_gcc_rel.a(pio.o)
                0x00081d16                PIO_SetOutput
 *fill*         0x00081d3a        0x2 
 .text.PIO_Configure
                0x00081d3c       0x64 C:\Users\dario\AppData\Local\Arduino15\packages\arduino\hardware\sam\1.6.11\variants\arduino_due_x/libsam_sam3x8e_gcc_rel.a(pio.o)
                0x00081d3c                PIO_Configure
 .text.PIO_GetOutputDataStatus
                0x00081da0       0x14 C:\Users\dario\AppData\Local\Arduino15\packages\arduino\hardware\sam\1.6.11\variants\arduino_due_x/libsam_sam3x8e_gcc_rel.a(pio.o)
                0x00081da0                PIO_GetOutputDataStatus
 .text.pmc_enable_upll_clock
                0x00081db4       0x14 C:\Users\dario\AppData\Local\Arduino15\packages\arduino\hardware\sam\1.6.11\variants\arduino_due_x/libsam_sam3x8e_gcc_rel.a(pmc.o)
                0x00081db4                pmc_enable_upll_clock
 .text.pmc_enable_periph_clk
                0x00081dc8       0x44 C:\Users\dario\AppData\Local\Arduino15\packages\arduino\hardware\sam\1.6.11\variants\arduino_due_x/libsam_sam3x8e_gcc_rel.a(pmc.o)
                0x00081dc8                pmc_enable_periph_clk
 .text.pmc_disable_periph_clk
                0x00081e0c       0x40 C:\Users\dario\AppData\Local\Arduino15\packages\arduino\hardware\sam\1.6.11\variants\arduino_due_x/libsam_sam3x8e_gcc_rel.a(pmc.o)
                0x00081e0c                pmc_disable_periph_clk
 .text.pmc_switch_udpck_to_upllck
                0x00081e4c       0x14 C:\Users\dario\AppData\Local\Arduino15\packages\arduino\hardware\sam\1.6.11\variants\arduino_due_x/libsam_sam3x8e_gcc_rel.a(pmc.o)
                0x00081e4c                pmc_switch_udpck_to_upllck
 .text.pmc_enable_udpck
                0x00081e60        0xc C:\Users\dario\AppData\Local\Arduino15\packages\arduino\hardware\sam\1.6.11\variants\arduino_due_x/libsam_sam3x8e_gcc_rel.a(pmc.o)
                0x00081e60                pmc_enable_udpck
 .text.SystemInit
                0x00081e6c       0x88 C:\Users\dario\AppData\Local\Arduino15\packages\arduino\hardware\sam\1.6.11\variants\arduino_due_x/libsam_sam3x8e_gcc_rel.a(system_sam3xa.o)
                0x00081e6c                SystemInit
 .text.Reset_Handler
                0x00081ef4       0x78 C:\Users\dario\AppData\Local\Arduino15\packages\arduino\hardware\sam\1.6.11\variants\arduino_due_x/libsam_sam3x8e_gcc_rel.a(startup_sam3xa.o)
                0x00081ef4                Reset_Handler
 .text.adc_init
                0x00081f6c       0x98 C:\Users\dario\AppData\Local\Arduino15\packages\arduino\hardware\sam\1.6.11\variants\arduino_due_x/libsam_sam3x8e_gcc_rel.a(adc.o)
                0x00081f6c                adc_init
 .text.adc_configure_trigger
                0x00082004        0xe C:\Users\dario\AppData\Local\Arduino15\packages\arduino\hardware\sam\1.6.11\variants\arduino_due_x/libsam_sam3x8e_gcc_rel.a(adc.o)
                0x00082004                adc_configure_trigger
 .text.adc_configure_timing
                0x00082012       0x1a C:\Users\dario\AppData\Local\Arduino15\packages\arduino\hardware\sam\1.6.11\variants\arduino_due_x/libsam_sam3x8e_gcc_rel.a(adc.o)
                0x00082012                adc_configure_timing
 .text.adc_disable_channel
                0x0008202c        0xa C:\Users\dario\AppData\Local\Arduino15\packages\arduino\hardware\sam\1.6.11\variants\arduino_due_x/libsam_sam3x8e_gcc_rel.a(adc.o)
                0x0008202c                adc_disable_channel
 .text.adc_disable_all_channel
                0x00082036        0x8 C:\Users\dario\AppData\Local\Arduino15\packages\arduino\hardware\sam\1.6.11\variants\arduino_due_x/libsam_sam3x8e_gcc_rel.a(adc.o)
                0x00082036                adc_disable_all_channel
 .text.adc_disable_interrupt
                0x0008203e        0x4 C:\Users\dario\AppData\Local\Arduino15\packages\arduino\hardware\sam\1.6.11\variants\arduino_due_x/libsam_sam3x8e_gcc_rel.a(adc.o)
                0x0008203e                adc_disable_interrupt
 *fill*         0x00082042        0x2 
 .text.UOTGHS_Handler
                0x00082044       0x10 C:\Users\dario\AppData\Local\Arduino15\packages\arduino\hardware\sam\1.6.11\variants\arduino_due_x/libsam_sam3x8e_gcc_rel.a(uotghs.o)
                0x00082044                UOTGHS_Handler
 .text.attachInterrupt
                0x00082054      0x148 C:\Users\dario\AppData\Local\Temp\arduino_build_859747/..\arduino_cache_797097\core\core_arduino_sam_arduino_due_x_dbg_d44643eca22bf91b787e208745d157cb.a(WInterrupts.c.o)
                0x00082054                attachInterrupt
 .text.detachInterrupt
                0x0008219c       0x14 C:\Users\dario\AppData\Local\Temp\arduino_build_859747/..\arduino_cache_797097\core\core_arduino_sam_arduino_due_x_dbg_d44643eca22bf91b787e208745d157cb.a(WInterrupts.c.o)
                0x0008219c                detachInterrupt
 .text.PIOA_Handler
                0x000821b0       0x38 C:\Users\dario\AppData\Local\Temp\arduino_build_859747/..\arduino_cache_797097\core\core_arduino_sam_arduino_due_x_dbg_d44643eca22bf91b787e208745d157cb.a(WInterrupts.c.o)
                0x000821b0                PIOA_Handler
 .text.PIOB_Handler
                0x000821e8       0x38 C:\Users\dario\AppData\Local\Temp\arduino_build_859747/..\arduino_cache_797097\core\core_arduino_sam_arduino_due_x_dbg_d44643eca22bf91b787e208745d157cb.a(WInterrupts.c.o)
                0x000821e8                PIOB_Handler
 .text.PIOC_Handler
                0x00082220       0x38 C:\Users\dario\AppData\Local\Temp\arduino_build_859747/..\arduino_cache_797097\core\core_arduino_sam_arduino_due_x_dbg_d44643eca22bf91b787e208745d157cb.a(WInterrupts.c.o)
                0x00082220                PIOC_Handler
 .text.PIOD_Handler
                0x00082258       0x38 C:\Users\dario\AppData\Local\Temp\arduino_build_859747/..\arduino_cache_797097\core\core_arduino_sam_arduino_due_x_dbg_d44643eca22bf91b787e208745d157cb.a(WInterrupts.c.o)
                0x00082258                PIOD_Handler
 .text.__halt   0x00082290        0x2 C:\Users\dario\AppData\Local\Temp\arduino_build_859747/..\arduino_cache_797097\core\core_arduino_sam_arduino_due_x_dbg_d44643eca22bf91b787e208745d157cb.a(cortex_handlers.c.o)
                0x00082290                DACC_Handler
                0x00082290                DebugMon_Handler
                0x00082290                DMAC_Handler
                0x00082290                TRNG_Handler
                0x00082290                HardFault_Handler
                0x00082290                TC2_Handler
                0x00082290                TWI1_Handler
                0x00082290                NMI_Handler
                0x00082290                TC7_Handler
                0x00082290                ADC_Handler
                0x00082290                SMC_Handler
                0x00082290                RTT_Handler
                0x00082290                EFC1_Handler
                0x00082290                RTC_Handler
                0x00082290                UsageFault_Handler
                0x00082290                TC6_Handler
                0x00082290                WDT_Handler
                0x00082290                CAN0_Handler
                0x00082290                TC4_Handler
                0x00082290                TC1_Handler
                0x00082290                HSMCI_Handler
                0x00082290                TC3_Handler
                0x00082290                TWI0_Handler
                0x00082290                SSC_Handler
                0x00082290                EFC0_Handler
                0x00082290                PMC_Handler
                0x00082290                PWM_Handler
                0x00082290                CAN1_Handler
                0x00082290                MemManage_Handler
                0x00082290                SUPC_Handler
                0x00082290                TC8_Handler
                0x00082290                USART2_Handler
                0x00082290                EMAC_Handler
                0x00082290                BusFault_Handler
                0x00082290                RSTC_Handler
                0x00082290                TC0_Handler
                0x00082290                TC5_Handler
                0x00082290                SPI0_Handler
 .text.SVC_Handler
                0x00082292        0x4 C:\Users\dario\AppData\Local\Temp\arduino_build_859747/..\arduino_cache_797097\core\core_arduino_sam_arduino_due_x_dbg_d44643eca22bf91b787e208745d157cb.a(cortex_handlers.c.o)
                0x00082292                SVC_Handler
 .text.PendSV_Handler
                0x00082296        0x4 C:\Users\dario\AppData\Local\Temp\arduino_build_859747/..\arduino_cache_797097\core\core_arduino_sam_arduino_due_x_dbg_d44643eca22bf91b787e208745d157cb.a(cortex_handlers.c.o)
                0x00082296                PendSV_Handler
 .text.SysTick_Handler
                0x0008229a       0x16 C:\Users\dario\AppData\Local\Temp\arduino_build_859747/..\arduino_cache_797097\core\core_arduino_sam_arduino_due_x_dbg_d44643eca22bf91b787e208745d157cb.a(cortex_handlers.c.o)
                0x0008229a                SysTick_Handler
 .text.__empty  0x000822b0        0x2 C:\Users\dario\AppData\Local\Temp\arduino_build_859747/..\arduino_cache_797097\core\core_arduino_sam_arduino_due_x_dbg_d44643eca22bf91b787e208745d157cb.a(hooks.c.o)
                0x000822b0                yield
 .text.__false  0x000822b2        0x4 C:\Users\dario\AppData\Local\Temp\arduino_build_859747/..\arduino_cache_797097\core\core_arduino_sam_arduino_due_x_dbg_d44643eca22bf91b787e208745d157cb.a(hooks.c.o)
                0x000822b2                sysTickHook
 .text.__halt   0x000822b6        0x2 C:\Users\dario\AppData\Local\Temp\arduino_build_859747/..\arduino_cache_797097\core\core_arduino_sam_arduino_due_x_dbg_d44643eca22bf91b787e208745d157cb.a(hooks.c.o)
                0x000822b6                svcHook
                0x000822b6                pendSVHook
 .text._sbrk    0x000822b8       0x1c C:\Users\dario\AppData\Local\Temp\arduino_build_859747/..\arduino_cache_797097\core\core_arduino_sam_arduino_due_x_dbg_d44643eca22bf91b787e208745d157cb.a(syscalls_sam3.c.o)
                0x000822b8                _sbrk
 .text.link     0x000822d4        0x6 C:\Users\dario\AppData\Local\Temp\arduino_build_859747/..\arduino_cache_797097\core\core_arduino_sam_arduino_due_x_dbg_d44643eca22bf91b787e208745d157cb.a(syscalls_sam3.c.o)
                0x000822d4                link
 .text._close   0x000822da        0x6 C:\Users\dario\AppData\Local\Temp\arduino_build_859747/..\arduino_cache_797097\core\core_arduino_sam_arduino_due_x_dbg_d44643eca22bf91b787e208745d157cb.a(syscalls_sam3.c.o)
                0x000822da                _close
 .text._fstat   0x000822e0        0xa C:\Users\dario\AppData\Local\Temp\arduino_build_859747/..\arduino_cache_797097\core\core_arduino_sam_arduino_due_x_dbg_d44643eca22bf91b787e208745d157cb.a(syscalls_sam3.c.o)
                0x000822e0                _fstat
 .text._isatty  0x000822ea        0x4 C:\Users\dario\AppData\Local\Temp\arduino_build_859747/..\arduino_cache_797097\core\core_arduino_sam_arduino_due_x_dbg_d44643eca22bf91b787e208745d157cb.a(syscalls_sam3.c.o)
                0x000822ea                _isatty
 .text._lseek   0x000822ee        0x4 C:\Users\dario\AppData\Local\Temp\arduino_build_859747/..\arduino_cache_797097\core\core_arduino_sam_arduino_due_x_dbg_d44643eca22bf91b787e208745d157cb.a(syscalls_sam3.c.o)
                0x000822ee                _lseek
 .text._read    0x000822f2        0x4 C:\Users\dario\AppData\Local\Temp\arduino_build_859747/..\arduino_cache_797097\core\core_arduino_sam_arduino_due_x_dbg_d44643eca22bf91b787e208745d157cb.a(syscalls_sam3.c.o)
                0x000822f2                _read
 *fill*         0x000822f6        0x2 
 .text._write   0x000822f8       0x24 C:\Users\dario\AppData\Local\Temp\arduino_build_859747/..\arduino_cache_797097\core\core_arduino_sam_arduino_due_x_dbg_d44643eca22bf91b787e208745d157cb.a(syscalls_sam3.c.o)
                0x000822f8                _write
 .text._exit    0x0008231c       0x10 C:\Users\dario\AppData\Local\Temp\arduino_build_859747/..\arduino_cache_797097\core\core_arduino_sam_arduino_due_x_dbg_d44643eca22bf91b787e208745d157cb.a(syscalls_sam3.c.o)
                0x0008231c                _exit
 .text._kill    0x0008232c        0x2 C:\Users\dario\AppData\Local\Temp\arduino_build_859747/..\arduino_cache_797097\core\core_arduino_sam_arduino_due_x_dbg_d44643eca22bf91b787e208745d157cb.a(syscalls_sam3.c.o)
                0x0008232c                _kill
 .text._getpid  0x0008232e        0x6 C:\Users\dario\AppData\Local\Temp\arduino_build_859747/..\arduino_cache_797097\core\core_arduino_sam_arduino_due_x_dbg_d44643eca22bf91b787e208745d157cb.a(syscalls_sam3.c.o)
                0x0008232e                _getpid
 .text.millis   0x00082334        0x4 C:\Users\dario\AppData\Local\Temp\arduino_build_859747/..\arduino_cache_797097\core\core_arduino_sam_arduino_due_x_dbg_d44643eca22bf91b787e208745d157cb.a(wiring.c.o)
                0x00082334                millis
 .text.delay    0x00082338       0x1c C:\Users\dario\AppData\Local\Temp\arduino_build_859747/..\arduino_cache_797097\core\core_arduino_sam_arduino_due_x_dbg_d44643eca22bf91b787e208745d157cb.a(wiring.c.o)
                0x00082338                delay
 .text.analogOutputInit
                0x00082354        0x2 C:\Users\dario\AppData\Local\Temp\arduino_build_859747/..\arduino_cache_797097\core\core_arduino_sam_arduino_due_x_dbg_d44643eca22bf91b787e208745d157cb.a(wiring_analog.c.o)
                0x00082354                analogOutputInit
 *fill*         0x00082356        0x2 
 .text.pinMode  0x00082358      0x108 C:\Users\dario\AppData\Local\Temp\arduino_build_859747/..\arduino_cache_797097\core\core_arduino_sam_arduino_due_x_dbg_d44643eca22bf91b787e208745d157cb.a(wiring_digital.c.o)
                0x00082358                pinMode
 .text.digitalWrite
                0x00082460       0x70 C:\Users\dario\AppData\Local\Temp\arduino_build_859747/..\arduino_cache_797097\core\core_arduino_sam_arduino_due_x_dbg_d44643eca22bf91b787e208745d157cb.a(wiring_digital.c.o)
                0x00082460                digitalWrite
 .text._ZN5Print5writeEPKhj
                0x000824d0       0x22 C:\Users\dario\AppData\Local\Temp\arduino_build_859747/..\arduino_cache_797097\core\core_arduino_sam_arduino_due_x_dbg_d44643eca22bf91b787e208745d157cb.a(Print.cpp.o)
                0x000824d0                Print::write(unsigned char const*, unsigned int)
 .text._ZN5Print5printEPKc
                0x000824f2        0x8 C:\Users\dario\AppData\Local\Temp\arduino_build_859747/..\arduino_cache_797097\core\core_arduino_sam_arduino_due_x_dbg_d44643eca22bf91b787e208745d157cb.a(Print.cpp.o)
                0x000824f2                Print::print(char const*)
 *fill*         0x000824fa        0x2 
 .text.initiateReset
                0x000824fc        0xc C:\Users\dario\AppData\Local\Temp\arduino_build_859747/..\arduino_cache_797097\core\core_arduino_sam_arduino_due_x_dbg_d44643eca22bf91b787e208745d157cb.a(Reset.cpp.o)
                0x000824fc                initiateReset
 .text.cancelReset
                0x00082508       0x10 C:\Users\dario\AppData\Local\Temp\arduino_build_859747/..\arduino_cache_797097\core\core_arduino_sam_arduino_due_x_dbg_d44643eca22bf91b787e208745d157cb.a(Reset.cpp.o)
                0x00082508                cancelReset
 .text.tickReset
                0x00082518       0x20 C:\Users\dario\AppData\Local\Temp\arduino_build_859747/..\arduino_cache_797097\core\core_arduino_sam_arduino_due_x_dbg_d44643eca22bf91b787e208745d157cb.a(Reset.cpp.o)
                0x00082518                tickReset
 .text._ZN10RingBufferC2Ev
                0x00082538       0x1a C:\Users\dario\AppData\Local\Temp\arduino_build_859747/..\arduino_cache_797097\core\core_arduino_sam_arduino_due_x_dbg_d44643eca22bf91b787e208745d157cb.a(RingBuffer.cpp.o)
                0x00082538                RingBuffer::RingBuffer()
                0x00082538                RingBuffer::RingBuffer()
 .text._ZN10RingBuffer10store_charEh
                0x00082552       0x1e C:\Users\dario\AppData\Local\Temp\arduino_build_859747/..\arduino_cache_797097\core\core_arduino_sam_arduino_due_x_dbg_d44643eca22bf91b787e208745d157cb.a(RingBuffer.cpp.o)
                0x00082552                RingBuffer::store_char(unsigned char)
 .text._ZN6Stream9timedReadEv
                0x00082570       0x2a C:\Users\dario\AppData\Local\Temp\arduino_build_859747/..\arduino_cache_797097\core\core_arduino_sam_arduino_due_x_dbg_d44643eca22bf91b787e208745d157cb.a(Stream.cpp.o)
                0x00082570                Stream::timedRead()
 .text._ZN6Stream9readBytesEPcj
                0x0008259a       0x22 C:\Users\dario\AppData\Local\Temp\arduino_build_859747/..\arduino_cache_797097\core\core_arduino_sam_arduino_due_x_dbg_d44643eca22bf91b787e208745d157cb.a(Stream.cpp.o)
                0x0008259a                Stream::readBytes(char*, unsigned int)
 .text._ZN9UARTClasscvbEv
                0x000825bc        0x4 C:\Users\dario\AppData\Local\Temp\arduino_build_859747/..\arduino_cache_797097\core\core_arduino_sam_arduino_due_x_dbg_d44643eca22bf91b787e208745d157cb.a(UARTClass.cpp.o)
                0x000825bc                UARTClass::operator bool()
 .text._ZN9UARTClass9availableEv
                0x000825c0       0x12 C:\Users\dario\AppData\Local\Temp\arduino_build_859747/..\arduino_cache_797097\core\core_arduino_sam_arduino_due_x_dbg_d44643eca22bf91b787e208745d157cb.a(UARTClass.cpp.o)
                0x000825c0                UARTClass::available()
 .text._ZN9UARTClass4peekEv
                0x000825d2       0x1c C:\Users\dario\AppData\Local\Temp\arduino_build_859747/..\arduino_cache_797097\core\core_arduino_sam_arduino_due_x_dbg_d44643eca22bf91b787e208745d157cb.a(UARTClass.cpp.o)
                0x000825d2                UARTClass::peek()
 .text._ZN9UARTClass4readEv
                0x000825ee       0x2a C:\Users\dario\AppData\Local\Temp\arduino_build_859747/..\arduino_cache_797097\core\core_arduino_sam_arduino_due_x_dbg_d44643eca22bf91b787e208745d157cb.a(UARTClass.cpp.o)
                0x000825ee                UARTClass::read()
 .text._ZN9UARTClass5flushEv
                0x00082618       0x18 C:\Users\dario\AppData\Local\Temp\arduino_build_859747/..\arduino_cache_797097\core\core_arduino_sam_arduino_due_x_dbg_d44643eca22bf91b787e208745d157cb.a(UARTClass.cpp.o)
                0x00082618                UARTClass::flush()
 .text._ZN9UARTClass5writeEh
                0x00082630       0x54 C:\Users\dario\AppData\Local\Temp\arduino_build_859747/..\arduino_cache_797097\core\core_arduino_sam_arduino_due_x_dbg_d44643eca22bf91b787e208745d157cb.a(UARTClass.cpp.o)
                0x00082630                UARTClass::write(unsigned char)
 .text._ZN9UARTClass3endEv
                0x00082684       0x3c C:\Users\dario\AppData\Local\Temp\arduino_build_859747/..\arduino_cache_797097\core\core_arduino_sam_arduino_due_x_dbg_d44643eca22bf91b787e208745d157cb.a(UARTClass.cpp.o)
                0x00082684                UARTClass::end()
 .text._ZN9UARTClassC2EP4Uart4IRQnmP10RingBufferS4_
                0x000826c0       0x24 C:\Users\dario\AppData\Local\Temp\arduino_build_859747/..\arduino_cache_797097\core\core_arduino_sam_arduino_due_x_dbg_d44643eca22bf91b787e208745d157cb.a(UARTClass.cpp.o)
                0x000826c0                UARTClass::UARTClass(Uart*, IRQn, unsigned long, RingBuffer*, RingBuffer*)
                0x000826c0                UARTClass::UARTClass(Uart*, IRQn, unsigned long, RingBuffer*, RingBuffer*)
 .text._ZN9UARTClass4initEmm
                0x000826e4       0x70 C:\Users\dario\AppData\Local\Temp\arduino_build_859747/..\arduino_cache_797097\core\core_arduino_sam_arduino_due_x_dbg_d44643eca22bf91b787e208745d157cb.a(UARTClass.cpp.o)
                0x000826e4                UARTClass::init(unsigned long, unsigned long)
 .text._ZN9UARTClass5beginEm
                0x00082754        0x8 C:\Users\dario\AppData\Local\Temp\arduino_build_859747/..\arduino_cache_797097\core\core_arduino_sam_arduino_due_x_dbg_d44643eca22bf91b787e208745d157cb.a(UARTClass.cpp.o)
                0x00082754                UARTClass::begin(unsigned long)
 .text._ZN9UARTClass10IrqHandlerEv
                0x0008275c       0x5a C:\Users\dario\AppData\Local\Temp\arduino_build_859747/..\arduino_cache_797097\core\core_arduino_sam_arduino_due_x_dbg_d44643eca22bf91b787e208745d157cb.a(UARTClass.cpp.o)
                0x0008275c                UARTClass::IrqHandler()
 .text._ZN10USARTClass5beginEm
                0x000827b6        0x8 C:\Users\dario\AppData\Local\Temp\arduino_build_859747/..\arduino_cache_797097\core\core_arduino_sam_arduino_due_x_dbg_d44643eca22bf91b787e208745d157cb.a(USARTClass.cpp.o)
                0x000827b6                USARTClass::begin(unsigned long)
 *fill*         0x000827be        0x2 
 .text._ZN10USARTClassC2EP5Usart4IRQnmP10RingBufferS4_
                0x000827c0       0x24 C:\Users\dario\AppData\Local\Temp\arduino_build_859747/..\arduino_cache_797097\core\core_arduino_sam_arduino_due_x_dbg_d44643eca22bf91b787e208745d157cb.a(USARTClass.cpp.o)
                0x000827c0                USARTClass::USARTClass(Usart*, IRQn, unsigned long, RingBuffer*, RingBuffer*)
                0x000827c0                USARTClass::USARTClass(Usart*, IRQn, unsigned long, RingBuffer*, RingBuffer*)
 .text.initVariant
                0x000827e4        0x2 C:\Users\dario\AppData\Local\Temp\arduino_build_859747/..\arduino_cache_797097\core\core_arduino_sam_arduino_due_x_dbg_d44643eca22bf91b787e208745d157cb.a(main.cpp.o)
                0x000827e4                initVariant
 *fill*         0x000827e6        0x2 
 .text.startup.main
                0x000827e8       0x38 C:\Users\dario\AppData\Local\Temp\arduino_build_859747/..\arduino_cache_797097\core\core_arduino_sam_arduino_due_x_dbg_d44643eca22bf91b787e208745d157cb.a(main.cpp.o)
                0x000827e8                main
 .text._watchdogDefaultSetup
                0x00082820        0xc C:\Users\dario\AppData\Local\Temp\arduino_build_859747/..\arduino_cache_797097\core\core_arduino_sam_arduino_due_x_dbg_d44643eca22bf91b787e208745d157cb.a(watchdog.cpp.o)
                0x00082820                _watchdogDefaultSetup
                0x00082820                watchdogSetup()
 .text.unlikely._ZL11USB_SendZlpv
                0x0008282c       0x20 C:\Users\dario\AppData\Local\Temp\arduino_build_859747/..\arduino_cache_797097\core\core_arduino_sam_arduino_due_x_dbg_d44643eca22bf91b787e208745d157cb.a(USBCore.cpp.o)
 .text._Z14USBD_Availablem
                0x0008284c       0x2c C:\Users\dario\AppData\Local\Temp\arduino_build_859747/..\arduino_cache_797097\core\core_arduino_sam_arduino_due_x_dbg_d44643eca22bf91b787e208745d157cb.a(USBCore.cpp.o)
                0x0008284c                USBD_Available(unsigned long)
 .text._Z9USBD_RecvmPvm
                0x00082878       0x7c C:\Users\dario\AppData\Local\Temp\arduino_build_859747/..\arduino_cache_797097\core\core_arduino_sam_arduino_due_x_dbg_d44643eca22bf91b787e208745d157cb.a(USBCore.cpp.o)
                0x00082878                USBD_Recv(unsigned long, void*, unsigned long)
 .text._Z9USBD_Recvm
                0x000828f4       0x22 C:\Users\dario\AppData\Local\Temp\arduino_build_859747/..\arduino_cache_797097\core\core_arduino_sam_arduino_due_x_dbg_d44643eca22bf91b787e208745d157cb.a(USBCore.cpp.o)
                0x000828f4                USBD_Recv(unsigned long)
 *fill*         0x00082916        0x2 
 .text._Z9USBD_SendmPKvm
                0x00082918       0x4c C:\Users\dario\AppData\Local\Temp\arduino_build_859747/..\arduino_cache_797097\core\core_arduino_sam_arduino_due_x_dbg_d44643eca22bf91b787e208745d157cb.a(USBCore.cpp.o)
                0x00082918                USBD_Send(unsigned long, void const*, unsigned long)
 .text._Z16USBD_SendControlhPKvm
                0x00082964       0x40 C:\Users\dario\AppData\Local\Temp\arduino_build_859747/..\arduino_cache_797097\core\core_arduino_sam_arduino_due_x_dbg_d44643eca22bf91b787e208745d157cb.a(USBCore.cpp.o)
                0x00082964                USBD_SendControl(unsigned char, void const*, unsigned long)
 .text.unlikely._ZL24USB_SendStringDescriptorPKhi
                0x000829a4       0x64 C:\Users\dario\AppData\Local\Temp\arduino_build_859747/..\arduino_cache_797097\core\core_arduino_sam_arduino_due_x_dbg_d44643eca22bf91b787e208745d157cb.a(USBCore.cpp.o)
 .text._Z16USBD_RecvControlPvm
                0x00082a08       0x1c C:\Users\dario\AppData\Local\Temp\arduino_build_859747/..\arduino_cache_797097\core\core_arduino_sam_arduino_due_x_dbg_d44643eca22bf91b787e208745d157cb.a(USBCore.cpp.o)
                0x00082a08                USBD_RecvControl(void*, unsigned long)
 .text._Z26USBD_ClassInterfaceRequestR8USBSetup
                0x00082a24       0x1e C:\Users\dario\AppData\Local\Temp\arduino_build_859747/..\arduino_cache_797097\core\core_arduino_sam_arduino_due_x_dbg_d44643eca22bf91b787e208745d157cb.a(USBCore.cpp.o)
                0x00082a24                USBD_ClassInterfaceRequest(USBSetup&)
 .text._Z19USBD_SendInterfacesv
                0x00082a42       0x22 C:\Users\dario\AppData\Local\Temp\arduino_build_859747/..\arduino_cache_797097\core\core_arduino_sam_arduino_due_x_dbg_d44643eca22bf91b787e208745d157cb.a(USBCore.cpp.o)
                0x00082a42                USBD_SendInterfaces()
 .text._Z24USBD_SendOtherInterfacesv
                0x00082a64       0x22 C:\Users\dario\AppData\Local\Temp\arduino_build_859747/..\arduino_cache_797097\core\core_arduino_sam_arduino_due_x_dbg_d44643eca22bf91b787e208745d157cb.a(USBCore.cpp.o)
                0x00082a64                USBD_SendOtherInterfaces()
 .text._Z10USBD_Flushm
                0x00082a86       0x16 C:\Users\dario\AppData\Local\Temp\arduino_build_859747/..\arduino_cache_797097\core\core_arduino_sam_arduino_due_x_dbg_d44643eca22bf91b787e208745d157cb.a(USBCore.cpp.o)
                0x00082a86                USBD_Flush(unsigned long)
 .text._ZN10USBDevice_C2Ev
                0x00082a9c       0x24 C:\Users\dario\AppData\Local\Temp\arduino_build_859747/..\arduino_cache_797097\core\core_arduino_sam_arduino_due_x_dbg_d44643eca22bf91b787e208745d157cb.a(USBCore.cpp.o)
                0x00082a9c                USBDevice_::USBDevice_()
                0x00082a9c                USBDevice_::USBDevice_()
 .text._ZN10USBDevice_6attachEv
                0x00082ac0       0x20 C:\Users\dario\AppData\Local\Temp\arduino_build_859747/..\arduino_cache_797097\core\core_arduino_sam_arduino_due_x_dbg_d44643eca22bf91b787e208745d157cb.a(USBCore.cpp.o)
                0x00082ac0                USBDevice_::attach()
 .text.startup._GLOBAL__sub_I_EndPoints
                0x00082ae0        0xc C:\Users\dario\AppData\Local\Temp\arduino_build_859747/..\arduino_cache_797097\core\core_arduino_sam_arduino_due_x_dbg_d44643eca22bf91b787e208745d157cb.a(USBCore.cpp.o)
 .text._ZL7USB_ISRv
                0x00082aec      0x454 C:\Users\dario\AppData\Local\Temp\arduino_build_859747/..\arduino_cache_797097\core\core_arduino_sam_arduino_due_x_dbg_d44643eca22bf91b787e208745d157cb.a(USBCore.cpp.o)
 .text._ZN7Serial_9availableEv
                0x00082f40       0x18 C:\Users\dario\AppData\Local\Temp\arduino_build_859747/..\arduino_cache_797097\core\core_arduino_sam_arduino_due_x_dbg_d44643eca22bf91b787e208745d157cb.a(CDC.cpp.o)
                0x00082f40                Serial_::available()
 .text._ZN7Serial_17availableForWriteEv
                0x00082f58        0x6 C:\Users\dario\AppData\Local\Temp\arduino_build_859747/..\arduino_cache_797097\core\core_arduino_sam_arduino_due_x_dbg_d44643eca22bf91b787e208745d157cb.a(CDC.cpp.o)
                0x00082f58                Serial_::availableForWrite()
 *fill*         0x00082f5e        0x2 
 .text._ZN7Serial_4peekEv
                0x00082f60       0x20 C:\Users\dario\AppData\Local\Temp\arduino_build_859747/..\arduino_cache_797097\core\core_arduino_sam_arduino_due_x_dbg_d44643eca22bf91b787e208745d157cb.a(CDC.cpp.o)
                0x00082f60                Serial_::peek()
 .text._ZN7Serial_5writeEh
                0x00082f80       0x16 C:\Users\dario\AppData\Local\Temp\arduino_build_859747/..\arduino_cache_797097\core\core_arduino_sam_arduino_due_x_dbg_d44643eca22bf91b787e208745d157cb.a(CDC.cpp.o)
                0x00082f80                Serial_::write(unsigned char)
 *fill*         0x00082f96        0x2 
 .text._ZN7Serial_4readEv
                0x00082f98       0x44 C:\Users\dario\AppData\Local\Temp\arduino_build_859747/..\arduino_cache_797097\core\core_arduino_sam_arduino_due_x_dbg_d44643eca22bf91b787e208745d157cb.a(CDC.cpp.o)
                0x00082f98                Serial_::read()
 .text._ZN7Serial_5flushEv
                0x00082fdc        0x6 C:\Users\dario\AppData\Local\Temp\arduino_build_859747/..\arduino_cache_797097\core\core_arduino_sam_arduino_due_x_dbg_d44643eca22bf91b787e208745d157cb.a(CDC.cpp.o)
                0x00082fdc                Serial_::flush()
 *fill*         0x00082fe2        0x2 
 .text._ZN7Serial_6acceptEv
                0x00082fe4       0x70 C:\Users\dario\AppData\Local\Temp\arduino_build_859747/..\arduino_cache_797097\core\core_arduino_sam_arduino_due_x_dbg_d44643eca22bf91b787e208745d157cb.a(CDC.cpp.o)
                0x00082fe4                Serial_::accept()
 .text._ZN7Serial_5writeEPKhj
                0x00083054       0x2c C:\Users\dario\AppData\Local\Temp\arduino_build_859747/..\arduino_cache_797097\core\core_arduino_sam_arduino_due_x_dbg_d44643eca22bf91b787e208745d157cb.a(CDC.cpp.o)
                0x00083054                Serial_::write(unsigned char const*, unsigned int)
 .text._Z16CDC_GetInterfacePh
                0x00083080       0x14 C:\Users\dario\AppData\Local\Temp\arduino_build_859747/..\arduino_cache_797097\core\core_arduino_sam_arduino_due_x_dbg_d44643eca22bf91b787e208745d157cb.a(CDC.cpp.o)
                0x00083080                CDC_GetInterface(unsigned char*)
 .text._Z21CDC_GetOtherInterfacePh
                0x00083094       0x14 C:\Users\dario\AppData\Local\Temp\arduino_build_859747/..\arduino_cache_797097\core\core_arduino_sam_arduino_due_x_dbg_d44643eca22bf91b787e208745d157cb.a(CDC.cpp.o)
                0x00083094                CDC_GetOtherInterface(unsigned char*)
 .text._Z9CDC_SetupR8USBSetup
                0x000830a8       0x78 C:\Users\dario\AppData\Local\Temp\arduino_build_859747/..\arduino_cache_797097\core\core_arduino_sam_arduino_due_x_dbg_d44643eca22bf91b787e208745d157cb.a(CDC.cpp.o)
                0x000830a8                CDC_Setup(USBSetup&)
 .text.startup._GLOBAL__sub_I_cdc_rx_buffer
                0x00083120       0x1c C:\Users\dario\AppData\Local\Temp\arduino_build_859747/..\arduino_cache_797097\core\core_arduino_sam_arduino_due_x_dbg_d44643eca22bf91b787e208745d157cb.a(CDC.cpp.o)
 .text._ZN13PluggableUSB_12getInterfaceEPh
                0x0008313c       0x28 C:\Users\dario\AppData\Local\Temp\arduino_build_859747/..\arduino_cache_797097\core\core_arduino_sam_arduino_due_x_dbg_d44643eca22bf91b787e208745d157cb.a(PluggableUSB.cpp.o)
                0x0008313c                PluggableUSB_::getInterface(unsigned char*)
 .text._ZN13PluggableUSB_13getDescriptorER8USBSetup
                0x00083164       0x1c C:\Users\dario\AppData\Local\Temp\arduino_build_859747/..\arduino_cache_797097\core\core_arduino_sam_arduino_due_x_dbg_d44643eca22bf91b787e208745d157cb.a(PluggableUSB.cpp.o)
                0x00083164                PluggableUSB_::getDescriptor(USBSetup&)
 .text._ZN13PluggableUSB_12getShortNameEPc
                0x00083180       0x1c C:\Users\dario\AppData\Local\Temp\arduino_build_859747/..\arduino_cache_797097\core\core_arduino_sam_arduino_due_x_dbg_d44643eca22bf91b787e208745d157cb.a(PluggableUSB.cpp.o)
                0x00083180                PluggableUSB_::getShortName(char*)
 .text._ZN13PluggableUSB_5setupER8USBSetup
                0x0008319c       0x20 C:\Users\dario\AppData\Local\Temp\arduino_build_859747/..\arduino_cache_797097\core\core_arduino_sam_arduino_due_x_dbg_d44643eca22bf91b787e208745d157cb.a(PluggableUSB.cpp.o)
                0x0008319c                PluggableUSB_::setup(USBSetup&)
 .text._Z12PluggableUSBv
                0x000831bc       0x28 C:\Users\dario\AppData\Local\Temp\arduino_build_859747/..\arduino_cache_797097\core\core_arduino_sam_arduino_due_x_dbg_d44643eca22bf91b787e208745d157cb.a(PluggableUSB.cpp.o)
                0x000831bc                PluggableUSB()
 .text.TimeTick_Increment
                0x000831e4       0x10 C:\Users\dario\AppData\Local\Arduino15\packages\arduino\hardware\sam\1.6.11\variants\arduino_due_x/libsam_sam3x8e_gcc_rel.a(timetick.o)
                0x000831e4                TimeTick_Increment
 .text.GetTickCount
                0x000831f4        0xc C:\Users\dario\AppData\Local\Arduino15\packages\arduino\hardware\sam\1.6.11\variants\arduino_due_x/libsam_sam3x8e_gcc_rel.a(timetick.o)
                0x000831f4                GetTickCount
 .text.WDT_Disable
                0x00083200        0x8 C:\Users\dario\AppData\Local\Arduino15\packages\arduino\hardware\sam\1.6.11\variants\arduino_due_x/libsam_sam3x8e_gcc_rel.a(wdt.o)
                0x00083200                WDT_Disable
 .text.UDD_SetStack
                0x00083208        0xc C:\Users\dario\AppData\Local\Arduino15\packages\arduino\hardware\sam\1.6.11\variants\arduino_due_x/libsam_sam3x8e_gcc_rel.a(uotghs_device.o)
                0x00083208                UDD_SetStack
 .text.UDD_Init
                0x00083214       0xd0 C:\Users\dario\AppData\Local\Arduino15\packages\arduino\hardware\sam\1.6.11\variants\arduino_due_x/libsam_sam3x8e_gcc_rel.a(uotghs_device.o)
                0x00083214                UDD_Init
 .text.UDD_Attach
                0x000832e4       0x50 C:\Users\dario\AppData\Local\Arduino15\packages\arduino\hardware\sam\1.6.11\variants\arduino_due_x/libsam_sam3x8e_gcc_rel.a(uotghs_device.o)
                0x000832e4                UDD_Attach
 .text.UDD_InitEP
                0x00083334       0x2c C:\Users\dario\AppData\Local\Arduino15\packages\arduino\hardware\sam\1.6.11\variants\arduino_due_x/libsam_sam3x8e_gcc_rel.a(uotghs_device.o)
                0x00083334                UDD_InitEP
 .text.UDD_InitEndpoints
                0x00083360       0x3c C:\Users\dario\AppData\Local\Arduino15\packages\arduino\hardware\sam\1.6.11\variants\arduino_due_x/libsam_sam3x8e_gcc_rel.a(uotghs_device.o)
                0x00083360                UDD_InitEndpoints
 .text.UDD_WaitIN
                0x0008339c       0x10 C:\Users\dario\AppData\Local\Arduino15\packages\arduino\hardware\sam\1.6.11\variants\arduino_due_x/libsam_sam3x8e_gcc_rel.a(uotghs_device.o)
                0x0008339c                UDD_WaitIN
 .text.UDD_WaitOUT
                0x000833ac       0x10 C:\Users\dario\AppData\Local\Arduino15\packages\arduino\hardware\sam\1.6.11\variants\arduino_due_x/libsam_sam3x8e_gcc_rel.a(uotghs_device.o)
                0x000833ac                UDD_WaitOUT
 .text.UDD_ClearIN
                0x000833bc       0x18 C:\Users\dario\AppData\Local\Arduino15\packages\arduino\hardware\sam\1.6.11\variants\arduino_due_x/libsam_sam3x8e_gcc_rel.a(uotghs_device.o)
                0x000833bc                UDD_ClearIN
 .text.UDD_ClearOUT
                0x000833d4       0x18 C:\Users\dario\AppData\Local\Arduino15\packages\arduino\hardware\sam\1.6.11\variants\arduino_due_x/libsam_sam3x8e_gcc_rel.a(uotghs_device.o)
                0x000833d4                UDD_ClearOUT
 .text.UDD_ReceivedSetupInt
                0x000833ec       0x10 C:\Users\dario\AppData\Local\Arduino15\packages\arduino\hardware\sam\1.6.11\variants\arduino_due_x/libsam_sam3x8e_gcc_rel.a(uotghs_device.o)
                0x000833ec                UDD_ReceivedSetupInt
 .text.UDD_ClearSetupInt
                0x000833fc       0x10 C:\Users\dario\AppData\Local\Arduino15\packages\arduino\hardware\sam\1.6.11\variants\arduino_due_x/libsam_sam3x8e_gcc_rel.a(uotghs_device.o)
                0x000833fc                UDD_ClearSetupInt
 .text.UDD_Send
                0x0008340c       0x88 C:\Users\dario\AppData\Local\Arduino15\packages\arduino\hardware\sam\1.6.11\variants\arduino_due_x/libsam_sam3x8e_gcc_rel.a(uotghs_device.o)
                0x0008340c                UDD_Send
 .text.UDD_Send8
                0x00083494       0x24 C:\Users\dario\AppData\Local\Arduino15\packages\arduino\hardware\sam\1.6.11\variants\arduino_due_x/libsam_sam3x8e_gcc_rel.a(uotghs_device.o)
                0x00083494                UDD_Send8
 .text.UDD_Recv8
                0x000834b8       0x28 C:\Users\dario\AppData\Local\Arduino15\packages\arduino\hardware\sam\1.6.11\variants\arduino_due_x/libsam_sam3x8e_gcc_rel.a(uotghs_device.o)
                0x000834b8                UDD_Recv8
 .text.UDD_Recv
                0x000834e0       0x34 C:\Users\dario\AppData\Local\Arduino15\packages\arduino\hardware\sam\1.6.11\variants\arduino_due_x/libsam_sam3x8e_gcc_rel.a(uotghs_device.o)
                0x000834e0                UDD_Recv
 .text.UDD_Stall
                0x00083514       0x14 C:\Users\dario\AppData\Local\Arduino15\packages\arduino\hardware\sam\1.6.11\variants\arduino_due_x/libsam_sam3x8e_gcc_rel.a(uotghs_device.o)
                0x00083514                UDD_Stall
 .text.UDD_FifoByteCount
                0x00083528       0x14 C:\Users\dario\AppData\Local\Arduino15\packages\arduino\hardware\sam\1.6.11\variants\arduino_due_x/libsam_sam3x8e_gcc_rel.a(uotghs_device.o)
                0x00083528                UDD_FifoByteCount
 .text.UDD_ReleaseRX
                0x0008353c       0x28 C:\Users\dario\AppData\Local\Arduino15\packages\arduino\hardware\sam\1.6.11\variants\arduino_due_x/libsam_sam3x8e_gcc_rel.a(uotghs_device.o)
                0x0008353c                UDD_ReleaseRX
 .text.UDD_ReleaseTX
                0x00083564       0x28 C:\Users\dario\AppData\Local\Arduino15\packages\arduino\hardware\sam\1.6.11\variants\arduino_due_x/libsam_sam3x8e_gcc_rel.a(uotghs_device.o)
                0x00083564                UDD_ReleaseTX
 .text.UDD_SetAddress
                0x0008358c       0x20 C:\Users\dario\AppData\Local\Arduino15\packages\arduino\hardware\sam\1.6.11\variants\arduino_due_x/libsam_sam3x8e_gcc_rel.a(uotghs_device.o)
                0x0008358c                UDD_SetAddress
 .text.cos      0x000835ac       0x8c c:/users/dario/appdata/local/arduino15/packages/arduino/tools/arm-none-eabi-gcc/4.8.3-2014q1/bin/../lib/gcc/arm-none-eabi/4.8.3/../../../../arm-none-eabi/lib/armv7-m\libm.a(lib_a-s_cos.o)
                0x000835ac                cos
 .text.sin      0x00083638       0x94 c:/users/dario/appdata/local/arduino15/packages/arduino/tools/arm-none-eabi-gcc/4.8.3-2014q1/bin/../lib/gcc/arm-none-eabi/4.8.3/../../../../arm-none-eabi/lib/armv7-m\libm.a(lib_a-s_sin.o)
                0x00083638                sin
 *fill*         0x000836cc        0x4 
 .text.__ieee754_rem_pio2
                0x000836d0      0x440 c:/users/dario/appdata/local/arduino15/packages/arduino/tools/arm-none-eabi-gcc/4.8.3-2014q1/bin/../lib/gcc/arm-none-eabi/4.8.3/../../../../arm-none-eabi/lib/armv7-m\libm.a(lib_a-e_rem_pio2.o)
                0x000836d0                __ieee754_rem_pio2
 .text.__kernel_cos
                0x00083b10      0x248 c:/users/dario/appdata/local/arduino15/packages/arduino/tools/arm-none-eabi-gcc/4.8.3-2014q1/bin/../lib/gcc/arm-none-eabi/4.8.3/../../../../arm-none-eabi/lib/armv7-m\libm.a(lib_a-k_cos.o)
                0x00083b10                __kernel_cos
 .text.__kernel_rem_pio2
                0x00083d58      0x7bc c:/users/dario/appdata/local/arduino15/packages/arduino/tools/arm-none-eabi-gcc/4.8.3-2014q1/bin/../lib/gcc/arm-none-eabi/4.8.3/../../../../arm-none-eabi/lib/armv7-m\libm.a(lib_a-k_rem_pio2.o)
                0x00083d58                __kernel_rem_pio2
 *fill*         0x00084514        0x4 
 .text.__kernel_sin
                0x00084518      0x170 c:/users/dario/appdata/local/arduino15/packages/arduino/tools/arm-none-eabi-gcc/4.8.3-2014q1/bin/../lib/gcc/arm-none-eabi/4.8.3/../../../../arm-none-eabi/lib/armv7-m\libm.a(lib_a-k_sin.o)
                0x00084518                __kernel_sin
 .text.fabs     0x00084688        0x8 c:/users/dario/appdata/local/arduino15/packages/arduino/tools/arm-none-eabi-gcc/4.8.3-2014q1/bin/../lib/gcc/arm-none-eabi/4.8.3/../../../../arm-none-eabi/lib/armv7-m\libm.a(lib_a-s_fabs.o)
                0x00084688                fabs
 .text.floor    0x00084690      0x120 c:/users/dario/appdata/local/arduino15/packages/arduino/tools/arm-none-eabi-gcc/4.8.3-2014q1/bin/../lib/gcc/arm-none-eabi/4.8.3/../../../../arm-none-eabi/lib/armv7-m\libm.a(lib_a-s_floor.o)
                0x00084690                floor
 .text.scalbn   0x000847b0      0x100 c:/users/dario/appdata/local/arduino15/packages/arduino/tools/arm-none-eabi-gcc/4.8.3-2014q1/bin/../lib/gcc/arm-none-eabi/4.8.3/../../../../arm-none-eabi/lib/armv7-m\libm.a(lib_a-s_scalbn.o)
                0x000847b0                scalbn
 .text.copysign
                0x000848b0       0x14 c:/users/dario/appdata/local/arduino15/packages/arduino/tools/arm-none-eabi-gcc/4.8.3-2014q1/bin/../lib/gcc/arm-none-eabi/4.8.3/../../../../arm-none-eabi/lib/armv7-m\libm.a(lib_a-s_copysign.o)
                0x000848b0                copysign
 .text          0x000848c4      0x370 c:/users/dario/appdata/local/arduino15/packages/arduino/tools/arm-none-eabi-gcc/4.8.3-2014q1/bin/../lib/gcc/arm-none-eabi/4.8.3/armv7-m\libgcc.a(_arm_addsubdf3.o)
                0x000848c4                __aeabi_drsub
                0x000848cc                __aeabi_dsub
                0x000848cc                __subdf3
                0x000848d0                __aeabi_dadd
                0x000848d0                __adddf3
                0x00084b48                __floatunsidf
                0x00084b48                __aeabi_ui2d
                0x00084b68                __floatsidf
                0x00084b68                __aeabi_i2d
                0x00084b8c                __aeabi_f2d
                0x00084b8c                __extendsfdf2
                0x00084bc8                __floatundidf
                0x00084bc8                __aeabi_ul2d
                0x00084bd8                __floatdidf
                0x00084bd8                __aeabi_l2d
 .text          0x00084c34      0x424 c:/users/dario/appdata/local/arduino15/packages/arduino/tools/arm-none-eabi-gcc/4.8.3-2014q1/bin/../lib/gcc/arm-none-eabi/4.8.3/armv7-m\libgcc.a(_arm_muldivdf3.o)
                0x00084c34                __aeabi_dmul
                0x00084c34                __muldf3
                0x00084e88                __divdf3
                0x00084e88                __aeabi_ddiv
 .text          0x00085058      0x110 c:/users/dario/appdata/local/arduino15/packages/arduino/tools/arm-none-eabi-gcc/4.8.3-2014q1/bin/../lib/gcc/arm-none-eabi/4.8.3/armv7-m\libgcc.a(_arm_cmpdf2.o)
                0x00085058                __gtdf2
                0x00085058                __gedf2
                0x00085060                __ltdf2
                0x00085060                __ledf2
                0x00085068                __nedf2
                0x00085068                __eqdf2
                0x00085068                __cmpdf2
                0x000850e4                __aeabi_cdrcmple
                0x000850f4                __aeabi_cdcmpeq
                0x000850f4                __aeabi_cdcmple
                0x00085104                __aeabi_dcmpeq
                0x00085118                __aeabi_dcmplt
                0x0008512c                __aeabi_dcmple
                0x00085140                __aeabi_dcmpge
                0x00085154                __aeabi_dcmpgt
 .text          0x00085168       0x50 c:/users/dario/appdata/local/arduino15/packages/arduino/tools/arm-none-eabi-gcc/4.8.3-2014q1/bin/../lib/gcc/arm-none-eabi/4.8.3/armv7-m\libgcc.a(_arm_fixdfsi.o)
                0x00085168                __aeabi_d2iz
                0x00085168                __fixdfsi
 .text          0x000851b8      0x21c c:/users/dario/appdata/local/arduino15/packages/arduino/tools/arm-none-eabi-gcc/4.8.3-2014q1/bin/../lib/gcc/arm-none-eabi/4.8.3/armv7-m\libgcc.a(_arm_addsubsf3.o)
                0x000851b8                __aeabi_frsub
                0x000851c0                __subsf3
                0x000851c0                __aeabi_fsub
                0x000851c4                __aeabi_fadd
                0x000851c4                __addsf3
                0x00085324                __aeabi_ui2f
                0x00085324                __floatunsisf
                0x0008532c                __aeabi_i2f
                0x0008532c                __floatsisf
                0x00085348                __aeabi_ul2f
                0x00085348                __floatundisf
                0x00085358                __aeabi_l2f
                0x00085358                __floatdisf
 .text          0x000853d4      0x2a0 c:/users/dario/appdata/local/arduino15/packages/arduino/tools/arm-none-eabi-gcc/4.8.3-2014q1/bin/../lib/gcc/arm-none-eabi/4.8.3/armv7-m\libgcc.a(_arm_muldivsf3.o)
                0x000853d4                __mulsf3
                0x000853d4                __aeabi_fmul
                0x0008553c                __aeabi_fdiv
                0x0008553c                __divsf3
 .text          0x00085674       0xec c:/users/dario/appdata/local/arduino15/packages/arduino/tools/arm-none-eabi-gcc/4.8.3-2014q1/bin/../lib/gcc/arm-none-eabi/4.8.3/armv7-m\libgcc.a(_arm_cmpsf2.o)
                0x00085674                __gesf2
                0x00085674                __gtsf2
                0x0008567c                __lesf2
                0x0008567c                __ltsf2
                0x00085684                __nesf2
                0x00085684                __eqsf2
                0x00085684                __cmpsf2
                0x000856e4                __aeabi_cfrcmple
                0x000856ec                __aeabi_cfcmpeq
                0x000856ec                __aeabi_cfcmple
                0x000856fc                __aeabi_fcmpeq
                0x00085710                __aeabi_fcmplt
                0x00085724                __aeabi_fcmple
                0x00085738                __aeabi_fcmpge
                0x0008574c                __aeabi_fcmpgt
 .text          0x00085760       0x4c c:/users/dario/appdata/local/arduino15/packages/arduino/tools/arm-none-eabi-gcc/4.8.3-2014q1/bin/../lib/gcc/arm-none-eabi/4.8.3/armv7-m\libgcc.a(_arm_fixsfsi.o)
                0x00085760                __aeabi_f2iz
                0x00085760                __fixsfsi
 .text.__libc_init_array
                0x000857ac       0x50 c:/users/dario/appdata/local/arduino15/packages/arduino/tools/arm-none-eabi-gcc/4.8.3-2014q1/bin/../lib/gcc/arm-none-eabi/4.8.3/../../../../arm-none-eabi/lib/armv7-m\libg.a(lib_a-init.o)
                0x000857ac                __libc_init_array
 .text.iprintf  0x000857fc       0x28 c:/users/dario/appdata/local/arduino15/packages/arduino/tools/arm-none-eabi-gcc/4.8.3-2014q1/bin/../lib/gcc/arm-none-eabi/4.8.3/../../../../arm-none-eabi/lib/armv7-m\libg.a(lib_a-iprintf.o)
                0x000857fc                iprintf
 .text.malloc   0x00085824       0x10 c:/users/dario/appdata/local/arduino15/packages/arduino/tools/arm-none-eabi-gcc/4.8.3-2014q1/bin/../lib/gcc/arm-none-eabi/4.8.3/../../../../arm-none-eabi/lib/armv7-m\libg.a(lib_a-malloc.o)
                0x00085824                malloc
 .text._malloc_r
                0x00085834      0x538 c:/users/dario/appdata/local/arduino15/packages/arduino/tools/arm-none-eabi-gcc/4.8.3-2014q1/bin/../lib/gcc/arm-none-eabi/4.8.3/../../../../arm-none-eabi/lib/armv7-m\libg.a(lib_a-mallocr.o)
                0x00085834                _malloc_r
 .text          0x00085d6c       0xec c:/users/dario/appdata/local/arduino15/packages/arduino/tools/arm-none-eabi-gcc/4.8.3-2014q1/bin/../lib/gcc/arm-none-eabi/4.8.3/../../../../arm-none-eabi/lib/armv7-m\libg.a(lib_a-memcpy.o)
                0x00085d6c                memcpy
 .text.memmove  0x00085e58       0xcc c:/users/dario/appdata/local/arduino15/packages/arduino/tools/arm-none-eabi-gcc/4.8.3-2014q1/bin/../lib/gcc/arm-none-eabi/4.8.3/../../../../arm-none-eabi/lib/armv7-m\libg.a(lib_a-memmove.o)
                0x00085e58                memmove
 .text.memset   0x00085f24       0x94 c:/users/dario/appdata/local/arduino15/packages/arduino/tools/arm-none-eabi-gcc/4.8.3-2014q1/bin/../lib/gcc/arm-none-eabi/4.8.3/../../../../arm-none-eabi/lib/armv7-m\libg.a(lib_a-memset.o)
                0x00085f24                memset
 .text.__malloc_lock
                0x00085fb8        0x4 c:/users/dario/appdata/local/arduino15/packages/arduino/tools/arm-none-eabi-gcc/4.8.3-2014q1/bin/../lib/gcc/arm-none-eabi/4.8.3/../../../../arm-none-eabi/lib/armv7-m\libg.a(lib_a-mlock.o)
                0x00085fb8                __malloc_lock
 .text.__malloc_unlock
                0x00085fbc        0x4 c:/users/dario/appdata/local/arduino15/packages/arduino/tools/arm-none-eabi-gcc/4.8.3-2014q1/bin/../lib/gcc/arm-none-eabi/4.8.3/../../../../arm-none-eabi/lib/armv7-m\libg.a(lib_a-mlock.o)
                0x00085fbc                __malloc_unlock
 .text._realloc_r
                0x00085fc0      0x3c0 c:/users/dario/appdata/local/arduino15/packages/arduino/tools/arm-none-eabi-gcc/4.8.3-2014q1/bin/../lib/gcc/arm-none-eabi/4.8.3/../../../../arm-none-eabi/lib/armv7-m\libg.a(lib_a-reallocr.o)
                0x00085fc0                _realloc_r
 .text._sbrk_r  0x00086380       0x24 c:/users/dario/appdata/local/arduino15/packages/arduino/tools/arm-none-eabi-gcc/4.8.3-2014q1/bin/../lib/gcc/arm-none-eabi/4.8.3/../../../../arm-none-eabi/lib/armv7-m\libg.a(lib_a-sbrkr.o)
                0x00086380                _sbrk_r
 .text.strlen   0x000863a4       0x60 c:/users/dario/appdata/local/arduino15/packages/arduino/tools/arm-none-eabi-gcc/4.8.3-2014q1/bin/../lib/gcc/arm-none-eabi/4.8.3/../../../../arm-none-eabi/lib/armv7-m\libg.a(lib_a-strlen.o)
                0x000863a4                strlen
 .text.kill     0x00086404       0x10 c:/users/dario/appdata/local/arduino15/packages/arduino/tools/arm-none-eabi-gcc/4.8.3-2014q1/bin/../lib/gcc/arm-none-eabi/4.8.3/../../../../arm-none-eabi/lib/armv7-m\libg.a(lib_a-syskill.o)
                0x00086404                kill
 .text.__sprint_r.part.0
                0x00086414       0x78 c:/users/dario/appdata/local/arduino15/packages/arduino/tools/arm-none-eabi-gcc/4.8.3-2014q1/bin/../lib/gcc/arm-none-eabi/4.8.3/../../../../arm-none-eabi/lib/armv7-m\libg.a(lib_a-vfiprintf.o)
 .text._vfiprintf_r
                0x0008648c      0xc54 c:/users/dario/appdata/local/arduino15/packages/arduino/tools/arm-none-eabi-gcc/4.8.3-2014q1/bin/../lib/gcc/arm-none-eabi/4.8.3/../../../../arm-none-eabi/lib/armv7-m\libg.a(lib_a-vfiprintf.o)
                0x0008648c                _vfiprintf_r
 .text.__sbprintf
                0x000870e0       0x7c c:/users/dario/appdata/local/arduino15/packages/arduino/tools/arm-none-eabi-gcc/4.8.3-2014q1/bin/../lib/gcc/arm-none-eabi/4.8.3/../../../../arm-none-eabi/lib/armv7-m\libg.a(lib_a-vfiprintf.o)
 .text.__swsetup_r
                0x0008715c       0xc4 c:/users/dario/appdata/local/arduino15/packages/arduino/tools/arm-none-eabi-gcc/4.8.3-2014q1/bin/../lib/gcc/arm-none-eabi/4.8.3/../../../../arm-none-eabi/lib/armv7-m\libg.a(lib_a-wsetup.o)
                0x0008715c                __swsetup_r
 .text.startup.register_fini
                0x00087220       0x14 c:/users/dario/appdata/local/arduino15/packages/arduino/tools/arm-none-eabi-gcc/4.8.3-2014q1/bin/../lib/gcc/arm-none-eabi/4.8.3/../../../../arm-none-eabi/lib/armv7-m\libg.a(lib_a-__call_atexit.o)
 .text.atexit   0x00087234        0xc c:/users/dario/appdata/local/arduino15/packages/arduino/tools/arm-none-eabi-gcc/4.8.3-2014q1/bin/../lib/gcc/arm-none-eabi/4.8.3/../../../../arm-none-eabi/lib/armv7-m\libg.a(lib_a-atexit.o)
                0x00087234                atexit
 .text.__sflush_r
                0x00087240      0x148 c:/users/dario/appdata/local/arduino15/packages/arduino/tools/arm-none-eabi-gcc/4.8.3-2014q1/bin/../lib/gcc/arm-none-eabi/4.8.3/../../../../arm-none-eabi/lib/armv7-m\libg.a(lib_a-fflush.o)
                0x00087240                __sflush_r
 .text._fflush_r
                0x00087388       0x2c c:/users/dario/appdata/local/arduino15/packages/arduino/tools/arm-none-eabi-gcc/4.8.3-2014q1/bin/../lib/gcc/arm-none-eabi/4.8.3/../../../../arm-none-eabi/lib/armv7-m\libg.a(lib_a-fflush.o)
                0x00087388                _fflush_r
 .text._cleanup_r
                0x000873b4        0xc c:/users/dario/appdata/local/arduino15/packages/arduino/tools/arm-none-eabi-gcc/4.8.3-2014q1/bin/../lib/gcc/arm-none-eabi/4.8.3/../../../../arm-none-eabi/lib/armv7-m\libg.a(lib_a-findfp.o)
                0x000873b4                _cleanup_r
 .text.__sinit  0x000873c0       0xf4 c:/users/dario/appdata/local/arduino15/packages/arduino/tools/arm-none-eabi-gcc/4.8.3-2014q1/bin/../lib/gcc/arm-none-eabi/4.8.3/../../../../arm-none-eabi/lib/armv7-m\libg.a(lib_a-findfp.o)
                0x000873c0                __sinit
 .text.__sfp_lock_acquire
                0x000874b4        0x4 c:/users/dario/appdata/local/arduino15/packages/arduino/tools/arm-none-eabi-gcc/4.8.3-2014q1/bin/../lib/gcc/arm-none-eabi/4.8.3/../../../../arm-none-eabi/lib/armv7-m\libg.a(lib_a-findfp.o)
                0x000874b4                __sfp_lock_acquire
 .text.__sfp_lock_release
                0x000874b8        0x4 c:/users/dario/appdata/local/arduino15/packages/arduino/tools/arm-none-eabi-gcc/4.8.3-2014q1/bin/../lib/gcc/arm-none-eabi/4.8.3/../../../../arm-none-eabi/lib/armv7-m\libg.a(lib_a-findfp.o)
                0x000874b8                __sfp_lock_release
 .text.__libc_fini_array
                0x000874bc       0x30 c:/users/dario/appdata/local/arduino15/packages/arduino/tools/arm-none-eabi-gcc/4.8.3-2014q1/bin/../lib/gcc/arm-none-eabi/4.8.3/../../../../arm-none-eabi/lib/armv7-m\libg.a(lib_a-fini.o)
                0x000874bc                __libc_fini_array
 .text._fputwc_r
                0x000874ec       0xc0 c:/users/dario/appdata/local/arduino15/packages/arduino/tools/arm-none-eabi-gcc/4.8.3-2014q1/bin/../lib/gcc/arm-none-eabi/4.8.3/../../../../arm-none-eabi/lib/armv7-m\libg.a(lib_a-fputwc.o)
                0x000874ec                _fputwc_r
 .text._malloc_trim_r
                0x000875ac       0x9c c:/users/dario/appdata/local/arduino15/packages/arduino/tools/arm-none-eabi-gcc/4.8.3-2014q1/bin/../lib/gcc/arm-none-eabi/4.8.3/../../../../arm-none-eabi/lib/armv7-m\libg.a(lib_a-freer.o)
                0x000875ac                _malloc_trim_r
 .text._free_r  0x00087648      0x198 c:/users/dario/appdata/local/arduino15/packages/arduino/tools/arm-none-eabi-gcc/4.8.3-2014q1/bin/../lib/gcc/arm-none-eabi/4.8.3/../../../../arm-none-eabi/lib/armv7-m\libg.a(lib_a-freer.o)
                0x00087648                _free_r
 .text.__sfvwrite_r
                0x000877e0      0x314 c:/users/dario/appdata/local/arduino15/packages/arduino/tools/arm-none-eabi-gcc/4.8.3-2014q1/bin/../lib/gcc/arm-none-eabi/4.8.3/../../../../arm-none-eabi/lib/armv7-m\libg.a(lib_a-fvwrite.o)
                0x000877e0                __sfvwrite_r
 .text._fwalk   0x00087af4       0x48 c:/users/dario/appdata/local/arduino15/packages/arduino/tools/arm-none-eabi-gcc/4.8.3-2014q1/bin/../lib/gcc/arm-none-eabi/4.8.3/../../../../arm-none-eabi/lib/armv7-m\libg.a(lib_a-fwalk.o)
                0x00087af4                _fwalk
 .text.__locale_charset
                0x00087b3c        0x8 c:/users/dario/appdata/local/arduino15/packages/arduino/tools/arm-none-eabi-gcc/4.8.3-2014q1/bin/../lib/gcc/arm-none-eabi/4.8.3/../../../../arm-none-eabi/lib/armv7-m\libg.a(lib_a-locale.o)
                0x00087b3c                __locale_charset
 .text.__locale_mb_cur_max
                0x00087b44        0xc c:/users/dario/appdata/local/arduino15/packages/arduino/tools/arm-none-eabi-gcc/4.8.3-2014q1/bin/../lib/gcc/arm-none-eabi/4.8.3/../../../../arm-none-eabi/lib/armv7-m\libg.a(lib_a-locale.o)
                0x00087b44                __locale_mb_cur_max
 .text.__smakebuf_r
                0x00087b50       0xe0 c:/users/dario/appdata/local/arduino15/packages/arduino/tools/arm-none-eabi-gcc/4.8.3-2014q1/bin/../lib/gcc/arm-none-eabi/4.8.3/../../../../arm-none-eabi/lib/armv7-m\libg.a(lib_a-makebuf.o)
                0x00087b50                __smakebuf_r
 .text.memchr   0x00087c30       0x94 c:/users/dario/appdata/local/arduino15/packages/arduino/tools/arm-none-eabi-gcc/4.8.3-2014q1/bin/../lib/gcc/arm-none-eabi/4.8.3/../../../../arm-none-eabi/lib/armv7-m\libg.a(lib_a-memchr-stub.o)
                0x00087c30                memchr
 .text._kill_r  0x00087cc4       0x28 c:/users/dario/appdata/local/arduino15/packages/arduino/tools/arm-none-eabi-gcc/4.8.3-2014q1/bin/../lib/gcc/arm-none-eabi/4.8.3/../../../../arm-none-eabi/lib/armv7-m\libg.a(lib_a-signalr.o)
                0x00087cc4                _kill_r
 .text.__sread  0x00087cec       0x24 c:/users/dario/appdata/local/arduino15/packages/arduino/tools/arm-none-eabi-gcc/4.8.3-2014q1/bin/../lib/gcc/arm-none-eabi/4.8.3/../../../../arm-none-eabi/lib/armv7-m\libg.a(lib_a-stdio.o)
                0x00087cec                __sread
 .text.__swrite
                0x00087d10       0x38 c:/users/dario/appdata/local/arduino15/packages/arduino/tools/arm-none-eabi-gcc/4.8.3-2014q1/bin/../lib/gcc/arm-none-eabi/4.8.3/../../../../arm-none-eabi/lib/armv7-m\libg.a(lib_a-stdio.o)
                0x00087d10                __swrite
 .text.__sseek  0x00087d48       0x20 c:/users/dario/appdata/local/arduino15/packages/arduino/tools/arm-none-eabi-gcc/4.8.3-2014q1/bin/../lib/gcc/arm-none-eabi/4.8.3/../../../../arm-none-eabi/lib/armv7-m\libg.a(lib_a-stdio.o)
                0x00087d48                __sseek
 .text.__sclose
                0x00087d68        0x8 c:/users/dario/appdata/local/arduino15/packages/arduino/tools/arm-none-eabi-gcc/4.8.3-2014q1/bin/../lib/gcc/arm-none-eabi/4.8.3/../../../../arm-none-eabi/lib/armv7-m\libg.a(lib_a-stdio.o)
                0x00087d68                __sclose
 .text.__swbuf_r
                0x00087d70       0xa8 c:/users/dario/appdata/local/arduino15/packages/arduino/tools/arm-none-eabi-gcc/4.8.3-2014q1/bin/../lib/gcc/arm-none-eabi/4.8.3/../../../../arm-none-eabi/lib/armv7-m\libg.a(lib_a-wbuf.o)
                0x00087d70                __swbuf_r
 .text._wcrtomb_r
                0x00087e18       0x50 c:/users/dario/appdata/local/arduino15/packages/arduino/tools/arm-none-eabi-gcc/4.8.3-2014q1/bin/../lib/gcc/arm-none-eabi/4.8.3/../../../../arm-none-eabi/lib/armv7-m\libg.a(lib_a-wcrtomb.o)
                0x00087e18                _wcrtomb_r
 .text.__ascii_wctomb
                0x00087e68       0x1c c:/users/dario/appdata/local/arduino15/packages/arduino/tools/arm-none-eabi-gcc/4.8.3-2014q1/bin/../lib/gcc/arm-none-eabi/4.8.3/../../../../arm-none-eabi/lib/armv7-m\libg.a(lib_a-wctomb_r.o)
                0x00087e68                __ascii_wctomb
 .text._write_r
                0x00087e84       0x28 c:/users/dario/appdata/local/arduino15/packages/arduino/tools/arm-none-eabi-gcc/4.8.3-2014q1/bin/../lib/gcc/arm-none-eabi/4.8.3/../../../../arm-none-eabi/lib/armv7-m\libg.a(lib_a-writer.o)
                0x00087e84                _write_r
 .text.__register_exitproc
                0x00087eac       0xa8 c:/users/dario/appdata/local/arduino15/packages/arduino/tools/arm-none-eabi-gcc/4.8.3-2014q1/bin/../lib/gcc/arm-none-eabi/4.8.3/../../../../arm-none-eabi/lib/armv7-m\libg.a(lib_a-__atexit.o)
                0x00087eac                __register_exitproc
 .text._close_r
                0x00087f54       0x24 c:/users/dario/appdata/local/arduino15/packages/arduino/tools/arm-none-eabi-gcc/4.8.3-2014q1/bin/../lib/gcc/arm-none-eabi/4.8.3/../../../../arm-none-eabi/lib/armv7-m\libg.a(lib_a-closer.o)
                0x00087f54                _close_r
 .text._fclose_r
                0x00087f78       0x80 c:/users/dario/appdata/local/arduino15/packages/arduino/tools/arm-none-eabi-gcc/4.8.3-2014q1/bin/../lib/gcc/arm-none-eabi/4.8.3/../../../../arm-none-eabi/lib/armv7-m\libg.a(lib_a-fclose.o)
                0x00087f78                _fclose_r
 .text.fclose   0x00087ff8       0x10 c:/users/dario/appdata/local/arduino15/packages/arduino/tools/arm-none-eabi-gcc/4.8.3-2014q1/bin/../lib/gcc/arm-none-eabi/4.8.3/../../../../arm-none-eabi/lib/armv7-m\libg.a(lib_a-fclose.o)
                0x00087ff8                fclose
 .text._fstat_r
                0x00088008       0x28 c:/users/dario/appdata/local/arduino15/packages/arduino/tools/arm-none-eabi-gcc/4.8.3-2014q1/bin/../lib/gcc/arm-none-eabi/4.8.3/../../../../arm-none-eabi/lib/armv7-m\libg.a(lib_a-fstatr.o)
                0x00088008                _fstat_r
 .text._isatty_r
                0x00088030       0x24 c:/users/dario/appdata/local/arduino15/packages/arduino/tools/arm-none-eabi-gcc/4.8.3-2014q1/bin/../lib/gcc/arm-none-eabi/4.8.3/../../../../arm-none-eabi/lib/armv7-m\libg.a(lib_a-isattyr.o)
                0x00088030                _isatty_r
 .text._lseek_r
                0x00088054       0x28 c:/users/dario/appdata/local/arduino15/packages/arduino/tools/arm-none-eabi-gcc/4.8.3-2014q1/bin/../lib/gcc/arm-none-eabi/4.8.3/../../../../arm-none-eabi/lib/armv7-m\libg.a(lib_a-lseekr.o)
                0x00088054                _lseek_r
 .text._read_r  0x0008807c       0x28 c:/users/dario/appdata/local/arduino15/packages/arduino/tools/arm-none-eabi-gcc/4.8.3-2014q1/bin/../lib/gcc/arm-none-eabi/4.8.3/../../../../arm-none-eabi/lib/armv7-m\libg.a(lib_a-readr.o)
                0x0008807c                _read_r
 .text          0x000880a4       0x2c c:/users/dario/appdata/local/arduino15/packages/arduino/tools/arm-none-eabi-gcc/4.8.3-2014q1/bin/../lib/gcc/arm-none-eabi/4.8.3/armv7-m\libgcc.a(_aeabi_uldivmod.o)
                0x000880a4                __aeabi_uldivmod
 .text          0x000880d0       0x60 c:/users/dario/appdata/local/arduino15/packages/arduino/tools/arm-none-eabi-gcc/4.8.3-2014q1/bin/../lib/gcc/arm-none-eabi/4.8.3/armv7-m\libgcc.a(bpabi.o)
                0x000880d0                __gnu_ldivmod_helper
                0x00088100                __gnu_uldivmod_helper
 .text          0x00088130        0x4 c:/users/dario/appdata/local/arduino15/packages/arduino/tools/arm-none-eabi-gcc/4.8.3-2014q1/bin/../lib/gcc/arm-none-eabi/4.8.3/armv7-m\libgcc.a(_dvmd_tls.o)
                0x00088130                __aeabi_idiv0
                0x00088130                __aeabi_ldiv0
 .text          0x00088134      0x2a0 c:/users/dario/appdata/local/arduino15/packages/arduino/tools/arm-none-eabi-gcc/4.8.3-2014q1/bin/../lib/gcc/arm-none-eabi/4.8.3/armv7-m\libgcc.a(_divdi3.o)
                0x00088134                __divdi3
 .text          0x000883d4      0x290 c:/users/dario/appdata/local/arduino15/packages/arduino/tools/arm-none-eabi-gcc/4.8.3-2014q1/bin/../lib/gcc/arm-none-eabi/4.8.3/armv7-m\libgcc.a(_udivdi3.o)
                0x000883d4                __udivdi3
 *(.glue_7t)
 .glue_7t       0x00000000        0x0 linker stubs
 *(.glue_7)
 .glue_7        0x00000000        0x0 linker stubs
 *(.rodata .rodata* .gnu.linkonce.r.*)
 .rodata.str1.1
                0x00088664      0x1a0 C:\Users\dario\AppData\Local\Temp\arduino_build_859747\sketch\knobby2_1.ino.cpp.o
                                0x1a5 (size before relaxing)
 .rodata.g_APinDescription
                0x00088804      0xa2c C:\Users\dario\AppData\Local\Temp\arduino_build_859747\core\variant.cpp.o
                0x00088804                g_APinDescription
 .rodata        0x00089230       0x40 C:\Users\dario\AppData\Local\Arduino15\packages\arduino\hardware\sam\1.6.11\variants\arduino_due_x/libsam_sam3x8e_gcc_rel.a(adc.o)
 .rodata.str1.1
                0x00089270       0x19 C:\Users\dario\AppData\Local\Temp\arduino_build_859747/..\arduino_cache_797097\core\core_arduino_sam_arduino_due_x_dbg_d44643eca22bf91b787e208745d157cb.a(syscalls_sam3.c.o)
 *fill*         0x00089289        0x7 
 .rodata._ZTV9UARTClass
                0x00089290       0x30 C:\Users\dario\AppData\Local\Temp\arduino_build_859747/..\arduino_cache_797097\core\core_arduino_sam_arduino_due_x_dbg_d44643eca22bf91b787e208745d157cb.a(UARTClass.cpp.o)
                0x00089290                vtable for UARTClass
 .rodata._ZTV10USARTClass
                0x000892c0       0x30 C:\Users\dario\AppData\Local\Temp\arduino_build_859747/..\arduino_cache_797097\core\core_arduino_sam_arduino_due_x_dbg_d44643eca22bf91b787e208745d157cb.a(USARTClass.cpp.o)
                0x000892c0                vtable for USARTClass
 .rodata.STRING_PRODUCT
                0x000892f0        0xc C:\Users\dario\AppData\Local\Temp\arduino_build_859747/..\arduino_cache_797097\core\core_arduino_sam_arduino_due_x_dbg_d44643eca22bf91b787e208745d157cb.a(USBCore.cpp.o)
                0x000892f0                STRING_PRODUCT
 .rodata.USB_DeviceDescriptor
                0x000892fc       0x12 C:\Users\dario\AppData\Local\Temp\arduino_build_859747/..\arduino_cache_797097\core\core_arduino_sam_arduino_due_x_dbg_d44643eca22bf91b787e208745d157cb.a(USBCore.cpp.o)
                0x000892fc                USB_DeviceDescriptor
 .rodata.STRING_LANGUAGE
                0x0008930e        0x4 C:\Users\dario\AppData\Local\Temp\arduino_build_859747/..\arduino_cache_797097\core\core_arduino_sam_arduino_due_x_dbg_d44643eca22bf91b787e208745d157cb.a(USBCore.cpp.o)
                0x0008930e                STRING_LANGUAGE
 .rodata._ZL18test_packet_buffer
                0x00089312       0x35 C:\Users\dario\AppData\Local\Temp\arduino_build_859747/..\arduino_cache_797097\core\core_arduino_sam_arduino_due_x_dbg_d44643eca22bf91b787e208745d157cb.a(USBCore.cpp.o)
 .rodata.STRING_MANUFACTURER
                0x00089347        0xc C:\Users\dario\AppData\Local\Temp\arduino_build_859747/..\arduino_cache_797097\core\core_arduino_sam_arduino_due_x_dbg_d44643eca22bf91b787e208745d157cb.a(USBCore.cpp.o)
                0x00089347                STRING_MANUFACTURER
 .rodata.USB_DeviceDescriptorA
                0x00089353       0x12 C:\Users\dario\AppData\Local\Temp\arduino_build_859747/..\arduino_cache_797097\core\core_arduino_sam_arduino_due_x_dbg_d44643eca22bf91b787e208745d157cb.a(USBCore.cpp.o)
                0x00089353                USB_DeviceDescriptorA
 .rodata._ZL19USB_DeviceQualifier
                0x00089365        0x9 C:\Users\dario\AppData\Local\Temp\arduino_build_859747/..\arduino_cache_797097\core\core_arduino_sam_arduino_due_x_dbg_d44643eca22bf91b787e208745d157cb.a(USBCore.cpp.o)
 *fill*         0x0008936e        0x2 
 .rodata._ZTV7Serial_
                0x00089370       0x28 C:\Users\dario\AppData\Local\Temp\arduino_build_859747/..\arduino_cache_797097\core\core_arduino_sam_arduino_due_x_dbg_d44643eca22bf91b787e208745d157cb.a(CDC.cpp.o)
                0x00089370                vtable for Serial_
 .rodata._ZL18_cdcOtherInterface
                0x00089398       0x42 C:\Users\dario\AppData\Local\Temp\arduino_build_859747/..\arduino_cache_797097\core\core_arduino_sam_arduino_due_x_dbg_d44643eca22bf91b787e208745d157cb.a(CDC.cpp.o)
 .rodata._ZL13_cdcInterface
                0x000893da       0x42 C:\Users\dario\AppData\Local\Temp\arduino_build_859747/..\arduino_cache_797097\core\core_arduino_sam_arduino_due_x_dbg_d44643eca22bf91b787e208745d157cb.a(CDC.cpp.o)
 .rodata.npio2_hw
                0x0008941c       0x80 c:/users/dario/appdata/local/arduino15/packages/arduino/tools/arm-none-eabi-gcc/4.8.3-2014q1/bin/../lib/gcc/arm-none-eabi/4.8.3/../../../../arm-none-eabi/lib/armv7-m\libm.a(lib_a-e_rem_pio2.o)
 .rodata.two_over_pi
                0x0008949c      0x108 c:/users/dario/appdata/local/arduino15/packages/arduino/tools/arm-none-eabi-gcc/4.8.3-2014q1/bin/../lib/gcc/arm-none-eabi/4.8.3/../../../../arm-none-eabi/lib/armv7-m\libm.a(lib_a-e_rem_pio2.o)
 .rodata.init_jk
                0x000895a4       0x10 c:/users/dario/appdata/local/arduino15/packages/arduino/tools/arm-none-eabi-gcc/4.8.3-2014q1/bin/../lib/gcc/arm-none-eabi/4.8.3/../../../../arm-none-eabi/lib/armv7-m\libm.a(lib_a-k_rem_pio2.o)
 *fill*         0x000895b4        0x4 
 .rodata.PIo2   0x000895b8       0x40 c:/users/dario/appdata/local/arduino15/packages/arduino/tools/arm-none-eabi-gcc/4.8.3-2014q1/bin/../lib/gcc/arm-none-eabi/4.8.3/../../../../arm-none-eabi/lib/armv7-m\libm.a(lib_a-k_rem_pio2.o)
 .rodata.str1.4
                0x000895f8        0x2 c:/users/dario/appdata/local/arduino15/packages/arduino/tools/arm-none-eabi-gcc/4.8.3-2014q1/bin/../lib/gcc/arm-none-eabi/4.8.3/../../../../arm-none-eabi/lib/armv7-m\libg.a(lib_a-impure.o)
                                  0x4 (size before relaxing)
 *fill*         0x000895fa        0x2 
 .rodata._global_impure_ptr
                0x000895fc        0x4 c:/users/dario/appdata/local/arduino15/packages/arduino/tools/arm-none-eabi-gcc/4.8.3-2014q1/bin/../lib/gcc/arm-none-eabi/4.8.3/../../../../arm-none-eabi/lib/armv7-m\libg.a(lib_a-impure.o)
                0x000895fc                _global_impure_ptr
 .rodata.blanks.6717
                0x00089600       0x10 c:/users/dario/appdata/local/arduino15/packages/arduino/tools/arm-none-eabi-gcc/4.8.3-2014q1/bin/../lib/gcc/arm-none-eabi/4.8.3/../../../../arm-none-eabi/lib/armv7-m\libg.a(lib_a-vfiprintf.o)
 .rodata.str1.4
                0x00089610       0x30 c:/users/dario/appdata/local/arduino15/packages/arduino/tools/arm-none-eabi-gcc/4.8.3-2014q1/bin/../lib/gcc/arm-none-eabi/4.8.3/../../../../arm-none-eabi/lib/armv7-m\libg.a(lib_a-vfiprintf.o)
 .rodata.zeroes.6718
                0x00089640       0x10 c:/users/dario/appdata/local/arduino15/packages/arduino/tools/arm-none-eabi-gcc/4.8.3-2014q1/bin/../lib/gcc/arm-none-eabi/4.8.3/../../../../arm-none-eabi/lib/armv7-m\libg.a(lib_a-vfiprintf.o)
 *(.ARM.extab* .gnu.linkonce.armextab.*)
                0x00089650                . = ALIGN (0x4)
 *(.init)
 .init          0x00089650        0x4 c:/users/dario/appdata/local/arduino15/packages/arduino/tools/arm-none-eabi-gcc/4.8.3-2014q1/bin/../lib/gcc/arm-none-eabi/4.8.3/armv7-m/crti.o
                0x00089650                _init
 .init          0x00089654        0x8 c:/users/dario/appdata/local/arduino15/packages/arduino/tools/arm-none-eabi-gcc/4.8.3-2014q1/bin/../lib/gcc/arm-none-eabi/4.8.3/armv7-m/crtn.o
                0x0008965c                . = ALIGN (0x4)
                0x0008965c                __preinit_array_start = .
 *(.preinit_array)
                0x0008965c                __preinit_array_end = .
                0x0008965c                . = ALIGN (0x4)
                0x0008965c                __init_array_start = .
 *(SORT(.init_array.*))
 .init_array.00000
                0x0008965c        0x4 c:/users/dario/appdata/local/arduino15/packages/arduino/tools/arm-none-eabi-gcc/4.8.3-2014q1/bin/../lib/gcc/arm-none-eabi/4.8.3/../../../../arm-none-eabi/lib/armv7-m\libg.a(lib_a-__call_atexit.o)
 *(.init_array)
 .init_array    0x00089660        0x4 c:/users/dario/appdata/local/arduino15/packages/arduino/tools/arm-none-eabi-gcc/4.8.3-2014q1/bin/../lib/gcc/arm-none-eabi/4.8.3/armv7-m/crtbegin.o
 .init_array    0x00089664        0x4 C:\Users\dario\AppData\Local\Temp\arduino_build_859747\sketch\knobby2_1.ino.cpp.o
 .init_array    0x00089668        0x4 C:\Users\dario\AppData\Local\Temp\arduino_build_859747\core\variant.cpp.o
 .init_array    0x0008966c        0x4 C:\Users\dario\AppData\Local\Temp\arduino_build_859747/..\arduino_cache_797097\core\core_arduino_sam_arduino_due_x_dbg_d44643eca22bf91b787e208745d157cb.a(USBCore.cpp.o)
 .init_array    0x00089670        0x4 C:\Users\dario\AppData\Local\Temp\arduino_build_859747/..\arduino_cache_797097\core\core_arduino_sam_arduino_due_x_dbg_d44643eca22bf91b787e208745d157cb.a(CDC.cpp.o)
                0x00089674                __init_array_end = .
                0x00089674                . = ALIGN (0x4)
 *crtbegin.o(.ctors)
 *(EXCLUDE_FILE(*crtend.o) .ctors)
 *(SORT(.ctors.*))
 *crtend.o(.ctors)
                0x00089674                . = ALIGN (0x4)
 *(.fini)
 .fini          0x00089674        0x4 c:/users/dario/appdata/local/arduino15/packages/arduino/tools/arm-none-eabi-gcc/4.8.3-2014q1/bin/../lib/gcc/arm-none-eabi/4.8.3/armv7-m/crti.o
                0x00089674                _fini
 .fini          0x00089678        0x8 c:/users/dario/appdata/local/arduino15/packages/arduino/tools/arm-none-eabi-gcc/4.8.3-2014q1/bin/../lib/gcc/arm-none-eabi/4.8.3/armv7-m/crtn.o
                0x00089680                . = ALIGN (0x4)
                0x00089680                __fini_array_start = .
 *(.fini_array)
 .fini_array    0x00089680        0x4 c:/users/dario/appdata/local/arduino15/packages/arduino/tools/arm-none-eabi-gcc/4.8.3-2014q1/bin/../lib/gcc/arm-none-eabi/4.8.3/armv7-m/crtbegin.o
 *(SORT(.fini_array.*))
                0x00089684                __fini_array_end = .
 *crtbegin.o(.dtors)
 *(EXCLUDE_FILE(*crtend.o) .dtors)
 *(SORT(.dtors.*))
 *crtend.o(.dtors)
                0x00089684                . = ALIGN (0x4)
                0x00089684                _efixed = .
                0x00089684                PROVIDE (__exidx_start, .)

.vfp11_veneer   0x00089684        0x0
 .vfp11_veneer  0x00000000        0x0 linker stubs

.v4_bx          0x00089684        0x0
 .v4_bx         0x00000000        0x0 linker stubs

.iplt           0x00089684        0x0
 .iplt          0x00000000        0x0 c:/users/dario/appdata/local/arduino15/packages/arduino/tools/arm-none-eabi-gcc/4.8.3-2014q1/bin/../lib/gcc/arm-none-eabi/4.8.3/armv7-m/crtbegin.o

.ARM.exidx      0x00089684        0x8
 *(.ARM.exidx* .gnu.linkonce.armexidx.*)
 .ARM.exidx     0x00089684        0x8 c:/users/dario/appdata/local/arduino15/packages/arduino/tools/arm-none-eabi-gcc/4.8.3-2014q1/bin/../lib/gcc/arm-none-eabi/4.8.3/armv7-m\libgcc.a(_divdi3.o)
 .ARM.exidx     0x0008968c        0x0 c:/users/dario/appdata/local/arduino15/packages/arduino/tools/arm-none-eabi-gcc/4.8.3-2014q1/bin/../lib/gcc/arm-none-eabi/4.8.3/armv7-m\libgcc.a(_udivdi3.o)
                                  0x8 (size before relaxing)
                0x0008968c                PROVIDE (__exidx_end, .)

.eh_frame       0x0008968c        0x0