Archive member included because of file (symbol)

C:\Users\dario\AppData\Local\Arduino15\packages\arduino\hardware\sam\1.6.11\variants\arduino_due_x/libsam_sam3x8e_gcc_rel.a(pio.o)
                              C:\Users\dario\AppData\Local\Temp\arduino_build_180443\core\variant.cpp.o (PIO_Configure)
C:\Users\dario\AppData\Local\Arduino15\packages\arduino\hardware\sam\1.6.11\variants\arduino_due_x/libsam_sam3x8e_gcc_rel.a(pmc.o)
                              C:\Users\dario\AppData\Local\Temp\arduino_build_180443\core\variant.cpp.o (pmc_enable_periph_clk)
C:\Users\dario\AppData\Local\Arduino15\packages\arduino\hardware\sam\1.6.11\variants\arduino_due_x/libsam_sam3x8e_gcc_rel.a(system_sam3xa.o)
                              C:\Users\dario\AppData\Local\Temp\arduino_build_180443\core\variant.cpp.o (SystemInit)
C:\Users\dario\AppData\Local\Arduino15\packages\arduino\hardware\sam\1.6.11\variants\arduino_due_x/libsam_sam3x8e_gcc_rel.a(startup_sam3xa.o)
                              (Reset_Handler)
C:\Users\dario\AppData\Local\Arduino15\packages\arduino\hardware\sam\1.6.11\variants\arduino_due_x/libsam_sam3x8e_gcc_rel.a(adc.o)
                              C:\Users\dario\AppData\Local\Temp\arduino_build_180443\core\variant.cpp.o (adc_init)
C:\Users\dario\AppData\Local\Arduino15\packages\arduino\hardware\sam\1.6.11\variants\arduino_due_x/libsam_sam3x8e_gcc_rel.a(uotghs.o)
                              C:\Users\dario\AppData\Local\Arduino15\packages\arduino\hardware\sam\1.6.11\variants\arduino_due_x/libsam_sam3x8e_gcc_rel.a(startup_sam3xa.o) (UOTGHS_Handler)
C:\Users\dario\AppData\Local\Temp\arduino_build_180443/..\arduino_cache_657693\core\core_arduino_sam_arduino_due_x_dbg_d44643eca22bf91b787e208745d157cb.a(WInterrupts.c.o)
                              C:\Users\dario\AppData\Local\Temp\arduino_build_180443\sketch\knobby3_1.ino.cpp.o (attachInterrupt)
C:\Users\dario\AppData\Local\Temp\arduino_build_180443/..\arduino_cache_657693\core\core_arduino_sam_arduino_due_x_dbg_d44643eca22bf91b787e208745d157cb.a(cortex_handlers.c.o)
                              C:\Users\dario\AppData\Local\Arduino15\packages\arduino\hardware\sam\1.6.11\variants\arduino_due_x/libsam_sam3x8e_gcc_rel.a(startup_sam3xa.o) (NMI_Handler)
C:\Users\dario\AppData\Local\Temp\arduino_build_180443/..\arduino_cache_657693\core\core_arduino_sam_arduino_due_x_dbg_d44643eca22bf91b787e208745d157cb.a(hooks.c.o)
                              C:\Users\dario\AppData\Local\Temp\arduino_build_180443/..\arduino_cache_657693\core\core_arduino_sam_arduino_due_x_dbg_d44643eca22bf91b787e208745d157cb.a(cortex_handlers.c.o) (sysTickHook)
C:\Users\dario\AppData\Local\Temp\arduino_build_180443/..\arduino_cache_657693\core\core_arduino_sam_arduino_due_x_dbg_d44643eca22bf91b787e208745d157cb.a(syscalls_sam3.c.o)
                              (_sbrk)
C:\Users\dario\AppData\Local\Temp\arduino_build_180443/..\arduino_cache_657693\core\core_arduino_sam_arduino_due_x_dbg_d44643eca22bf91b787e208745d157cb.a(wiring.c.o)
                              C:\Users\dario\AppData\Local\Temp\arduino_build_180443\sketch\knobby3_1.ino.cpp.o (delay)
C:\Users\dario\AppData\Local\Temp\arduino_build_180443/..\arduino_cache_657693\core\core_arduino_sam_arduino_due_x_dbg_d44643eca22bf91b787e208745d157cb.a(wiring_analog.c.o)
                              C:\Users\dario\AppData\Local\Temp\arduino_build_180443\core\variant.cpp.o (analogOutputInit)
C:\Users\dario\AppData\Local\Temp\arduino_build_180443/..\arduino_cache_657693\core\core_arduino_sam_arduino_due_x_dbg_d44643eca22bf91b787e208745d157cb.a(wiring_digital.c.o)
                              C:\Users\dario\AppData\Local\Temp\arduino_build_180443\sketch\knobby3_1.ino.cpp.o (pinMode)
C:\Users\dario\AppData\Local\Temp\arduino_build_180443/..\arduino_cache_657693\core\core_arduino_sam_arduino_due_x_dbg_d44643eca22bf91b787e208745d157cb.a(Print.cpp.o)
                              C:\Users\dario\AppData\Local\Temp\arduino_build_180443\sketch\knobby3_1.ino.cpp.o (Print::print(String const&))
C:\Users\dario\AppData\Local\Temp\arduino_build_180443/..\arduino_cache_657693\core\core_arduino_sam_arduino_due_x_dbg_d44643eca22bf91b787e208745d157cb.a(Reset.cpp.o)
                              C:\Users\dario\AppData\Local\Temp\arduino_build_180443/..\arduino_cache_657693\core\core_arduino_sam_arduino_due_x_dbg_d44643eca22bf91b787e208745d157cb.a(cortex_handlers.c.o) (tickReset)
C:\Users\dario\AppData\Local\Temp\arduino_build_180443/..\arduino_cache_657693\core\core_arduino_sam_arduino_due_x_dbg_d44643eca22bf91b787e208745d157cb.a(RingBuffer.cpp.o)
                              C:\Users\dario\AppData\Local\Temp\arduino_build_180443\core\variant.cpp.o (RingBuffer::RingBuffer())
C:\Users\dario\AppData\Local\Temp\arduino_build_180443/..\arduino_cache_657693\core\core_arduino_sam_arduino_due_x_dbg_d44643eca22bf91b787e208745d157cb.a(Stream.cpp.o)
[...]
Memory Configuration

Name             Origin             Length             Attributes
rom              0x00080000         0x00080000         xr
sram0            0x20000000         0x00010000         xrw
sram1            0x20080000         0x00008000         xrw
ram              0x20070000         0x00018000         xrw
*default*        0x00000000         0xffffffff

Linker script and memory map

LOAD c:/users/dario/appdata/local/arduino15/packages/arduino/tools/arm-none-eabi-gcc/4.8.3-2014q1/bin/../lib/gcc/arm-none-eabi/4.8.3/armv7-m/crti.o
LOAD c:/users/dario/appdata/local/arduino15/packages/arduino/tools/arm-none-eabi-gcc/4.8.3-2014q1/bin/../lib/gcc/arm-none-eabi/4.8.3/armv7-m/crtbegin.o
LOAD c:/users/dario/appdata/local/arduino15/packages/arduino/tools/arm-none-eabi-gcc/4.8.3-2014q1/bin/../lib/gcc/arm-none-eabi/4.8.3/../../../../arm-none-eabi/lib/armv7-m/crt0.o
START GROUP
LOAD C:\Users\dario\AppData\Local\Temp\arduino_build_180443\sketch\knobby3_1.ino.cpp.o
LOAD C:\Users\dario\AppData\Local\Temp\arduino_build_180443\libraries\Encoder\Encoder.cpp.o
LOAD C:\Users\dario\AppData\Local\Temp\arduino_build_180443\core\variant.cpp.o
LOAD C:\Users\dario\AppData\Local\Arduino15\packages\arduino\hardware\sam\1.6.11\variants\arduino_due_x/libsam_sam3x8e_gcc_rel.a
LOAD C:\Users\dario\AppData\Local\Temp\arduino_build_180443/..\arduino_cache_657693\core\core_arduino_sam_arduino_due_x_dbg_d44643eca22bf91b787e208745d157cb.a
END GROUP
LOAD c:/users/dario/appdata/local/arduino15/packages/arduino/tools/arm-none-eabi-gcc/4.8.3-2014q1/bin/../lib/gcc/arm-none-eabi/4.8.3/../../../../arm-none-eabi/lib/armv7-m\libm.a
START GROUP
LOAD c:/users/dario/appdata/local/arduino15/packages/arduino/tools/arm-none-eabi-gcc/4.8.3-2014q1/bin/../lib/gcc/arm-none-eabi/4.8.3/armv7-m\libgcc.a
LOAD c:/users/dario/appdata/local/arduino15/packages/arduino/tools/arm-none-eabi-gcc/4.8.3-2014q1/bin/../lib/gcc/arm-none-eabi/4.8.3/../../../../arm-none-eabi/lib/armv7-m\libg.a
LOAD c:/users/dario/appdata/local/arduino15/packages/arduino/tools/arm-none-eabi-gcc/4.8.3-2014q1/bin/../lib/gcc/arm-none-eabi/4.8.3/../../../../arm-none-eabi/lib/armv7-m\libc.a
END GROUP
LOAD c:/users/dario/appdata/local/arduino15/packages/arduino/tools/arm-none-eabi-gcc/4.8.3-2014q1/bin/../lib/gcc/arm-none-eabi/4.8.3/armv7-m/crtend.o
LOAD c:/users/dario/appdata/local/arduino15/packages/arduino/tools/arm-none-eabi-gcc/4.8.3-2014q1/bin/../lib/gcc/arm-none-eabi/4.8.3/armv7-m/crtn.o

.text           0x00080000     0x9a9c
                0x00080000                . = ALIGN (0x4)
                0x00080000                _sfixed = .
 *(.vectors .vectors.*)
 .vectors       0x00080000       0xf4 C:\Users\dario\AppData\Local\Arduino15\packages\arduino\hardware\sam\1.6.11\variants\arduino_due_x/libsam_sam3x8e_gcc_rel.a(startup_sam3xa.o)
                0x00080000                exception_table
 *(.text .text.* .gnu.linkonce.t.*)
 .text          0x000800f4       0x54 c:/users/dario/appdata/local/arduino15/packages/arduino/tools/arm-none-eabi-gcc/4.8.3-2014q1/bin/../lib/gcc/arm-none-eabi/4.8.3/armv7-m/crtbegin.o
 .text._ZN5Print5writeEPKc
                0x00080148       0x1e C:\Users\dario\AppData\Local\Temp\arduino_build_180443\sketch\knobby3_1.ino.cpp.o
                0x00080148                Print::write(char const*)
 .text._ZN5Print5writeEPKcj
                0x00080166        0xa C:\Users\dario\AppData\Local\Temp\arduino_build_180443\sketch\knobby3_1.ino.cpp.o
                0x00080166                Print::write(char const*, unsigned int)
 .text._ZN7Encoder6updateEP24Encoder_internal_state_t
                0x00080170       0x5c C:\Users\dario\AppData\Local\Temp\arduino_build_180443\sketch\knobby3_1.ino.cpp.o
                0x00080170                Encoder::update(Encoder_internal_state_t*)
 .text._ZN7Encoder4readEv
                0x000801cc       0x1a C:\Users\dario\AppData\Local\Temp\arduino_build_180443\sketch\knobby3_1.ino.cpp.o
                0x000801cc                Encoder::read()
 *fill*         0x000801e6        0x2 
 .text._Z10IRQcounterv
                0x000801e8      0x394 C:\Users\dario\AppData\Local\Temp\arduino_build_180443\sketch\knobby3_1.ino.cpp.o
                0x000801e8                IRQcounter()
 .text._ZN7Encoder5isr53Ev
                0x0008057c       0x14 C:\Users\dario\AppData\Local\Temp\arduino_build_180443\sketch\knobby3_1.ino.cpp.o
                0x0008057c                Encoder::isr53()
 .text._ZN7Encoder5isr52Ev
                0x00080590       0x14 C:\Users\dario\AppData\Local\Temp\arduino_build_180443\sketch\knobby3_1.ino.cpp.o
                0x00080590                Encoder::isr52()
 .text._ZN7Encoder5isr51Ev
                0x000805a4       0x14 C:\Users\dario\AppData\Local\Temp\arduino_build_180443\sketch\knobby3_1.ino.cpp.o
                0x000805a4                Encoder::isr51()
 .text._ZN7Encoder5isr50Ev
                0x000805b8       0x14 C:\Users\dario\AppData\Local\Temp\arduino_build_180443\sketch\knobby3_1.ino.cpp.o
                0x000805b8                Encoder::isr50()
 .text._ZN7Encoder5isr49Ev
                0x000805cc       0x14 C:\Users\dario\AppData\Local\Temp\arduino_build_180443\sketch\knobby3_1.ino.cpp.o
                0x000805cc                Encoder::isr49()
 .text._ZN7Encoder5isr48Ev
                0x000805e0       0x14 C:\Users\dario\AppData\Local\Temp\arduino_build_180443\sketch\knobby3_1.ino.cpp.o
                0x000805e0                Encoder::isr48()
 .text._ZN7Encoder5isr47Ev
                0x000805f4       0x14 C:\Users\dario\AppData\Local\Temp\arduino_build_180443\sketch\knobby3_1.ino.cpp.o
                0x000805f4                Encoder::isr47()
 .text._ZN7Encoder5isr46Ev
                0x00080608       0x14 C:\Users\dario\AppData\Local\Temp\arduino_build_180443\sketch\knobby3_1.ino.cpp.o
                0x00080608                Encoder::isr46()
 .text._ZN7Encoder5isr45Ev
                0x0008061c       0x14 C:\Users\dario\AppData\Local\Temp\arduino_build_180443\sketch\knobby3_1.ino.cpp.o
                0x0008061c                Encoder::isr45()
 .text._ZN7Encoder5isr44Ev
                0x00080630       0x14 C:\Users\dario\AppData\Local\Temp\arduino_build_180443\sketch\knobby3_1.ino.cpp.o
                0x00080630                Encoder::isr44()
 .text._ZN7Encoder5isr43Ev
                0x00080644       0x14 C:\Users\dario\AppData\Local\Temp\arduino_build_180443\sketch\knobby3_1.ino.cpp.o
                0x00080644                Encoder::isr43()
 .text._ZN7Encoder5isr42Ev
                0x00080658       0x14 C:\Users\dario\AppData\Local\Temp\arduino_build_180443\sketch\knobby3_1.ino.cpp.o
                0x00080658                Encoder::isr42()
 .text._ZN7Encoder5isr41Ev
                0x0008066c       0x14 C:\Users\dario\AppData\Local\Temp\arduino_build_180443\sketch\knobby3_1.ino.cpp.o
                0x0008066c                Encoder::isr41()
 .text._ZN7Encoder5isr40Ev
                0x00080680       0x14 C:\Users\dario\AppData\Local\Temp\arduino_build_180443\sketch\knobby3_1.ino.cpp.o
                0x00080680                Encoder::isr40()
 .text._ZN7Encoder5isr39Ev
                0x00080694       0x14 C:\Users\dario\AppData\Local\Temp\arduino_build_180443\sketch\knobby3_1.ino.cpp.o
                0x00080694                Encoder::isr39()
 .text._ZN7Encoder5isr38Ev
                0x000806a8       0x14 C:\Users\dario\AppData\Local\Temp\arduino_build_180443\sketch\knobby3_1.ino.cpp.o
                0x000806a8                Encoder::isr38()
 .text._ZN7Encoder5isr37Ev
                0x000806bc       0x14 C:\Users\dario\AppData\Local\Temp\arduino_build_180443\sketch\knobby3_1.ino.cpp.o
                0x000806bc                Encoder::isr37()
 .text._ZN7Encoder5isr36Ev
                0x000806d0       0x14 C:\Users\dario\AppData\Local\Temp\arduino_build_180443\sketch\knobby3_1.ino.cpp.o
                0x000806d0                Encoder::isr36()
 .text._ZN7Encoder5isr35Ev
                0x000806e4       0x14 C:\Users\dario\AppData\Local\Temp\arduino_build_180443\sketch\knobby3_1.ino.cpp.o
                0x000806e4                Encoder::isr35()
 .text._ZN7Encoder5isr34Ev
                0x000806f8       0x14 C:\Users\dario\AppData\Local\Temp\arduino_build_180443\sketch\knobby3_1.ino.cpp.o
                0x000806f8                Encoder::isr34()
 .text._ZN7Encoder5isr33Ev
                0x0008070c       0x14 C:\Users\dario\AppData\Local\Temp\arduino_build_180443\sketch\knobby3_1.ino.cpp.o
                0x0008070c                Encoder::isr33()
 .text._ZN7Encoder5isr32Ev
                0x00080720       0x14 C:\Users\dario\AppData\Local\Temp\arduino_build_180443\sketch\knobby3_1.ino.cpp.o
                0x00080720                Encoder::isr32()
 .text._ZN7Encoder5isr31Ev
                0x00080734       0x10 C:\Users\dario\AppData\Local\Temp\arduino_build_180443\sketch\knobby3_1.ino.cpp.o
                0x00080734                Encoder::isr31()
 .text._ZN7Encoder5isr30Ev
                0x00080744       0x10 C:\Users\dario\AppData\Local\Temp\arduino_build_180443\sketch\knobby3_1.ino.cpp.o
                0x00080744                Encoder::isr30()
 .text._ZN7Encoder5isr29Ev
                0x00080754       0x10 C:\Users\dario\AppData\Local\Temp\arduino_build_180443\sketch\knobby3_1.ino.cpp.o
                0x00080754                Encoder::isr29()
 .text._ZN7Encoder5isr28Ev
                0x00080764       0x10 C:\Users\dario\AppData\Local\Temp\arduino_build_180443\sketch\knobby3_1.ino.cpp.o
                0x00080764                Encoder::isr28()
 .text._ZN7Encoder5isr27Ev
                0x00080774       0x10 C:\Users\dario\AppData\Local\Temp\arduino_build_180443\sketch\knobby3_1.ino.cpp.o
                0x00080774                Encoder::isr27()
 .text._ZN7Encoder5isr26Ev
                0x00080784       0x10 C:\Users\dario\AppData\Local\Temp\arduino_build_180443\sketch\knobby3_1.ino.cpp.o
                0x00080784                Encoder::isr26()
 .text._ZN7Encoder5isr25Ev
                0x00080794       0x10 C:\Users\dario\AppData\Local\Temp\arduino_build_180443\sketch\knobby3_1.ino.cpp.o
                0x00080794                Encoder::isr25()
 .text._ZN7Encoder5isr24Ev
                0x000807a4       0x10 C:\Users\dario\AppData\Local\Temp\arduino_build_180443\sketch\knobby3_1.ino.cpp.o
                0x000807a4                Encoder::isr24()
 .text._ZN7Encoder5isr23Ev
                0x000807b4       0x10 C:\Users\dario\AppData\Local\Temp\arduino_build_180443\sketch\knobby3_1.ino.cpp.o
                0x000807b4                Encoder::isr23()
 .text._ZN7Encoder5isr22Ev
                0x000807c4       0x10 C:\Users\dario\AppData\Local\Temp\arduino_build_180443\sketch\knobby3_1.ino.cpp.o
                0x000807c4                Encoder::isr22()
 .text._ZN7Encoder5isr21Ev
                0x000807d4       0x10 C:\Users\dario\AppData\Local\Temp\arduino_build_180443\sketch\knobby3_1.ino.cpp.o
                0x000807d4                Encoder::isr21()
 .text._ZN7Encoder5isr20Ev
                0x000807e4       0x10 C:\Users\dario\AppData\Local\Temp\arduino_build_180443\sketch\knobby3_1.ino.cpp.o
                0x000807e4                Encoder::isr20()
 .text._ZN7Encoder5isr19Ev
                0x000807f4       0x10 C:\Users\dario\AppData\Local\Temp\arduino_build_180443\sketch\knobby3_1.ino.cpp.o
                0x000807f4                Encoder::isr19()
 .text._ZN7Encoder5isr18Ev
                0x00080804       0x10 C:\Users\dario\AppData\Local\Temp\arduino_build_180443\sketch\knobby3_1.ino.cpp.o
                0x00080804                Encoder::isr18()
 .text._ZN7Encoder5isr17Ev
                0x00080814       0x10 C:\Users\dario\AppData\Local\Temp\arduino_build_180443\sketch\knobby3_1.ino.cpp.o
                0x00080814                Encoder::isr17()
 .text._ZN7Encoder5isr16Ev
                0x00080824       0x10 C:\Users\dario\AppData\Local\Temp\arduino_build_180443\sketch\knobby3_1.ino.cpp.o
                0x00080824                Encoder::isr16()
 .text._ZN7Encoder5isr15Ev
                0x00080834       0x10 C:\Users\dario\AppData\Local\Temp\arduino_build_180443\sketch\knobby3_1.ino.cpp.o
                0x00080834                Encoder::isr15()
 .text._ZN7Encoder5isr14Ev
                0x00080844       0x10 C:\Users\dario\AppData\Local\Temp\arduino_build_180443\sketch\knobby3_1.ino.cpp.o
                0x00080844                Encoder::isr14()
 .text._ZN7Encoder5isr13Ev
                0x00080854       0x10 C:\Users\dario\AppData\Local\Temp\arduino_build_180443\sketch\knobby3_1.ino.cpp.o
                0x00080854                Encoder::isr13()
 .text._ZN7Encoder5isr12Ev
                0x00080864       0x10 C:\Users\dario\AppData\Local\Temp\arduino_build_180443\sketch\knobby3_1.ino.cpp.o
                0x00080864                Encoder::isr12()
 .text._ZN7Encoder5isr11Ev
                0x00080874       0x10 C:\Users\dario\AppData\Local\Temp\arduino_build_180443\sketch\knobby3_1.ino.cpp.o
                0x00080874                Encoder::isr11()
 .text._ZN7Encoder5isr10Ev
                0x00080884       0x10 C:\Users\dario\AppData\Local\Temp\arduino_build_180443\sketch\knobby3_1.ino.cpp.o
                0x00080884                Encoder::isr10()
 .text._ZN7Encoder4isr9Ev
                0x00080894       0x10 C:\Users\dario\AppData\Local\Temp\arduino_build_180443\sketch\knobby3_1.ino.cpp.o
                0x00080894                Encoder::isr9()
 .text._ZN7Encoder4isr8Ev
                0x000808a4       0x10 C:\Users\dario\AppData\Local\Temp\arduino_build_180443\sketch\knobby3_1.ino.cpp.o
                0x000808a4                Encoder::isr8()
 .text._ZN7Encoder4isr7Ev
                0x000808b4       0x10 C:\Users\dario\AppData\Local\Temp\arduino_build_180443\sketch\knobby3_1.ino.cpp.o
                0x000808b4                Encoder::isr7()
 .text._ZN7Encoder4isr6Ev
                0x000808c4       0x10 C:\Users\dario\AppData\Local\Temp\arduino_build_180443\sketch\knobby3_1.ino.cpp.o
                0x000808c4                Encoder::isr6()
 .text._ZN7Encoder4isr5Ev
                0x000808d4       0x10 C:\Users\dario\AppData\Local\Temp\arduino_build_180443\sketch\knobby3_1.ino.cpp.o
                0x000808d4                Encoder::isr5()
 .text._ZN7Encoder4isr4Ev
                0x000808e4       0x10 C:\Users\dario\AppData\Local\Temp\arduino_build_180443\sketch\knobby3_1.ino.cpp.o
                0x000808e4                Encoder::isr4()
 .text._ZN7Encoder4isr3Ev
                0x000808f4       0x10 C:\Users\dario\AppData\Local\Temp\arduino_build_180443\sketch\knobby3_1.ino.cpp.o
                0x000808f4                Encoder::isr3()
 .text._ZN7Encoder4isr2Ev
                0x00080904       0x10 C:\Users\dario\AppData\Local\Temp\arduino_build_180443\sketch\knobby3_1.ino.cpp.o
                0x00080904                Encoder::isr2()
 .text._ZN7Encoder4isr1Ev
                0x00080914       0x10 C:\Users\dario\AppData\Local\Temp\arduino_build_180443\sketch\knobby3_1.ino.cpp.o
                0x00080914                Encoder::isr1()
 .text._ZN7Encoder4isr0Ev
                0x00080924       0x10 C:\Users\dario\AppData\Local\Temp\arduino_build_180443\sketch\knobby3_1.ino.cpp.o
                0x00080924                Encoder::isr0()
 .text._ZN7Encoder16attach_interruptEhP24Encoder_internal_state_t
                0x00080934      0x3ac C:\Users\dario\AppData\Local\Temp\arduino_build_180443\sketch\knobby3_1.ino.cpp.o
                0x00080934                Encoder::attach_interrupt(unsigned char, Encoder_internal_state_t*)
 .text._ZN7EncoderC2Ehh
                0x00080ce0       0x88 C:\Users\dario\AppData\Local\Temp\arduino_build_180443\sketch\knobby3_1.ino.cpp.o
                0x00080ce0                Encoder::Encoder(unsigned char, unsigned char)
                0x00080ce0                Encoder::Encoder(unsigned char, unsigned char)
 .text._Z11reset_deltav
                0x00080d68       0x34 C:\Users\dario\AppData\Local\Temp\arduino_build_180443\sketch\knobby3_1.ino.cpp.o
                0x00080d68                reset_delta()
 .text._Z10format_dlrcfi
                0x00080d9c       0x90 C:\Users\dario\AppData\Local\Temp\arduino_build_180443\sketch\knobby3_1.ino.cpp.o
                0x00080d9c                format_dlr(char, float, int)
 .text._Z16report_back_axisil.part.2
                0x00080e2c       0x48 C:\Users\dario\AppData\Local\Temp\arduino_build_180443\sketch\knobby3_1.ino.cpp.o
 .text._Z16report_back_axisil
                0x00080e74       0x4c C:\Users\dario\AppData\Local\Temp\arduino_build_180443\sketch\knobby3_1.ino.cpp.o
                0x00080e74                report_back_axis(int, long)
 .text._Z11update_axisil
                0x00080ec0       0xbc C:\Users\dario\AppData\Local\Temp\arduino_build_180443\sketch\knobby3_1.ino.cpp.o
                0x00080ec0                update_axis(int, long)
 .text.startup._GLOBAL__sub_I_buf
                0x00080f7c       0x30 C:\Users\dario\AppData\Local\Temp\arduino_build_180443\sketch\knobby3_1.ino.cpp.o
 .text.setup    0x00080fac       0xbc C:\Users\dario\AppData\Local\Temp\arduino_build_180443\sketch\knobby3_1.ino.cpp.o
                0x00080fac                setup
 .text.loop     0x00081068      0xb38 C:\Users\dario\AppData\Local\Temp\arduino_build_180443\sketch\knobby3_1.ino.cpp.o
                0x00081068                loop
 .text._Z11serialEventv
                0x00081ba0        0x2 C:\Users\dario\AppData\Local\Temp\arduino_build_180443\core\variant.cpp.o
                0x00081ba0                serialEvent()
 *fill*         0x00081ba2        0x2 
 .text.UART_Handler
                0x00081ba4        0xc C:\Users\dario\AppData\Local\Temp\arduino_build_180443\core\variant.cpp.o
                0x00081ba4                UART_Handler
 .text._Z12serialEvent1v
                0x00081bb0        0x2 C:\Users\dario\AppData\Local\Temp\arduino_build_180443\core\variant.cpp.o
                0x00081bb0                serialEvent1()
 .text._Z12serialEvent2v
                0x00081bb2        0x2 C:\Users\dario\AppData\Local\Temp\arduino_build_180443\core\variant.cpp.o
                0x00081bb2                serialEvent2()
 .text._Z12serialEvent3v
                0x00081bb4        0x2 C:\Users\dario\AppData\Local\Temp\arduino_build_180443\core\variant.cpp.o
                0x00081bb4                serialEvent3()
 *fill*         0x00081bb6        0x2 
 .text.USART0_Handler
                0x00081bb8        0xc C:\Users\dario\AppData\Local\Temp\arduino_build_180443\core\variant.cpp.o
                0x00081bb8                USART0_Handler
 .text.USART1_Handler
                0x00081bc4        0xc C:\Users\dario\AppData\Local\Temp\arduino_build_180443\core\variant.cpp.o
                0x00081bc4                USART1_Handler
 .text.USART3_Handler
                0x00081bd0        0xc C:\Users\dario\AppData\Local\Temp\arduino_build_180443\core\variant.cpp.o
                0x00081bd0                USART3_Handler
 .text.init     0x00081bdc      0x128 C:\Users\dario\AppData\Local\Temp\arduino_build_180443\core\variant.cpp.o
                0x00081bdc                init
 .text.startup._GLOBAL__sub_I_g_APinDescription
                0x00081d04       0xd4 C:\Users\dario\AppData\Local\Temp\arduino_build_180443\core\variant.cpp.o
 .text._Z14serialEventRunv
                0x00081dd8       0x44 C:\Users\dario\AppData\Local\Temp\arduino_build_180443\core\variant.cpp.o
                0x00081dd8                serialEventRun()
 .text.PIO_PullUp
                0x00081e1c        0xa C:\Users\dario\AppData\Local\Arduino15\packages\arduino\hardware\sam\1.6.11\variants\arduino_due_x/libsam_sam3x8e_gcc_rel.a(pio.o)
                0x00081e1c                PIO_PullUp
 .text.PIO_SetPeripheral
                0x00081e26       0x26 C:\Users\dario\AppData\Local\Arduino15\packages\arduino\hardware\sam\1.6.11\variants\arduino_due_x/libsam_sam3x8e_gcc_rel.a(pio.o)
                0x00081e26                PIO_SetPeripheral
 .text.PIO_SetInput
                0x00081e4c       0x26 C:\Users\dario\AppData\Local\Arduino15\packages\arduino\hardware\sam\1.6.11\variants\arduino_due_x/libsam_sam3x8e_gcc_rel.a(pio.o)
                0x00081e4c                PIO_SetInput
 .text.PIO_SetOutput
                0x00081e72       0x24 C:\Users\dario\AppData\Local\Arduino15\packages\arduino\hardware\sam\1.6.11\variants\arduino_due_x/libsam_sam3x8e_gcc_rel.a(pio.o)
                0x00081e72                PIO_SetOutput
 *fill*         0x00081e96        0x2 
 .text.PIO_Configure
                0x00081e98       0x64 C:\Users\dario\AppData\Local\Arduino15\packages\arduino\hardware\sam\1.6.11\variants\arduino_due_x/libsam_sam3x8e_gcc_rel.a(pio.o)
                0x00081e98                PIO_Configure
 .text.PIO_GetOutputDataStatus
                0x00081efc       0x14 C:\Users\dario\AppData\Local\Arduino15\packages\arduino\hardware\sam\1.6.11\variants\arduino_due_x/libsam_sam3x8e_gcc_rel.a(pio.o)
                0x00081efc                PIO_GetOutputDataStatus
 .text.pmc_enable_upll_clock
                0x00081f10       0x14 C:\Users\dario\AppData\Local\Arduino15\packages\arduino\hardware\sam\1.6.11\variants\arduino_due_x/libsam_sam3x8e_gcc_rel.a(pmc.o)
                0x00081f10                pmc_enable_upll_clock
 .text.pmc_enable_periph_clk
                0x00081f24       0x44 C:\Users\dario\AppData\Local\Arduino15\packages\arduino\hardware\sam\1.6.11\variants\arduino_due_x/libsam_sam3x8e_gcc_rel.a(pmc.o)
                0x00081f24                pmc_enable_periph_clk
 .text.pmc_disable_periph_clk
                0x00081f68       0x40 C:\Users\dario\AppData\Local\Arduino15\packages\arduino\hardware\sam\1.6.11\variants\arduino_due_x/libsam_sam3x8e_gcc_rel.a(pmc.o)
                0x00081f68                pmc_disable_periph_clk
 .text.pmc_switch_udpck_to_upllck
                0x00081fa8       0x14 C:\Users\dario\AppData\Local\Arduino15\packages\arduino\hardware\sam\1.6.11\variants\arduino_due_x/libsam_sam3x8e_gcc_rel.a(pmc.o)
                0x00081fa8                pmc_switch_udpck_to_upllck
 .text.pmc_enable_udpck
                0x00081fbc        0xc C:\Users\dario\AppData\Local\Arduino15\packages\arduino\hardware\sam\1.6.11\variants\arduino_due_x/libsam_sam3x8e_gcc_rel.a(pmc.o)
                0x00081fbc                pmc_enable_udpck
 .text.SystemInit
                0x00081fc8       0x88 C:\Users\dario\AppData\Local\Arduino15\packages\arduino\hardware\sam\1.6.11\variants\arduino_due_x/libsam_sam3x8e_gcc_rel.a(system_sam3xa.o)
                0x00081fc8                SystemInit
 .text.Reset_Handler
                0x00082050       0x78 C:\Users\dario\AppData\Local\Arduino15\packages\arduino\hardware\sam\1.6.11\variants\arduino_due_x/libsam_sam3x8e_gcc_rel.a(startup_sam3xa.o)
                0x00082050                Reset_Handler
 .text.adc_init
                0x000820c8       0x98 C:\Users\dario\AppData\Local\Arduino15\packages\arduino\hardware\sam\1.6.11\variants\arduino_due_x/libsam_sam3x8e_gcc_rel.a(adc.o)
                0x000820c8                adc_init
 .text.adc_configure_trigger
                0x00082160        0xe C:\Users\dario\AppData\Local\Arduino15\packages\arduino\hardware\sam\1.6.11\variants\arduino_due_x/libsam_sam3x8e_gcc_rel.a(adc.o)
                0x00082160                adc_configure_trigger
 .text.adc_configure_timing
                0x0008216e       0x1a C:\Users\dario\AppData\Local\Arduino15\packages\arduino\hardware\sam\1.6.11\variants\arduino_due_x/libsam_sam3x8e_gcc_rel.a(adc.o)
                0x0008216e                adc_configure_timing
 .text.adc_disable_channel
                0x00082188        0xa C:\Users\dario\AppData\Local\Arduino15\packages\arduino\hardware\sam\1.6.11\variants\arduino_due_x/libsam_sam3x8e_gcc_rel.a(adc.o)
                0x00082188                adc_disable_channel
 .text.adc_disable_all_channel
                0x00082192        0x8 C:\Users\dario\AppData\Local\Arduino15\packages\arduino\hardware\sam\1.6.11\variants\arduino_due_x/libsam_sam3x8e_gcc_rel.a(adc.o)
                0x00082192                adc_disable_all_channel
 .text.adc_disable_interrupt
                0x0008219a        0x4 C:\Users\dario\AppData\Local\Arduino15\packages\arduino\hardware\sam\1.6.11\variants\arduino_due_x/libsam_sam3x8e_gcc_rel.a(adc.o)
                0x0008219a                adc_disable_interrupt
 *fill*         0x0008219e        0x2 
 .text.UOTGHS_Handler
                0x000821a0       0x10 C:\Users\dario\AppData\Local\Arduino15\packages\arduino\hardware\sam\1.6.11\variants\arduino_due_x/libsam_sam3x8e_gcc_rel.a(uotghs.o)
                0x000821a0                UOTGHS_Handler
 .text.attachInterrupt
                0x000821b0      0x148 C:\Users\dario\AppData\Local\Temp\arduino_build_180443/..\arduino_cache_657693\core\core_arduino_sam_arduino_due_x_dbg_d44643eca22bf91b787e208745d157cb.a(WInterrupts.c.o)
                0x000821b0                attachInterrupt
 .text.PIOA_Handler
                0x000822f8       0x38 C:\Users\dario\AppData\Local\Temp\arduino_build_180443/..\arduino_cache_657693\core\core_arduino_sam_arduino_due_x_dbg_d44643eca22bf91b787e208745d157cb.a(WInterrupts.c.o)
                0x000822f8                PIOA_Handler
 .text.PIOB_Handler
                0x00082330       0x38 C:\Users\dario\AppData\Local\Temp\arduino_build_180443/..\arduino_cache_657693\core\core_arduino_sam_arduino_due_x_dbg_d44643eca22bf91b787e208745d157cb.a(WInterrupts.c.o)
                0x00082330                PIOB_Handler
 .text.PIOC_Handler
                0x00082368       0x38 C:\Users\dario\AppData\Local\Temp\arduino_build_180443/..\arduino_cache_657693\core\core_arduino_sam_arduino_due_x_dbg_d44643eca22bf91b787e208745d157cb.a(WInterrupts.c.o)
                0x00082368                PIOC_Handler
 .text.PIOD_Handler
                0x000823a0       0x38 C:\Users\dario\AppData\Local\Temp\arduino_build_180443/..\arduino_cache_657693\core\core_arduino_sam_arduino_due_x_dbg_d44643eca22bf91b787e208745d157cb.a(WInterrupts.c.o)
                0x000823a0                PIOD_Handler
 .text.__halt   0x000823d8        0x2 C:\Users\dario\AppData\Local\Temp\arduino_build_180443/..\arduino_cache_657693\core\core_arduino_sam_arduino_due_x_dbg_d44643eca22bf91b787e208745d157cb.a(cortex_handlers.c.o)
                0x000823d8                DACC_Handler
                0x000823d8                DebugMon_Handler
                0x000823d8                DMAC_Handler
                0x000823d8                TRNG_Handler
                0x000823d8                HardFault_Handler
                0x000823d8                TC2_Handler
                0x000823d8                TWI1_Handler
                0x000823d8                NMI_Handler
                0x000823d8                TC7_Handler
                0x000823d8                ADC_Handler
                0x000823d8                SMC_Handler
                0x000823d8                RTT_Handler
                0x000823d8                EFC1_Handler
                0x000823d8                RTC_Handler
                0x000823d8                UsageFault_Handler
                0x000823d8                TC6_Handler
                0x000823d8                WDT_Handler
                0x000823d8                CAN0_Handler
                0x000823d8                TC4_Handler
                0x000823d8                TC1_Handler
                0x000823d8                HSMCI_Handler
                0x000823d8                TC3_Handler
                0x000823d8                TWI0_Handler
                0x000823d8                SSC_Handler
                0x000823d8                EFC0_Handler
                0x000823d8                PMC_Handler
                0x000823d8                PWM_Handler
                0x000823d8                CAN1_Handler
                0x000823d8                MemManage_Handler
                0x000823d8                SUPC_Handler
                0x000823d8                TC8_Handler
                0x000823d8                USART2_Handler
                0x000823d8                EMAC_Handler
                0x000823d8                BusFault_Handler
                0x000823d8                RSTC_Handler
                0x000823d8                TC0_Handler
                0x000823d8                TC5_Handler
                0x000823d8                SPI0_Handler
 .text.SVC_Handler
                0x000823da        0x4 C:\Users\dario\AppData\Local\Temp\arduino_build_180443/..\arduino_cache_657693\core\core_arduino_sam_arduino_due_x_dbg_d44643eca22bf91b787e208745d157cb.a(cortex_handlers.c.o)
                0x000823da                SVC_Handler
 .text.PendSV_Handler
                0x000823de        0x4 C:\Users\dario\AppData\Local\Temp\arduino_build_180443/..\arduino_cache_657693\core\core_arduino_sam_arduino_due_x_dbg_d44643eca22bf91b787e208745d157cb.a(cortex_handlers.c.o)
                0x000823de                PendSV_Handler
 .text.SysTick_Handler
                0x000823e2       0x16 C:\Users\dario\AppData\Local\Temp\arduino_build_180443/..\arduino_cache_657693\core\core_arduino_sam_arduino_due_x_dbg_d44643eca22bf91b787e208745d157cb.a(cortex_handlers.c.o)
                0x000823e2                SysTick_Handler
 .text.__empty  0x000823f8        0x2 C:\Users\dario\AppData\Local\Temp\arduino_build_180443/..\arduino_cache_657693\core\core_arduino_sam_arduino_due_x_dbg_d44643eca22bf91b787e208745d157cb.a(hooks.c.o)
                0x000823f8                yield
 .text.__false  0x000823fa        0x4 C:\Users\dario\AppData\Local\Temp\arduino_build_180443/..\arduino_cache_657693\core\core_arduino_sam_arduino_due_x_dbg_d44643eca22bf91b787e208745d157cb.a(hooks.c.o)
                0x000823fa                sysTickHook
 .text.__halt   0x000823fe        0x2 C:\Users\dario\AppData\Local\Temp\arduino_build_180443/..\arduino_cache_657693\core\core_arduino_sam_arduino_due_x_dbg_d44643eca22bf91b787e208745d157cb.a(hooks.c.o)
                0x000823fe                svcHook
                0x000823fe                pendSVHook
 .text._sbrk    0x00082400       0x1c C:\Users\dario\AppData\Local\Temp\arduino_build_180443/..\arduino_cache_657693\core\core_arduino_sam_arduino_due_x_dbg_d44643eca22bf91b787e208745d157cb.a(syscalls_sam3.c.o)
                0x00082400                _sbrk
 .text.link     0x0008241c        0x6 C:\Users\dario\AppData\Local\Temp\arduino_build_180443/..\arduino_cache_657693\core\core_arduino_sam_arduino_due_x_dbg_d44643eca22bf91b787e208745d157cb.a(syscalls_sam3.c.o)
                0x0008241c                link
 .text._close   0x00082422        0x6 C:\Users\dario\AppData\Local\Temp\arduino_build_180443/..\arduino_cache_657693\core\core_arduino_sam_arduino_due_x_dbg_d44643eca22bf91b787e208745d157cb.a(syscalls_sam3.c.o)
                0x00082422                _close
 .text._fstat   0x00082428        0xa C:\Users\dario\AppData\Local\Temp\arduino_build_180443/..\arduino_cache_657693\core\core_arduino_sam_arduino_due_x_dbg_d44643eca22bf91b787e208745d157cb.a(syscalls_sam3.c.o)
                0x00082428                _fstat
 .text._isatty  0x00082432        0x4 C:\Users\dario\AppData\Local\Temp\arduino_build_180443/..\arduino_cache_657693\core\core_arduino_sam_arduino_due_x_dbg_d44643eca22bf91b787e208745d157cb.a(syscalls_sam3.c.o)
                0x00082432                _isatty
 .text._lseek   0x00082436        0x4 C:\Users\dario\AppData\Local\Temp\arduino_build_180443/..\arduino_cache_657693\core\core_arduino_sam_arduino_due_x_dbg_d44643eca22bf91b787e208745d157cb.a(syscalls_sam3.c.o)
                0x00082436                _lseek
 .text._read    0x0008243a        0x4 C:\Users\dario\AppData\Local\Temp\arduino_build_180443/..\arduino_cache_657693\core\core_arduino_sam_arduino_due_x_dbg_d44643eca22bf91b787e208745d157cb.a(syscalls_sam3.c.o)
                0x0008243a                _read
 *fill*         0x0008243e        0x2 
 .text._write   0x00082440       0x24 C:\Users\dario\AppData\Local\Temp\arduino_build_180443/..\arduino_cache_657693\core\core_arduino_sam_arduino_due_x_dbg_d44643eca22bf91b787e208745d157cb.a(syscalls_sam3.c.o)
                0x00082440                _write
 .text._exit    0x00082464       0x10 C:\Users\dario\AppData\Local\Temp\arduino_build_180443/..\arduino_cache_657693\core\core_arduino_sam_arduino_due_x_dbg_d44643eca22bf91b787e208745d157cb.a(syscalls_sam3.c.o)
                0x00082464                _exit
 .text._kill    0x00082474        0x2 C:\Users\dario\AppData\Local\Temp\arduino_build_180443/..\arduino_cache_657693\core\core_arduino_sam_arduino_due_x_dbg_d44643eca22bf91b787e208745d157cb.a(syscalls_sam3.c.o)
                0x00082474                _kill
 .text._getpid  0x00082476        0x6 C:\Users\dario\AppData\Local\Temp\arduino_build_180443/..\arduino_cache_657693\core\core_arduino_sam_arduino_due_x_dbg_d44643eca22bf91b787e208745d157cb.a(syscalls_sam3.c.o)
                0x00082476                _getpid
 .text.millis   0x0008247c        0x4 C:\Users\dario\AppData\Local\Temp\arduino_build_180443/..\arduino_cache_657693\core\core_arduino_sam_arduino_due_x_dbg_d44643eca22bf91b787e208745d157cb.a(wiring.c.o)
                0x0008247c                millis
 .text.delay    0x00082480       0x1c C:\Users\dario\AppData\Local\Temp\arduino_build_180443/..\arduino_cache_657693\core\core_arduino_sam_arduino_due_x_dbg_d44643eca22bf91b787e208745d157cb.a(wiring.c.o)
                0x00082480                delay
 .text.analogOutputInit
                0x0008249c        0x2 C:\Users\dario\AppData\Local\Temp\arduino_build_180443/..\arduino_cache_657693\core\core_arduino_sam_arduino_due_x_dbg_d44643eca22bf91b787e208745d157cb.a(wiring_analog.c.o)
                0x0008249c                analogOutputInit
 *fill*         0x0008249e        0x2 
 .text.pinMode  0x000824a0      0x108 C:\Users\dario\AppData\Local\Temp\arduino_build_180443/..\arduino_cache_657693\core\core_arduino_sam_arduino_due_x_dbg_d44643eca22bf91b787e208745d157cb.a(wiring_digital.c.o)
                0x000824a0                pinMode
 .text.digitalWrite
                0x000825a8       0x70 C:\Users\dario\AppData\Local\Temp\arduino_build_180443/..\arduino_cache_657693\core\core_arduino_sam_arduino_due_x_dbg_d44643eca22bf91b787e208745d157cb.a(wiring_digital.c.o)
                0x000825a8                digitalWrite
 .text._ZN5Print5writeEPKhj
                0x00082618       0x22 C:\Users\dario\AppData\Local\Temp\arduino_build_180443/..\arduino_cache_657693\core\core_arduino_sam_arduino_due_x_dbg_d44643eca22bf91b787e208745d157cb.a(Print.cpp.o)
                0x00082618                Print::write(unsigned char const*, unsigned int)
 .text._ZN5Print5printERK6String
                0x0008263a       0x10 C:\Users\dario\AppData\Local\Temp\arduino_build_180443/..\arduino_cache_657693\core\core_arduino_sam_arduino_due_x_dbg_d44643eca22bf91b787e208745d157cb.a(Print.cpp.o)
                0x0008263a                Print::print(String const&)
 .text._ZN5Print5printEPKc
                0x0008264a        0x8 C:\Users\dario\AppData\Local\Temp\arduino_build_180443/..\arduino_cache_657693\core\core_arduino_sam_arduino_due_x_dbg_d44643eca22bf91b787e208745d157cb.a(Print.cpp.o)
                0x0008264a                Print::print(char const*)
 *fill*         0x00082652        0x2 
 .text.initiateReset
                0x00082654        0xc C:\Users\dario\AppData\Local\Temp\arduino_build_180443/..\arduino_cache_657693\core\core_arduino_sam_arduino_due_x_dbg_d44643eca22bf91b787e208745d157cb.a(Reset.cpp.o)
                0x00082654                initiateReset
 .text.cancelReset
                0x00082660       0x10 C:\Users\dario\AppData\Local\Temp\arduino_build_180443/..\arduino_cache_657693\core\core_arduino_sam_arduino_due_x_dbg_d44643eca22bf91b787e208745d157cb.a(Reset.cpp.o)
                0x00082660                cancelReset
 .text.tickReset
                0x00082670       0x20 C:\Users\dario\AppData\Local\Temp\arduino_build_180443/..\arduino_cache_657693\core\core_arduino_sam_arduino_due_x_dbg_d44643eca22bf91b787e208745d157cb.a(Reset.cpp.o)
                0x00082670                tickReset
 .text._ZN10RingBufferC2Ev
                0x00082690       0x1a C:\Users\dario\AppData\Local\Temp\arduino_build_180443/..\arduino_cache_657693\core\core_arduino_sam_arduino_due_x_dbg_d44643eca22bf91b787e208745d157cb.a(RingBuffer.cpp.o)
                0x00082690                RingBuffer::RingBuffer()
                0x00082690                RingBuffer::RingBuffer()
 .text._ZN10RingBuffer10store_charEh
                0x000826aa       0x1e C:\Users\dario\AppData\Local\Temp\arduino_build_180443/..\arduino_cache_657693\core\core_arduino_sam_arduino_due_x_dbg_d44643eca22bf91b787e208745d157cb.a(RingBuffer.cpp.o)
                0x000826aa                RingBuffer::store_char(unsigned char)
 .text._ZN6Stream9timedReadEv
                0x000826c8       0x2a C:\Users\dario\AppData\Local\Temp\arduino_build_180443/..\arduino_cache_657693\core\core_arduino_sam_arduino_due_x_dbg_d44643eca22bf91b787e208745d157cb.a(Stream.cpp.o)
                0x000826c8                Stream::timedRead()
 .text._ZN6Stream9readBytesEPcj
                0x000826f2       0x22 C:\Users\dario\AppData\Local\Temp\arduino_build_180443/..\arduino_cache_657693\core\core_arduino_sam_arduino_due_x_dbg_d44643eca22bf91b787e208745d157cb.a(Stream.cpp.o)
                0x000826f2                Stream::readBytes(char*, unsigned int)
 .text._ZN9UARTClasscvbEv
                0x00082714        0x4 C:\Users\dario\AppData\Local\Temp\arduino_build_180443/..\arduino_cache_657693\core\core_arduino_sam_arduino_due_x_dbg_d44643eca22bf91b787e208745d157cb.a(UARTClass.cpp.o)
                0x00082714                UARTClass::operator bool()
 .text._ZN9UARTClass9availableEv
                0x00082718       0x12 C:\Users\dario\AppData\Local\Temp\arduino_build_180443/..\arduino_cache_657693\core\core_arduino_sam_arduino_due_x_dbg_d44643eca22bf91b787e208745d157cb.a(UARTClass.cpp.o)
                0x00082718                UARTClass::available()
 .text._ZN9UARTClass4peekEv
                0x0008272a       0x1c C:\Users\dario\AppData\Local\Temp\arduino_build_180443/..\arduino_cache_657693\core\core_arduino_sam_arduino_due_x_dbg_d44643eca22bf91b787e208745d157cb.a(UARTClass.cpp.o)
                0x0008272a                UARTClass::peek()
 .text._ZN9UARTClass4readEv
                0x00082746       0x2a C:\Users\dario\AppData\Local\Temp\arduino_build_180443/..\arduino_cache_657693\core\core_arduino_sam_arduino_due_x_dbg_d44643eca22bf91b787e208745d157cb.a(UARTClass.cpp.o)
                0x00082746                UARTClass::read()
 .text._ZN9UARTClass5flushEv
                0x00082770       0x18 C:\Users\dario\AppData\Local\Temp\arduino_build_180443/..\arduino_cache_657693\core\core_arduino_sam_arduino_due_x_dbg_d44643eca22bf91b787e208745d157cb.a(UARTClass.cpp.o)
                0x00082770                UARTClass::flush()
 .text._ZN9UARTClass5writeEh
                0x00082788       0x54 C:\Users\dario\AppData\Local\Temp\arduino_build_180443/..\arduino_cache_657693\core\core_arduino_sam_arduino_due_x_dbg_d44643eca22bf91b787e208745d157cb.a(UARTClass.cpp.o)
                0x00082788                UARTClass::write(unsigned char)
 .text._ZN9UARTClass3endEv
                0x000827dc       0x3c C:\Users\dario\AppData\Local\Temp\arduino_build_180443/..\arduino_cache_657693\core\core_arduino_sam_arduino_due_x_dbg_d44643eca22bf91b787e208745d157cb.a(UARTClass.cpp.o)
                0x000827dc                UARTClass::end()
 .text._ZN9UARTClassC2EP4Uart4IRQnmP10RingBufferS4_
                0x00082818       0x24 C:\Users\dario\AppData\Local\Temp\arduino_build_180443/..\arduino_cache_657693\core\core_arduino_sam_arduino_due_x_dbg_d44643eca22bf91b787e208745d157cb.a(UARTClass.cpp.o)
                0x00082818                UARTClass::UARTClass(Uart*, IRQn, unsigned long, RingBuffer*, RingBuffer*)
                0x00082818                UARTClass::UARTClass(Uart*, IRQn, unsigned long, RingBuffer*, RingBuffer*)
 .text._ZN9UARTClass4initEmm
                0x0008283c       0x70 C:\Users\dario\AppData\Local\Temp\arduino_build_180443/..\arduino_cache_657693\core\core_arduino_sam_arduino_due_x_dbg_d44643eca22bf91b787e208745d157cb.a(UARTClass.cpp.o)
                0x0008283c                UARTClass::init(unsigned long, unsigned long)
 .text._ZN9UARTClass5beginEm
                0x000828ac        0x8 C:\Users\dario\AppData\Local\Temp\arduino_build_180443/..\arduino_cache_657693\core\core_arduino_sam_arduino_due_x_dbg_d44643eca22bf91b787e208745d157cb.a(UARTClass.cpp.o)
                0x000828ac                UARTClass::begin(unsigned long)
 .text._ZN9UARTClass10IrqHandlerEv
                0x000828b4       0x5a C:\Users\dario\AppData\Local\Temp\arduino_build_180443/..\arduino_cache_657693\core\core_arduino_sam_arduino_due_x_dbg_d44643eca22bf91b787e208745d157cb.a(UARTClass.cpp.o)
                0x000828b4                UARTClass::IrqHandler()
 .text._ZN10USARTClass5beginEm
                0x0008290e        0x8 C:\Users\dario\AppData\Local\Temp\arduino_build_180443/..\arduino_cache_657693\core\core_arduino_sam_arduino_due_x_dbg_d44643eca22bf91b787e208745d157cb.a(USARTClass.cpp.o)
                0x0008290e                USARTClass::begin(unsigned long)
 *fill*         0x00082916        0x2 
 .text._ZN10USARTClassC2EP5Usart4IRQnmP10RingBufferS4_
                0x00082918       0x24 C:\Users\dario\AppData\Local\Temp\arduino_build_180443/..\arduino_cache_657693\core\core_arduino_sam_arduino_due_x_dbg_d44643eca22bf91b787e208745d157cb.a(USARTClass.cpp.o)
                0x00082918                USARTClass::USARTClass(Usart*, IRQn, unsigned long, RingBuffer*, RingBuffer*)
                0x00082918                USARTClass::USARTClass(Usart*, IRQn, unsigned long, RingBuffer*, RingBuffer*)
 .text._ZN6StringD2Ev
                0x0008293c        0xe C:\Users\dario\AppData\Local\Temp\arduino_build_180443/..\arduino_cache_657693\core\core_arduino_sam_arduino_due_x_dbg_d44643eca22bf91b787e208745d157cb.a(WString.cpp.o)
                0x0008293c                String::~String()
                0x0008293c                String::~String()
 .text._ZN6String10invalidateEv
                0x0008294a       0x16 C:\Users\dario\AppData\Local\Temp\arduino_build_180443/..\arduino_cache_657693\core\core_arduino_sam_arduino_due_x_dbg_d44643eca22bf91b787e208745d157cb.a(WString.cpp.o)
                0x0008294a                String::invalidate()
 .text._ZN6String12changeBufferEj
                0x00082960       0x18 C:\Users\dario\AppData\Local\Temp\arduino_build_180443/..\arduino_cache_657693\core\core_arduino_sam_arduino_due_x_dbg_d44643eca22bf91b787e208745d157cb.a(WString.cpp.o)
                0x00082960                String::changeBuffer(unsigned int)
 .text._ZN6String7reserveEj
                0x00082978       0x22 C:\Users\dario\AppData\Local\Temp\arduino_build_180443/..\arduino_cache_657693\core\core_arduino_sam_arduino_due_x_dbg_d44643eca22bf91b787e208745d157cb.a(WString.cpp.o)
                0x00082978                String::reserve(unsigned int)
 .text._ZN6String4copyEPKcj
                0x0008299a       0x26 C:\Users\dario\AppData\Local\Temp\arduino_build_180443/..\arduino_cache_657693\core\core_arduino_sam_arduino_due_x_dbg_d44643eca22bf91b787e208745d157cb.a(WString.cpp.o)
                0x0008299a                String::copy(char const*, unsigned int)
 .text._ZN6StringC2EPKc
                0x000829c0       0x24 C:\Users\dario\AppData\Local\Temp\arduino_build_180443/..\arduino_cache_657693\core\core_arduino_sam_arduino_due_x_dbg_d44643eca22bf91b787e208745d157cb.a(WString.cpp.o)
                0x000829c0                String::String(char const*)
                0x000829c0                String::String(char const*)
 .text._ZN6StringaSERKS_
                0x000829e4       0x1e C:\Users\dario\AppData\Local\Temp\arduino_build_180443/..\arduino_cache_657693\core\core_arduino_sam_arduino_due_x_dbg_d44643eca22bf91b787e208745d157cb.a(WString.cpp.o)
                0x000829e4                String::operator=(String const&)
 .text._ZN6StringC2ERKS_
                0x00082a02       0x14 C:\Users\dario\AppData\Local\Temp\arduino_build_180443/..\arduino_cache_657693\core\core_arduino_sam_arduino_due_x_dbg_d44643eca22bf91b787e208745d157cb.a(WString.cpp.o)
                0x00082a02                String::String(String const&)
                0x00082a02                String::String(String const&)
 .text._ZN6StringaSEPKc
                0x00082a16       0x22 C:\Users\dario\AppData\Local\Temp\arduino_build_180443/..\arduino_cache_657693\core\core_arduino_sam_arduino_due_x_dbg_d44643eca22bf91b787e208745d157cb.a(WString.cpp.o)
                0x00082a16                String::operator=(char const*)
 .text._ZN6StringC2Eih
                0x00082a38       0x24 C:\Users\dario\AppData\Local\Temp\arduino_build_180443/..\arduino_cache_657693\core\core_arduino_sam_arduino_due_x_dbg_d44643eca22bf91b787e208745d157cb.a(WString.cpp.o)
                0x00082a38                String::String(int, unsigned char)
                0x00082a38                String::String(int, unsigned char)
 .text._ZN6String6concatEPKcj
                0x00082a5c       0x2e C:\Users\dario\AppData\Local\Temp\arduino_build_180443/..\arduino_cache_657693\core\core_arduino_sam_arduino_due_x_dbg_d44643eca22bf91b787e208745d157cb.a(WString.cpp.o)
                0x00082a5c                String::concat(char const*, unsigned int)
 .text._ZplRK15StringSumHelperRK6String
                0x00082a8a       0x1a C:\Users\dario\AppData\Local\Temp\arduino_build_180443/..\arduino_cache_657693\core\core_arduino_sam_arduino_due_x_dbg_d44643eca22bf91b787e208745d157cb.a(WString.cpp.o)
                0x00082a8a                operator+(StringSumHelper const&, String const&)
 .text.initVariant
                0x00082aa4        0x2 C:\Users\dario\AppData\Local\Temp\arduino_build_180443/..\arduino_cache_657693\core\core_arduino_sam_arduino_due_x_dbg_d44643eca22bf91b787e208745d157cb.a(main.cpp.o)
                0x00082aa4                initVariant
 *fill*         0x00082aa6        0x2 
 .text.startup.main
                0x00082aa8       0x38 C:\Users\dario\AppData\Local\Temp\arduino_build_180443/..\arduino_cache_657693\core\core_arduino_sam_arduino_due_x_dbg_d44643eca22bf91b787e208745d157cb.a(main.cpp.o)
                0x00082aa8                main
 .text._watchdogDefaultSetup
                0x00082ae0        0xc C:\Users\dario\AppData\Local\Temp\arduino_build_180443/..\arduino_cache_657693\core\core_arduino_sam_arduino_due_x_dbg_d44643eca22bf91b787e208745d157cb.a(watchdog.cpp.o)
                0x00082ae0                _watchdogDefaultSetup
                0x00082ae0                watchdogSetup()
 .text.unlikely._ZL11USB_SendZlpv
                0x00082aec       0x20 C:\Users\dario\AppData\Local\Temp\arduino_build_180443/..\arduino_cache_657693\core\core_arduino_sam_arduino_due_x_dbg_d44643eca22bf91b787e208745d157cb.a(USBCore.cpp.o)
 .text._Z14USBD_Availablem
                0x00082b0c       0x2c C:\Users\dario\AppData\Local\Temp\arduino_build_180443/..\arduino_cache_657693\core\core_arduino_sam_arduino_due_x_dbg_d44643eca22bf91b787e208745d157cb.a(USBCore.cpp.o)
                0x00082b0c                USBD_Available(unsigned long)
 .text._Z9USBD_RecvmPvm
                0x00082b38       0x7c C:\Users\dario\AppData\Local\Temp\arduino_build_180443/..\arduino_cache_657693\core\core_arduino_sam_arduino_due_x_dbg_d44643eca22bf91b787e208745d157cb.a(USBCore.cpp.o)
                0x00082b38                USBD_Recv(unsigned long, void*, unsigned long)
 .text._Z9USBD_Recvm
                0x00082bb4       0x22 C:\Users\dario\AppData\Local\Temp\arduino_build_180443/..\arduino_cache_657693\core\core_arduino_sam_arduino_due_x_dbg_d44643eca22bf91b787e208745d157cb.a(USBCore.cpp.o)
                0x00082bb4                USBD_Recv(unsigned long)
 *fill*         0x00082bd6        0x2 
 .text._Z9USBD_SendmPKvm
                0x00082bd8       0x4c C:\Users\dario\AppData\Local\Temp\arduino_build_180443/..\arduino_cache_657693\core\core_arduino_sam_arduino_due_x_dbg_d44643eca22bf91b787e208745d157cb.a(USBCore.cpp.o)
                0x00082bd8                USBD_Send(unsigned long, void const*, unsigned long)
 .text._Z16USBD_SendControlhPKvm
                0x00082c24       0x40 C:\Users\dario\AppData\Local\Temp\arduino_build_180443/..\arduino_cache_657693\core\core_arduino_sam_arduino_due_x_dbg_d44643eca22bf91b787e208745d157cb.a(USBCore.cpp.o)
                0x00082c24                USBD_SendControl(unsigned char, void const*, unsigned long)
 .text.unlikely._ZL24USB_SendStringDescriptorPKhi
                0x00082c64       0x64 C:\Users\dario\AppData\Local\Temp\arduino_build_180443/..\arduino_cache_657693\core\core_arduino_sam_arduino_due_x_dbg_d44643eca22bf91b787e208745d157cb.a(USBCore.cpp.o)
 .text._Z16USBD_RecvControlPvm
                0x00082cc8       0x1c C:\Users\dario\AppData\Local\Temp\arduino_build_180443/..\arduino_cache_657693\core\core_arduino_sam_arduino_due_x_dbg_d44643eca22bf91b787e208745d157cb.a(USBCore.cpp.o)
                0x00082cc8                USBD_RecvControl(void*, unsigned long)
 .text._Z26USBD_ClassInterfaceRequestR8USBSetup
                0x00082ce4       0x1e C:\Users\dario\AppData\Local\Temp\arduino_build_180443/..\arduino_cache_657693\core\core_arduino_sam_arduino_due_x_dbg_d44643eca22bf91b787e208745d157cb.a(USBCore.cpp.o)
                0x00082ce4                USBD_ClassInterfaceRequest(USBSetup&)
 .text._Z19USBD_SendInterfacesv
                0x00082d02       0x22 C:\Users\dario\AppData\Local\Temp\arduino_build_180443/..\arduino_cache_657693\core\core_arduino_sam_arduino_due_x_dbg_d44643eca22bf91b787e208745d157cb.a(USBCore.cpp.o)
                0x00082d02                USBD_SendInterfaces()
 .text._Z24USBD_SendOtherInterfacesv
                0x00082d24       0x22 C:\Users\dario\AppData\Local\Temp\arduino_build_180443/..\arduino_cache_657693\core\core_arduino_sam_arduino_due_x_dbg_d44643eca22bf91b787e208745d157cb.a(USBCore.cpp.o)
                0x00082d24                USBD_SendOtherInterfaces()
 .text._Z10USBD_Flushm
                0x00082d46       0x16 C:\Users\dario\AppData\Local\Temp\arduino_build_180443/..\arduino_cache_657693\core\core_arduino_sam_arduino_due_x_dbg_d44643eca22bf91b787e208745d157cb.a(USBCore.cpp.o)
                0x00082d46                USBD_Flush(unsigned long)
 .text._ZN10USBDevice_C2Ev
                0x00082d5c       0x24 C:\Users\dario\AppData\Local\Temp\arduino_build_180443/..\arduino_cache_657693\core\core_arduino_sam_arduino_due_x_dbg_d44643eca22bf91b787e208745d157cb.a(USBCore.cpp.o)
                0x00082d5c                USBDevice_::USBDevice_()
                0x00082d5c                USBDevice_::USBDevice_()
 .text._ZN10USBDevice_6attachEv
                0x00082d80       0x20 C:\Users\dario\AppData\Local\Temp\arduino_build_180443/..\arduino_cache_657693\core\core_arduino_sam_arduino_due_x_dbg_d44643eca22bf91b787e208745d157cb.a(USBCore.cpp.o)
                0x00082d80                USBDevice_::attach()
 .text.startup._GLOBAL__sub_I_EndPoints
                0x00082da0        0xc C:\Users\dario\AppData\Local\Temp\arduino_build_180443/..\arduino_cache_657693\core\core_arduino_sam_arduino_due_x_dbg_d44643eca22bf91b787e208745d157cb.a(USBCore.cpp.o)
 .text._ZL7USB_ISRv
                0x00082dac      0x454 C:\Users\dario\AppData\Local\Temp\arduino_build_180443/..\arduino_cache_657693\core\core_arduino_sam_arduino_due_x_dbg_d44643eca22bf91b787e208745d157cb.a(USBCore.cpp.o)
 .text.ltoa     0x00083200       0x6e C:\Users\dario\AppData\Local\Temp\arduino_build_180443/..\arduino_cache_657693\core\core_arduino_sam_arduino_due_x_dbg_d44643eca22bf91b787e208745d157cb.a(itoa.c.o)
                0x00083200                ltoa
 .text.itoa     0x0008326e        0x4 C:\Users\dario\AppData\Local\Temp\arduino_build_180443/..\arduino_cache_657693\core\core_arduino_sam_arduino_due_x_dbg_d44643eca22bf91b787e208745d157cb.a(itoa.c.o)
                0x0008326e                itoa
 *fill*         0x00083272        0x2 
 .text._ZN7Serial_9availableEv
                0x00083274       0x18 C:\Users\dario\AppData\Local\Temp\arduino_build_180443/..\arduino_cache_657693\core\core_arduino_sam_arduino_due_x_dbg_d44643eca22bf91b787e208745d157cb.a(CDC.cpp.o)
                0x00083274                Serial_::available()
 .text._ZN7Serial_17availableForWriteEv
                0x0008328c        0x6 C:\Users\dario\AppData\Local\Temp\arduino_build_180443/..\arduino_cache_657693\core\core_arduino_sam_arduino_due_x_dbg_d44643eca22bf91b787e208745d157cb.a(CDC.cpp.o)
                0x0008328c                Serial_::availableForWrite()
 *fill*         0x00083292        0x2 
 .text._ZN7Serial_4peekEv
                0x00083294       0x20 C:\Users\dario\AppData\Local\Temp\arduino_build_180443/..\arduino_cache_657693\core\core_arduino_sam_arduino_due_x_dbg_d44643eca22bf91b787e208745d157cb.a(CDC.cpp.o)
                0x00083294                Serial_::peek()
 .text._ZN7Serial_5writeEh
                0x000832b4       0x16 C:\Users\dario\AppData\Local\Temp\arduino_build_180443/..\arduino_cache_657693\core\core_arduino_sam_arduino_due_x_dbg_d44643eca22bf91b787e208745d157cb.a(CDC.cpp.o)
                0x000832b4                Serial_::write(unsigned char)
 *fill*         0x000832ca        0x2 
 .text._ZN7Serial_4readEv
                0x000832cc       0x44 C:\Users\dario\AppData\Local\Temp\arduino_build_180443/..\arduino_cache_657693\core\core_arduino_sam_arduino_due_x_dbg_d44643eca22bf91b787e208745d157cb.a(CDC.cpp.o)
                0x000832cc                Serial_::read()
 .text._ZN7Serial_5flushEv
                0x00083310        0x6 C:\Users\dario\AppData\Local\Temp\arduino_build_180443/..\arduino_cache_657693\core\core_arduino_sam_arduino_due_x_dbg_d44643eca22bf91b787e208745d157cb.a(CDC.cpp.o)
                0x00083310                Serial_::flush()
 *fill*         0x00083316        0x2 
 .text._ZN7Serial_6acceptEv
                0x00083318       0x70 C:\Users\dario\AppData\Local\Temp\arduino_build_180443/..\arduino_cache_657693\core\core_arduino_sam_arduino_due_x_dbg_d44643eca22bf91b787e208745d157cb.a(CDC.cpp.o)
                0x00083318                Serial_::accept()
 .text._ZN7Serial_5writeEPKhj
                0x00083388       0x2c C:\Users\dario\AppData\Local\Temp\arduino_build_180443/..\arduino_cache_657693\core\core_arduino_sam_arduino_due_x_dbg_d44643eca22bf91b787e208745d157cb.a(CDC.cpp.o)
                0x00083388                Serial_::write(unsigned char const*, unsigned int)
 .text._Z16CDC_GetInterfacePh
                0x000833b4       0x14 C:\Users\dario\AppData\Local\Temp\arduino_build_180443/..\arduino_cache_657693\core\core_arduino_sam_arduino_due_x_dbg_d44643eca22bf91b787e208745d157cb.a(CDC.cpp.o)
                0x000833b4                CDC_GetInterface(unsigned char*)
 .text._Z21CDC_GetOtherInterfacePh
                0x000833c8       0x14 C:\Users\dario\AppData\Local\Temp\arduino_build_180443/..\arduino_cache_657693\core\core_arduino_sam_arduino_due_x_dbg_d44643eca22bf91b787e208745d157cb.a(CDC.cpp.o)
                0x000833c8                CDC_GetOtherInterface(unsigned char*)
 .text._Z9CDC_SetupR8USBSetup
                0x000833dc       0x78 C:\Users\dario\AppData\Local\Temp\arduino_build_180443/..\arduino_cache_657693\core\core_arduino_sam_arduino_due_x_dbg_d44643eca22bf91b787e208745d157cb.a(CDC.cpp.o)
                0x000833dc                CDC_Setup(USBSetup&)
 .text.startup._GLOBAL__sub_I_cdc_rx_buffer
                0x00083454       0x1c C:\Users\dario\AppData\Local\Temp\arduino_build_180443/..\arduino_cache_657693\core\core_arduino_sam_arduino_due_x_dbg_d44643eca22bf91b787e208745d157cb.a(CDC.cpp.o)
 .text._ZN13PluggableUSB_12getInterfaceEPh
                0x00083470       0x28 C:\Users\dario\AppData\Local\Temp\arduino_build_180443/..\arduino_cache_657693\core\core_arduino_sam_arduino_due_x_dbg_d44643eca22bf91b787e208745d157cb.a(PluggableUSB.cpp.o)
                0x00083470                PluggableUSB_::getInterface(unsigned char*)
 .text._ZN13PluggableUSB_13getDescriptorER8USBSetup
                0x00083498       0x1c C:\Users\dario\AppData\Local\Temp\arduino_build_180443/..\arduino_cache_657693\core\core_arduino_sam_arduino_due_x_dbg_d44643eca22bf91b787e208745d157cb.a(PluggableUSB.cpp.o)
                0x00083498                PluggableUSB_::getDescriptor(USBSetup&)
 .text._ZN13PluggableUSB_12getShortNameEPc
                0x000834b4       0x1c C:\Users\dario\AppData\Local\Temp\arduino_build_180443/..\arduino_cache_657693\core\core_arduino_sam_arduino_due_x_dbg_d44643eca22bf91b787e208745d157cb.a(PluggableUSB.cpp.o)
                0x000834b4                PluggableUSB_::getShortName(char*)
 .text._ZN13PluggableUSB_5setupER8USBSetup
                0x000834d0       0x20 C:\Users\dario\AppData\Local\Temp\arduino_build_180443/..\arduino_cache_657693\core\core_arduino_sam_arduino_due_x_dbg_d44643eca22bf91b787e208745d157cb.a(PluggableUSB.cpp.o)
                0x000834d0                PluggableUSB_::setup(USBSetup&)
 .text._Z12PluggableUSBv
                0x000834f0       0x28 C:\Users\dario\AppData\Local\Temp\arduino_build_180443/..\arduino_cache_657693\core\core_arduino_sam_arduino_due_x_dbg_d44643eca22bf91b787e208745d157cb.a(PluggableUSB.cpp.o)
                0x000834f0                PluggableUSB()
 .text.TimeTick_Increment
                0x00083518       0x10 C:\Users\dario\AppData\Local\Arduino15\packages\arduino\hardware\sam\1.6.11\variants\arduino_due_x/libsam_sam3x8e_gcc_rel.a(timetick.o)
                0x00083518                TimeTick_Increment
 .text.GetTickCount
                0x00083528        0xc C:\Users\dario\AppData\Local\Arduino15\packages\arduino\hardware\sam\1.6.11\variants\arduino_due_x/libsam_sam3x8e_gcc_rel.a(timetick.o)
                0x00083528                GetTickCount
 .text.WDT_Disable
                0x00083534        0x8 C:\Users\dario\AppData\Local\Arduino15\packages\arduino\hardware\sam\1.6.11\variants\arduino_due_x/libsam_sam3x8e_gcc_rel.a(wdt.o)
                0x00083534                WDT_Disable
 .text.UDD_SetStack
                0x0008353c        0xc C:\Users\dario\AppData\Local\Arduino15\packages\arduino\hardware\sam\1.6.11\variants\arduino_due_x/libsam_sam3x8e_gcc_rel.a(uotghs_device.o)
                0x0008353c                UDD_SetStack
 .text.UDD_Init
                0x00083548       0xd0 C:\Users\dario\AppData\Local\Arduino15\packages\arduino\hardware\sam\1.6.11\variants\arduino_due_x/libsam_sam3x8e_gcc_rel.a(uotghs_device.o)
                0x00083548                UDD_Init
 .text.UDD_Attach
                0x00083618       0x50 C:\Users\dario\AppData\Local\Arduino15\packages\arduino\hardware\sam\1.6.11\variants\arduino_due_x/libsam_sam3x8e_gcc_rel.a(uotghs_device.o)
                0x00083618                UDD_Attach
 .text.UDD_InitEP
                0x00083668       0x2c C:\Users\dario\AppData\Local\Arduino15\packages\arduino\hardware\sam\1.6.11\variants\arduino_due_x/libsam_sam3x8e_gcc_rel.a(uotghs_device.o)
                0x00083668                UDD_InitEP
 .text.UDD_InitEndpoints
                0x00083694       0x3c C:\Users\dario\AppData\Local\Arduino15\packages\arduino\hardware\sam\1.6.11\variants\arduino_due_x/libsam_sam3x8e_gcc_rel.a(uotghs_device.o)
                0x00083694                UDD_InitEndpoints
 .text.UDD_WaitIN
                0x000836d0       0x10 C:\Users\dario\AppData\Local\Arduino15\packages\arduino\hardware\sam\1.6.11\variants\arduino_due_x/libsam_sam3x8e_gcc_rel.a(uotghs_device.o)
                0x000836d0                UDD_WaitIN
 .text.UDD_WaitOUT
                0x000836e0       0x10 C:\Users\dario\AppData\Local\Arduino15\packages\arduino\hardware\sam\1.6.11\variants\arduino_due_x/libsam_sam3x8e_gcc_rel.a(uotghs_device.o)
                0x000836e0                UDD_WaitOUT
 .text.UDD_ClearIN
                0x000836f0       0x18 C:\Users\dario\AppData\Local\Arduino15\packages\arduino\hardware\sam\1.6.11\variants\arduino_due_x/libsam_sam3x8e_gcc_rel.a(uotghs_device.o)
                0x000836f0                UDD_ClearIN
 .text.UDD_ClearOUT
                0x00083708       0x18 C:\Users\dario\AppData\Local\Arduino15\packages\arduino\hardware\sam\1.6.11\variants\arduino_due_x/libsam_sam3x8e_gcc_rel.a(uotghs_device.o)
                0x00083708                UDD_ClearOUT
 .text.UDD_ReceivedSetupInt
                0x00083720       0x10 C:\Users\dario\AppData\Local\Arduino15\packages\arduino\hardware\sam\1.6.11\variants\arduino_due_x/libsam_sam3x8e_gcc_rel.a(uotghs_device.o)
                0x00083720                UDD_ReceivedSetupInt
 .text.UDD_ClearSetupInt
                0x00083730       0x10 C:\Users\dario\AppData\Local\Arduino15\packages\arduino\hardware\sam\1.6.11\variants\arduino_due_x/libsam_sam3x8e_gcc_rel.a(uotghs_device.o)
                0x00083730                UDD_ClearSetupInt
 .text.UDD_Send
                0x00083740       0x88 C:\Users\dario\AppData\Local\Arduino15\packages\arduino\hardware\sam\1.6.11\variants\arduino_due_x/libsam_sam3x8e_gcc_rel.a(uotghs_device.o)
                0x00083740                UDD_Send
 .text.UDD_Send8
                0x000837c8       0x24 C:\Users\dario\AppData\Local\Arduino15\packages\arduino\hardware\sam\1.6.11\variants\arduino_due_x/libsam_sam3x8e_gcc_rel.a(uotghs_device.o)
                0x000837c8                UDD_Send8
 .text.UDD_Recv8
                0x000837ec       0x28 C:\Users\dario\AppData\Local\Arduino15\packages\arduino\hardware\sam\1.6.11\variants\arduino_due_x/libsam_sam3x8e_gcc_rel.a(uotghs_device.o)
                0x000837ec                UDD_Recv8
 .text.UDD_Recv
                0x00083814       0x34 C:\Users\dario\AppData\Local\Arduino15\packages\arduino\hardware\sam\1.6.11\variants\arduino_due_x/libsam_sam3x8e_gcc_rel.a(uotghs_device.o)
                0x00083814                UDD_Recv
 .text.UDD_Stall
                0x00083848       0x14 C:\Users\dario\AppData\Local\Arduino15\packages\arduino\hardware\sam\1.6.11\variants\arduino_due_x/libsam_sam3x8e_gcc_rel.a(uotghs_device.o)
                0x00083848                UDD_Stall
 .text.UDD_FifoByteCount
                0x0008385c       0x14 C:\Users\dario\AppData\Local\Arduino15\packages\arduino\hardware\sam\1.6.11\variants\arduino_due_x/libsam_sam3x8e_gcc_rel.a(uotghs_device.o)
                0x0008385c                UDD_FifoByteCount
 .text.UDD_ReleaseRX
                0x00083870       0x28 C:\Users\dario\AppData\Local\Arduino15\packages\arduino\hardware\sam\1.6.11\variants\arduino_due_x/libsam_sam3x8e_gcc_rel.a(uotghs_device.o)
                0x00083870                UDD_ReleaseRX
 .text.UDD_ReleaseTX
                0x00083898       0x28 C:\Users\dario\AppData\Local\Arduino15\packages\arduino\hardware\sam\1.6.11\variants\arduino_due_x/libsam_sam3x8e_gcc_rel.a(uotghs_device.o)
                0x00083898                UDD_ReleaseTX
 .text.UDD_SetAddress
                0x000838c0       0x20 C:\Users\dario\AppData\Local\Arduino15\packages\arduino\hardware\sam\1.6.11\variants\arduino_due_x/libsam_sam3x8e_gcc_rel.a(uotghs_device.o)
                0x000838c0                UDD_SetAddress
 .text.cos      0x000838e0       0x8c c:/users/dario/appdata/local/arduino15/packages/arduino/tools/arm-none-eabi-gcc/4.8.3-2014q1/bin/../lib/gcc/arm-none-eabi/4.8.3/../../../../arm-none-eabi/lib/armv7-m\libm.a(lib_a-s_cos.o)
                0x000838e0                cos
 .text.sin      0x0008396c       0x94 c:/users/dario/appdata/local/arduino15/packages/arduino/tools/arm-none-eabi-gcc/4.8.3-2014q1/bin/../lib/gcc/arm-none-eabi/4.8.3/../../../../arm-none-eabi/lib/armv7-m\libm.a(lib_a-s_sin.o)
                0x0008396c                sin
 .text.__ieee754_rem_pio2
                0x00083a00      0x440 c:/users/dario/appdata/local/arduino15/packages/arduino/tools/arm-none-eabi-gcc/4.8.3-2014q1/bin/../lib/gcc/arm-none-eabi/4.8.3/../../../../arm-none-eabi/lib/armv7-m\libm.a(lib_a-e_rem_pio2.o)
                0x00083a00                __ieee754_rem_pio2
 .text.__kernel_cos
                0x00083e40      0x248 c:/users/dario/appdata/local/arduino15/packages/arduino/tools/arm-none-eabi-gcc/4.8.3-2014q1/bin/../lib/gcc/arm-none-eabi/4.8.3/../../../../arm-none-eabi/lib/armv7-m\libm.a(lib_a-k_cos.o)
                0x00083e40                __kernel_cos
 .text.__kernel_rem_pio2
                0x00084088      0x7bc c:/users/dario/appdata/local/arduino15/packages/arduino/tools/arm-none-eabi-gcc/4.8.3-2014q1/bin/../lib/gcc/arm-none-eabi/4.8.3/../../../../arm-none-eabi/lib/armv7-m\libm.a(lib_a-k_rem_pio2.o)
                0x00084088                __kernel_rem_pio2
 *fill*         0x00084844        0x4 
 .text.__kernel_sin
                0x00084848      0x170 c:/users/dario/appdata/local/arduino15/packages/arduino/tools/arm-none-eabi-gcc/4.8.3-2014q1/bin/../lib/gcc/arm-none-eabi/4.8.3/../../../../arm-none-eabi/lib/armv7-m\libm.a(lib_a-k_sin.o)
                0x00084848                __kernel_sin
 .text.fabs     0x000849b8        0x8 c:/users/dario/appdata/local/arduino15/packages/arduino/tools/arm-none-eabi-gcc/4.8.3-2014q1/bin/../lib/gcc/arm-none-eabi/4.8.3/../../../../arm-none-eabi/lib/armv7-m\libm.a(lib_a-s_fabs.o)
                0x000849b8                fabs
 .text.floor    0x000849c0      0x120 c:/users/dario/appdata/local/arduino15/packages/arduino/tools/arm-none-eabi-gcc/4.8.3-2014q1/bin/../lib/gcc/arm-none-eabi/4.8.3/../../../../arm-none-eabi/lib/armv7-m\libm.a(lib_a-s_floor.o)
                0x000849c0                floor
 .text.scalbn   0x00084ae0      0x100 c:/users/dario/appdata/local/arduino15/packages/arduino/tools/arm-none-eabi-gcc/4.8.3-2014q1/bin/../lib/gcc/arm-none-eabi/4.8.3/../../../../arm-none-eabi/lib/armv7-m\libm.a(lib_a-s_scalbn.o)
                0x00084ae0                scalbn
 .text.copysign
                0x00084be0       0x14 c:/users/dario/appdata/local/arduino15/packages/arduino/tools/arm-none-eabi-gcc/4.8.3-2014q1/bin/../lib/gcc/arm-none-eabi/4.8.3/../../../../arm-none-eabi/lib/armv7-m\libm.a(lib_a-s_copysign.o)
                0x00084be0                copysign
 .text          0x00084bf4      0x370 c:/users/dario/appdata/local/arduino15/packages/arduino/tools/arm-none-eabi-gcc/4.8.3-2014q1/bin/../lib/gcc/arm-none-eabi/4.8.3/armv7-m\libgcc.a(_arm_addsubdf3.o)
                0x00084bf4                __aeabi_drsub
                0x00084bfc                __aeabi_dsub
                0x00084bfc                __subdf3
                0x00084c00                __aeabi_dadd
                0x00084c00                __adddf3
                0x00084e78                __floatunsidf
                0x00084e78                __aeabi_ui2d
                0x00084e98                __floatsidf
                0x00084e98                __aeabi_i2d
                0x00084ebc                __aeabi_f2d
                0x00084ebc                __extendsfdf2
                0x00084ef8                __floatundidf
                0x00084ef8                __aeabi_ul2d
                0x00084f08                __floatdidf
                0x00084f08                __aeabi_l2d
 .text          0x00084f64      0x424 c:/users/dario/appdata/local/arduino15/packages/arduino/tools/arm-none-eabi-gcc/4.8.3-2014q1/bin/../lib/gcc/arm-none-eabi/4.8.3/armv7-m\libgcc.a(_arm_muldivdf3.o)
                0x00084f64                __aeabi_dmul
                0x00084f64                __muldf3
                0x000851b8                __divdf3
                0x000851b8                __aeabi_ddiv
 .text          0x00085388      0x110 c:/users/dario/appdata/local/arduino15/packages/arduino/tools/arm-none-eabi-gcc/4.8.3-2014q1/bin/../lib/gcc/arm-none-eabi/4.8.3/armv7-m\libgcc.a(_arm_cmpdf2.o)
                0x00085388                __gtdf2
                0x00085388                __gedf2
                0x00085390                __ltdf2
                0x00085390                __ledf2
                0x00085398                __nedf2
                0x00085398                __eqdf2
                0x00085398                __cmpdf2
                0x00085414                __aeabi_cdrcmple
                0x00085424                __aeabi_cdcmpeq
                0x00085424                __aeabi_cdcmple
                0x00085434                __aeabi_dcmpeq
                0x00085448                __aeabi_dcmplt
                0x0008545c                __aeabi_dcmple
                0x00085470                __aeabi_dcmpge
                0x00085484                __aeabi_dcmpgt
 .text          0x00085498       0x50 c:/users/dario/appdata/local/arduino15/packages/arduino/tools/arm-none-eabi-gcc/4.8.3-2014q1/bin/../lib/gcc/arm-none-eabi/4.8.3/armv7-m\libgcc.a(_arm_fixdfsi.o)
                0x00085498                __aeabi_d2iz
                0x00085498                __fixdfsi
 .text          0x000854e8      0x21c c:/users/dario/appdata/local/arduino15/packages/arduino/tools/arm-none-eabi-gcc/4.8.3-2014q1/bin/../lib/gcc/arm-none-eabi/4.8.3/armv7-m\libgcc.a(_arm_addsubsf3.o)
                0x000854e8                __aeabi_frsub
                0x000854f0                __subsf3
                0x000854f0                __aeabi_fsub
                0x000854f4                __aeabi_fadd
                0x000854f4                __addsf3
                0x00085654                __aeabi_ui2f
                0x00085654                __floatunsisf
                0x0008565c                __aeabi_i2f
                0x0008565c                __floatsisf
                0x00085678                __aeabi_ul2f
                0x00085678                __floatundisf
                0x00085688                __aeabi_l2f
                0x00085688                __floatdisf
 .text          0x00085704      0x2a0 c:/users/dario/appdata/local/arduino15/packages/arduino/tools/arm-none-eabi-gcc/4.8.3-2014q1/bin/../lib/gcc/arm-none-eabi/4.8.3/armv7-m\libgcc.a(_arm_muldivsf3.o)
                0x00085704                __mulsf3
                0x00085704                __aeabi_fmul
                0x0008586c                __aeabi_fdiv
                0x0008586c                __divsf3
 .text          0x000859a4       0xec c:/users/dario/appdata/local/arduino15/packages/arduino/tools/arm-none-eabi-gcc/4.8.3-2014q1/bin/../lib/gcc/arm-none-eabi/4.8.3/armv7-m\libgcc.a(_arm_cmpsf2.o)
                0x000859a4                __gesf2
                0x000859a4                __gtsf2
                0x000859ac                __lesf2
                0x000859ac                __ltsf2
                0x000859b4                __nesf2
                0x000859b4                __eqsf2
                0x000859b4                __cmpsf2
                0x00085a14                __aeabi_cfrcmple
                0x00085a1c                __aeabi_cfcmpeq
                0x00085a1c                __aeabi_cfcmple
                0x00085a2c                __aeabi_fcmpeq
                0x00085a40                __aeabi_fcmplt
                0x00085a54                __aeabi_fcmple
                0x00085a68                __aeabi_fcmpge
                0x00085a7c                __aeabi_fcmpgt
 .text          0x00085a90       0x4c c:/users/dario/appdata/local/arduino15/packages/arduino/tools/arm-none-eabi-gcc/4.8.3-2014q1/bin/../lib/gcc/arm-none-eabi/4.8.3/armv7-m\libgcc.a(_arm_fixsfsi.o)
                0x00085a90                __aeabi_f2iz
                0x00085a90                __fixsfsi
 .text.__libc_init_array
                0x00085adc       0x50 c:/users/dario/appdata/local/arduino15/packages/arduino/tools/arm-none-eabi-gcc/4.8.3-2014q1/bin/../lib/gcc/arm-none-eabi/4.8.3/../../../../arm-none-eabi/lib/armv7-m\libg.a(lib_a-init.o)
                0x00085adc                __libc_init_array
 .text.iprintf  0x00085b2c       0x28 c:/users/dario/appdata/local/arduino15/packages/arduino/tools/arm-none-eabi-gcc/4.8.3-2014q1/bin/../lib/gcc/arm-none-eabi/4.8.3/../../../../arm-none-eabi/lib/armv7-m\libg.a(lib_a-iprintf.o)
                0x00085b2c                iprintf
 .text.malloc   0x00085b54       0x10 c:/users/dario/appdata/local/arduino15/packages/arduino/tools/arm-none-eabi-gcc/4.8.3-2014q1/bin/../lib/gcc/arm-none-eabi/4.8.3/../../../../arm-none-eabi/lib/armv7-m\libg.a(lib_a-malloc.o)
                0x00085b54                malloc
 .text.free     0x00085b64       0x10 c:/users/dario/appdata/local/arduino15/packages/arduino/tools/arm-none-eabi-gcc/4.8.3-2014q1/bin/../lib/gcc/arm-none-eabi/4.8.3/../../../../arm-none-eabi/lib/armv7-m\libg.a(lib_a-malloc.o)
                0x00085b64                free
 .text._malloc_r
                0x00085b74      0x538 c:/users/dario/appdata/local/arduino15/packages/arduino/tools/arm-none-eabi-gcc/4.8.3-2014q1/bin/../lib/gcc/arm-none-eabi/4.8.3/../../../../arm-none-eabi/lib/armv7-m\libg.a(lib_a-mallocr.o)
                0x00085b74                _malloc_r
 .text          0x000860ac       0xec c:/users/dario/appdata/local/arduino15/packages/arduino/tools/arm-none-eabi-gcc/4.8.3-2014q1/bin/../lib/gcc/arm-none-eabi/4.8.3/../../../../arm-none-eabi/lib/armv7-m\libg.a(lib_a-memcpy.o)
                0x000860ac                memcpy
 .text.memmove  0x00086198       0xcc c:/users/dario/appdata/local/arduino15/packages/arduino/tools/arm-none-eabi-gcc/4.8.3-2014q1/bin/../lib/gcc/arm-none-eabi/4.8.3/../../../../arm-none-eabi/lib/armv7-m\libg.a(lib_a-memmove.o)
                0x00086198                memmove
 .text.memset   0x00086264       0x94 c:/users/dario/appdata/local/arduino15/packages/arduino/tools/arm-none-eabi-gcc/4.8.3-2014q1/bin/../lib/gcc/arm-none-eabi/4.8.3/../../../../arm-none-eabi/lib/armv7-m\libg.a(lib_a-memset.o)
                0x00086264                memset
 .text.__malloc_lock
                0x000862f8        0x4 c:/users/dario/appdata/local/arduino15/packages/arduino/tools/arm-none-eabi-gcc/4.8.3-2014q1/bin/../lib/gcc/arm-none-eabi/4.8.3/../../../../arm-none-eabi/lib/armv7-m\libg.a(lib_a-mlock.o)
                0x000862f8                __malloc_lock
 .text.__malloc_unlock
                0x000862fc        0x4 c:/users/dario/appdata/local/arduino15/packages/arduino/tools/arm-none-eabi-gcc/4.8.3-2014q1/bin/../lib/gcc/arm-none-eabi/4.8.3/../../../../arm-none-eabi/lib/armv7-m\libg.a(lib_a-mlock.o)
                0x000862fc                __malloc_unlock
 .text.realloc  0x00086300       0x10 c:/users/dario/appdata/local/arduino15/packages/arduino/tools/arm-none-eabi-gcc/4.8.3-2014q1/bin/../lib/gcc/arm-none-eabi/4.8.3/../../../../arm-none-eabi/lib/armv7-m\libg.a(lib_a-realloc.o)
                0x00086300                realloc
 .text._realloc_r
                0x00086310      0x3c0 c:/users/dario/appdata/local/arduino15/packages/arduino/tools/arm-none-eabi-gcc/4.8.3-2014q1/bin/../lib/gcc/arm-none-eabi/4.8.3/../../../../arm-none-eabi/lib/armv7-m\libg.a(lib_a-reallocr.o)
                0x00086310                _realloc_r
 .text._sbrk_r  0x000866d0       0x24 c:/users/dario/appdata/local/arduino15/packages/arduino/tools/arm-none-eabi-gcc/4.8.3-2014q1/bin/../lib/gcc/arm-none-eabi/4.8.3/../../../../arm-none-eabi/lib/armv7-m\libg.a(lib_a-sbrkr.o)
                0x000866d0                _sbrk_r
 .text.strcpy   0x000866f4       0xbc c:/users/dario/appdata/local/arduino15/packages/arduino/tools/arm-none-eabi-gcc/4.8.3-2014q1/bin/../lib/gcc/arm-none-eabi/4.8.3/../../../../arm-none-eabi/lib/armv7-m\libg.a(lib_a-strcpy.o)
                0x000866f4                strcpy
 .text.strlen   0x000867b0       0x60 c:/users/dario/appdata/local/arduino15/packages/arduino/tools/arm-none-eabi-gcc/4.8.3-2014q1/bin/../lib/gcc/arm-none-eabi/4.8.3/../../../../arm-none-eabi/lib/armv7-m\libg.a(lib_a-strlen.o)
                0x000867b0                strlen
 .text.kill     0x00086810       0x10 c:/users/dario/appdata/local/arduino15/packages/arduino/tools/arm-none-eabi-gcc/4.8.3-2014q1/bin/../lib/gcc/arm-none-eabi/4.8.3/../../../../arm-none-eabi/lib/armv7-m\libg.a(lib_a-syskill.o)
                0x00086810                kill
 .text.__sprint_r.part.0
                0x00086820       0x78 c:/users/dario/appdata/local/arduino15/packages/arduino/tools/arm-none-eabi-gcc/4.8.3-2014q1/bin/../lib/gcc/arm-none-eabi/4.8.3/../../../../arm-none-eabi/lib/armv7-m\libg.a(lib_a-vfiprintf.o)
 .text._vfiprintf_r
                0x00086898      0xc54 c:/users/dario/appdata/local/arduino15/packages/arduino/tools/arm-none-eabi-gcc/4.8.3-2014q1/bin/../lib/gcc/arm-none-eabi/4.8.3/../../../../arm-none-eabi/lib/armv7-m\libg.a(lib_a-vfiprintf.o)
                0x00086898                _vfiprintf_r
 .text.__sbprintf
                0x000874ec       0x7c c:/users/dario/appdata/local/arduino15/packages/arduino/tools/arm-none-eabi-gcc/4.8.3-2014q1/bin/../lib/gcc/arm-none-eabi/4.8.3/../../../../arm-none-eabi/lib/armv7-m\libg.a(lib_a-vfiprintf.o)
 .text.__swsetup_r
                0x00087568       0xc4 c:/users/dario/appdata/local/arduino15/packages/arduino/tools/arm-none-eabi-gcc/4.8.3-2014q1/bin/../lib/gcc/arm-none-eabi/4.8.3/../../../../arm-none-eabi/lib/armv7-m\libg.a(lib_a-wsetup.o)
                0x00087568                __swsetup_r
 .text.startup.register_fini
                0x0008762c       0x14 c:/users/dario/appdata/local/arduino15/packages/arduino/tools/arm-none-eabi-gcc/4.8.3-2014q1/bin/../lib/gcc/arm-none-eabi/4.8.3/../../../../arm-none-eabi/lib/armv7-m\libg.a(lib_a-__call_atexit.o)
 .text.atexit   0x00087640        0xc c:/users/dario/appdata/local/arduino15/packages/arduino/tools/arm-none-eabi-gcc/4.8.3-2014q1/bin/../lib/gcc/arm-none-eabi/4.8.3/../../../../arm-none-eabi/lib/armv7-m\libg.a(lib_a-atexit.o)
                0x00087640                atexit
 .text.__sflush_r
                0x0008764c      0x148 c:/users/dario/appdata/local/arduino15/packages/arduino/tools/arm-none-eabi-gcc/4.8.3-2014q1/bin/../lib/gcc/arm-none-eabi/4.8.3/../../../../arm-none-eabi/lib/armv7-m\libg.a(lib_a-fflush.o)
                0x0008764c                __sflush_r
 .text._fflush_r
                0x00087794       0x2c c:/users/dario/appdata/local/arduino15/packages/arduino/tools/arm-none-eabi-gcc/4.8.3-2014q1/bin/../lib/gcc/arm-none-eabi/4.8.3/../../../../arm-none-eabi/lib/armv7-m\libg.a(lib_a-fflush.o)
                0x00087794                _fflush_r
 .text._cleanup_r
                0x000877c0        0xc c:/users/dario/appdata/local/arduino15/packages/arduino/tools/arm-none-eabi-gcc/4.8.3-2014q1/bin/../lib/gcc/arm-none-eabi/4.8.3/../../../../arm-none-eabi/lib/armv7-m\libg.a(lib_a-findfp.o)
                0x000877c0                _cleanup_r
 .text.__sinit  0x000877cc       0xf4 c:/users/dario/appdata/local/arduino15/packages/arduino/tools/arm-none-eabi-gcc/4.8.3-2014q1/bin/../lib/gcc/arm-none-eabi/4.8.3/../../../../arm-none-eabi/lib/armv7-m\libg.a(lib_a-findfp.o)
                0x000877cc                __sinit
 .text.__sfp_lock_acquire
                0x000878c0        0x4 c:/users/dario/appdata/local/arduino15/packages/arduino/tools/arm-none-eabi-gcc/4.8.3-2014q1/bin/../lib/gcc/arm-none-eabi/4.8.3/../../../../arm-none-eabi/lib/armv7-m\libg.a(lib_a-findfp.o)
                0x000878c0                __sfp_lock_acquire
 .text.__sfp_lock_release
                0x000878c4        0x4 c:/users/dario/appdata/local/arduino15/packages/arduino/tools/arm-none-eabi-gcc/4.8.3-2014q1/bin/../lib/gcc/arm-none-eabi/4.8.3/../../../../arm-none-eabi/lib/armv7-m\libg.a(lib_a-findfp.o)
                0x000878c4                __sfp_lock_release
 .text.__libc_fini_array
                0x000878c8       0x30 c:/users/dario/appdata/local/arduino15/packages/arduino/tools/arm-none-eabi-gcc/4.8.3-2014q1/bin/../lib/gcc/arm-none-eabi/4.8.3/../../../../arm-none-eabi/lib/armv7-m\libg.a(lib_a-fini.o)
                0x000878c8                __libc_fini_array
 .text._fputwc_r
                0x000878f8       0xc0 c:/users/dario/appdata/local/arduino15/packages/arduino/tools/arm-none-eabi-gcc/4.8.3-2014q1/bin/../lib/gcc/arm-none-eabi/4.8.3/../../../../arm-none-eabi/lib/armv7-m\libg.a(lib_a-fputwc.o)
                0x000878f8                _fputwc_r
 .text._malloc_trim_r
                0x000879b8       0x9c c:/users/dario/appdata/local/arduino15/packages/arduino/tools/arm-none-eabi-gcc/4.8.3-2014q1/bin/../lib/gcc/arm-none-eabi/4.8.3/../../../../arm-none-eabi/lib/armv7-m\libg.a(lib_a-freer.o)
                0x000879b8                _malloc_trim_r
 .text._free_r  0x00087a54      0x198 c:/users/dario/appdata/local/arduino15/packages/arduino/tools/arm-none-eabi-gcc/4.8.3-2014q1/bin/../lib/gcc/arm-none-eabi/4.8.3/../../../../arm-none-eabi/lib/armv7-m\libg.a(lib_a-freer.o)
                0x00087a54                _free_r
 .text.__sfvwrite_r
                0x00087bec      0x314 c:/users/dario/appdata/local/arduino15/packages/arduino/tools/arm-none-eabi-gcc/4.8.3-2014q1/bin/../lib/gcc/arm-none-eabi/4.8.3/../../../../arm-none-eabi/lib/armv7-m\libg.a(lib_a-fvwrite.o)
                0x00087bec                __sfvwrite_r
 .text._fwalk   0x00087f00       0x48 c:/users/dario/appdata/local/arduino15/packages/arduino/tools/arm-none-eabi-gcc/4.8.3-2014q1/bin/../lib/gcc/arm-none-eabi/4.8.3/../../../../arm-none-eabi/lib/armv7-m\libg.a(lib_a-fwalk.o)
                0x00087f00                _fwalk
 .text.__locale_charset
                0x00087f48        0x8 c:/users/dario/appdata/local/arduino15/packages/arduino/tools/arm-none-eabi-gcc/4.8.3-2014q1/bin/../lib/gcc/arm-none-eabi/4.8.3/../../../../arm-none-eabi/lib/armv7-m\libg.a(lib_a-locale.o)
                0x00087f48                __locale_charset
 .text.__locale_mb_cur_max
                0x00087f50        0xc c:/users/dario/appdata/local/arduino15/packages/arduino/tools/arm-none-eabi-gcc/4.8.3-2014q1/bin/../lib/gcc/arm-none-eabi/4.8.3/../../../../arm-none-eabi/lib/armv7-m\libg.a(lib_a-locale.o)
                0x00087f50                __locale_mb_cur_max
 .text.__smakebuf_r
                0x00087f5c       0xe0 c:/users/dario/appdata/local/arduino15/packages/arduino/tools/arm-none-eabi-gcc/4.8.3-2014q1/bin/../lib/gcc/arm-none-eabi/4.8.3/../../../../arm-none-eabi/lib/armv7-m\libg.a(lib_a-makebuf.o)
                0x00087f5c                __smakebuf_r
 .text.memchr   0x0008803c       0x94 c:/users/dario/appdata/local/arduino15/packages/arduino/tools/arm-none-eabi-gcc/4.8.3-2014q1/bin/../lib/gcc/arm-none-eabi/4.8.3/../../../../arm-none-eabi/lib/armv7-m\libg.a(lib_a-memchr-stub.o)
                0x0008803c                memchr
 .text._kill_r  0x000880d0       0x28 c:/users/dario/appdata/local/arduino15/packages/arduino/tools/arm-none-eabi-gcc/4.8.3-2014q1/bin/../lib/gcc/arm-none-eabi/4.8.3/../../../../arm-none-eabi/lib/armv7-m\libg.a(lib_a-signalr.o)
                0x000880d0                _kill_r
 .text.__sread  0x000880f8       0x24 c:/users/dario/appdata/local/arduino15/packages/arduino/tools/arm-none-eabi-gcc/4.8.3-2014q1/bin/../lib/gcc/arm-none-eabi/4.8.3/../../../../arm-none-eabi/lib/armv7-m\libg.a(lib_a-stdio.o)
                0x000880f8                __sread
 .text.__swrite
                0x0008811c       0x38 c:/users/dario/appdata/local/arduino15/packages/arduino/tools/arm-none-eabi-gcc/4.8.3-2014q1/bin/../lib/gcc/arm-none-eabi/4.8.3/../../../../arm-none-eabi/lib/armv7-m\libg.a(lib_a-stdio.o)
                0x0008811c                __swrite
 .text.__sseek  0x00088154       0x20 c:/users/dario/appdata/local/arduino15/packages/arduino/tools/arm-none-eabi-gcc/4.8.3-2014q1/bin/../lib/gcc/arm-none-eabi/4.8.3/../../../../arm-none-eabi/lib/armv7-m\libg.a(lib_a-stdio.o)
                0x00088154                __sseek
 .text.__sclose
                0x00088174        0x8 c:/users/dario/appdata/local/arduino15/packages/arduino/tools/arm-none-eabi-gcc/4.8.3-2014q1/bin/../lib/gcc/arm-none-eabi/4.8.3/../../../../arm-none-eabi/lib/armv7-m\libg.a(lib_a-stdio.o)
                0x00088174                __sclose
 .text.__swbuf_r
                0x0008817c       0xa8 c:/users/dario/appdata/local/arduino15/packages/arduino/tools/arm-none-eabi-gcc/4.8.3-2014q1/bin/../lib/gcc/arm-none-eabi/4.8.3/../../../../arm-none-eabi/lib/armv7-m\libg.a(lib_a-wbuf.o)
                0x0008817c                __swbuf_r
 .text._wcrtomb_r
                0x00088224       0x50 c:/users/dario/appdata/local/arduino15/packages/arduino/tools/arm-none-eabi-gcc/4.8.3-2014q1/bin/../lib/gcc/arm-none-eabi/4.8.3/../../../../arm-none-eabi/lib/armv7-m\libg.a(lib_a-wcrtomb.o)
                0x00088224                _wcrtomb_r
 .text.__ascii_wctomb
                0x00088274       0x1c c:/users/dario/appdata/local/arduino15/packages/arduino/tools/arm-none-eabi-gcc/4.8.3-2014q1/bin/../lib/gcc/arm-none-eabi/4.8.3/../../../../arm-none-eabi/lib/armv7-m\libg.a(lib_a-wctomb_r.o)
                0x00088274                __ascii_wctomb
 .text._write_r
                0x00088290       0x28 c:/users/dario/appdata/local/arduino15/packages/arduino/tools/arm-none-eabi-gcc/4.8.3-2014q1/bin/../lib/gcc/arm-none-eabi/4.8.3/../../../../arm-none-eabi/lib/armv7-m\libg.a(lib_a-writer.o)
                0x00088290                _write_r
 .text.__register_exitproc
                0x000882b8       0xa8 c:/users/dario/appdata/local/arduino15/packages/arduino/tools/arm-none-eabi-gcc/4.8.3-2014q1/bin/../lib/gcc/arm-none-eabi/4.8.3/../../../../arm-none-eabi/lib/armv7-m\libg.a(lib_a-__atexit.o)
                0x000882b8                __register_exitproc
 .text._close_r
                0x00088360       0x24 c:/users/dario/appdata/local/arduino15/packages/arduino/tools/arm-none-eabi-gcc/4.8.3-2014q1/bin/../lib/gcc/arm-none-eabi/4.8.3/../../../../arm-none-eabi/lib/armv7-m\libg.a(lib_a-closer.o)
                0x00088360                _close_r
 .text._fclose_r
                0x00088384       0x80 c:/users/dario/appdata/local/arduino15/packages/arduino/tools/arm-none-eabi-gcc/4.8.3-2014q1/bin/../lib/gcc/arm-none-eabi/4.8.3/../../../../arm-none-eabi/lib/armv7-m\libg.a(lib_a-fclose.o)
                0x00088384                _fclose_r
 .text.fclose   0x00088404       0x10 c:/users/dario/appdata/local/arduino15/packages/arduino/tools/arm-none-eabi-gcc/4.8.3-2014q1/bin/../lib/gcc/arm-none-eabi/4.8.3/../../../../arm-none-eabi/lib/armv7-m\libg.a(lib_a-fclose.o)
                0x00088404                fclose
 .text._fstat_r
                0x00088414       0x28 c:/users/dario/appdata/local/arduino15/packages/arduino/tools/arm-none-eabi-gcc/4.8.3-2014q1/bin/../lib/gcc/arm-none-eabi/4.8.3/../../../../arm-none-eabi/lib/armv7-m\libg.a(lib_a-fstatr.o)
                0x00088414                _fstat_r
 .text._isatty_r
                0x0008843c       0x24 c:/users/dario/appdata/local/arduino15/packages/arduino/tools/arm-none-eabi-gcc/4.8.3-2014q1/bin/../lib/gcc/arm-none-eabi/4.8.3/../../../../arm-none-eabi/lib/armv7-m\libg.a(lib_a-isattyr.o)
                0x0008843c                _isatty_r
 .text._lseek_r
                0x00088460       0x28 c:/users/dario/appdata/local/arduino15/packages/arduino/tools/arm-none-eabi-gcc/4.8.3-2014q1/bin/../lib/gcc/arm-none-eabi/4.8.3/../../../../arm-none-eabi/lib/armv7-m\libg.a(lib_a-lseekr.o)
                0x00088460                _lseek_r
 .text._read_r  0x00088488       0x28 c:/users/dario/appdata/local/arduino15/packages/arduino/tools/arm-none-eabi-gcc/4.8.3-2014q1/bin/../lib/gcc/arm-none-eabi/4.8.3/../../../../arm-none-eabi/lib/armv7-m\libg.a(lib_a-readr.o)
                0x00088488                _read_r
 .text          0x000884b0       0x2c c:/users/dario/appdata/local/arduino15/packages/arduino/tools/arm-none-eabi-gcc/4.8.3-2014q1/bin/../lib/gcc/arm-none-eabi/4.8.3/armv7-m\libgcc.a(_aeabi_uldivmod.o)
                0x000884b0                __aeabi_uldivmod
 .text          0x000884dc       0x60 c:/users/dario/appdata/local/arduino15/packages/arduino/tools/arm-none-eabi-gcc/4.8.3-2014q1/bin/../lib/gcc/arm-none-eabi/4.8.3/armv7-m\libgcc.a(bpabi.o)
                0x000884dc                __gnu_ldivmod_helper
                0x0008850c                __gnu_uldivmod_helper
 .text          0x0008853c        0x4 c:/users/dario/appdata/local/arduino15/packages/arduino/tools/arm-none-eabi-gcc/4.8.3-2014q1/bin/../lib/gcc/arm-none-eabi/4.8.3/armv7-m\libgcc.a(_dvmd_tls.o)
                0x0008853c                __aeabi_idiv0
                0x0008853c                __aeabi_ldiv0
 .text          0x00088540      0x2a0 c:/users/dario/appdata/local/arduino15/packages/arduino/tools/arm-none-eabi-gcc/4.8.3-2014q1/bin/../lib/gcc/arm-none-eabi/4.8.3/armv7-m\libgcc.a(_divdi3.o)
                0x00088540                __divdi3
 .text          0x000887e0      0x290 c:/users/dario/appdata/local/arduino15/packages/arduino/tools/arm-none-eabi-gcc/4.8.3-2014q1/bin/../lib/gcc/arm-none-eabi/4.8.3/armv7-m\libgcc.a(_udivdi3.o)
                0x000887e0                __udivdi3
 *(.glue_7t)
 .glue_7t       0x00000000        0x0 linker stubs
 *(.glue_7)
 .glue_7        0x00000000        0x0 linker stubs
 *(.rodata .rodata* .gnu.linkonce.r.*)
 .rodata.str1.1
                0x00088a70      0x1af C:\Users\dario\AppData\Local\Temp\arduino_build_180443\sketch\knobby3_1.ino.cpp.o
                                0x1b4 (size before relaxing)
 *fill*         0x00088c1f        0x1 
 .rodata.g_APinDescription
                0x00088c20      0xa2c C:\Users\dario\AppData\Local\Temp\arduino_build_180443\core\variant.cpp.o
                0x00088c20                g_APinDescription
 .rodata        0x0008964c       0x40 C:\Users\dario\AppData\Local\Arduino15\packages\arduino\hardware\sam\1.6.11\variants\arduino_due_x/libsam_sam3x8e_gcc_rel.a(adc.o)
 .rodata.str1.1
                0x0008968c       0x19 C:\Users\dario\AppData\Local\Temp\arduino_build_180443/..\arduino_cache_657693\core\core_arduino_sam_arduino_due_x_dbg_d44643eca22bf91b787e208745d157cb.a(syscalls_sam3.c.o)
 *fill*         0x000896a5        0x3 
 .rodata._ZTV9UARTClass
                0x000896a8       0x30 C:\Users\dario\AppData\Local\Temp\arduino_build_180443/..\arduino_cache_657693\core\core_arduino_sam_arduino_due_x_dbg_d44643eca22bf91b787e208745d157cb.a(UARTClass.cpp.o)
                0x000896a8                vtable for UARTClass
 .rodata._ZTV10USARTClass
                0x000896d8       0x30 C:\Users\dario\AppData\Local\Temp\arduino_build_180443/..\arduino_cache_657693\core\core_arduino_sam_arduino_due_x_dbg_d44643eca22bf91b787e208745d157cb.a(USARTClass.cpp.o)
                0x000896d8                vtable for USARTClass
 .rodata.STRING_PRODUCT
                0x00089708        0xc C:\Users\dario\AppData\Local\Temp\arduino_build_180443/..\arduino_cache_657693\core\core_arduino_sam_arduino_due_x_dbg_d44643eca22bf91b787e208745d157cb.a(USBCore.cpp.o)
                0x00089708                STRING_PRODUCT
 .rodata.USB_DeviceDescriptor
                0x00089714       0x12 C:\Users\dario\AppData\Local\Temp\arduino_build_180443/..\arduino_cache_657693\core\core_arduino_sam_arduino_due_x_dbg_d44643eca22bf91b787e208745d157cb.a(USBCore.cpp.o)
                0x00089714                USB_DeviceDescriptor
 .rodata.STRING_LANGUAGE
                0x00089726        0x4 C:\Users\dario\AppData\Local\Temp\arduino_build_180443/..\arduino_cache_657693\core\core_arduino_sam_arduino_due_x_dbg_d44643eca22bf91b787e208745d157cb.a(USBCore.cpp.o)
                0x00089726                STRING_LANGUAGE
 .rodata._ZL18test_packet_buffer
                0x0008972a       0x35 C:\Users\dario\AppData\Local\Temp\arduino_build_180443/..\arduino_cache_657693\core\core_arduino_sam_arduino_due_x_dbg_d44643eca22bf91b787e208745d157cb.a(USBCore.cpp.o)
 .rodata.STRING_MANUFACTURER
                0x0008975f        0xc C:\Users\dario\AppData\Local\Temp\arduino_build_180443/..\arduino_cache_657693\core\core_arduino_sam_arduino_due_x_dbg_d44643eca22bf91b787e208745d157cb.a(USBCore.cpp.o)
                0x0008975f                STRING_MANUFACTURER
 .rodata.USB_DeviceDescriptorA
                0x0008976b       0x12 C:\Users\dario\AppData\Local\Temp\arduino_build_180443/..\arduino_cache_657693\core\core_arduino_sam_arduino_due_x_dbg_d44643eca22bf91b787e208745d157cb.a(USBCore.cpp.o)
                0x0008976b                USB_DeviceDescriptorA
 .rodata._ZL19USB_DeviceQualifier
                0x0008977d        0x9 C:\Users\dario\AppData\Local\Temp\arduino_build_180443/..\arduino_cache_657693\core\core_arduino_sam_arduino_due_x_dbg_d44643eca22bf91b787e208745d157cb.a(USBCore.cpp.o)
 *fill*         0x00089786        0x2 
 .rodata._ZTV7Serial_
                0x00089788       0x28 C:\Users\dario\AppData\Local\Temp\arduino_build_180443/..\arduino_cache_657693\core\core_arduino_sam_arduino_due_x_dbg_d44643eca22bf91b787e208745d157cb.a(CDC.cpp.o)
                0x00089788                vtable for Serial_
 .rodata._ZL18_cdcOtherInterface
                0x000897b0       0x42 C:\Users\dario\AppData\Local\Temp\arduino_build_180443/..\arduino_cache_657693\core\core_arduino_sam_arduino_due_x_dbg_d44643eca22bf91b787e208745d157cb.a(CDC.cpp.o)
 .rodata._ZL13_cdcInterface
                0x000897f2       0x42 C:\Users\dario\AppData\Local\Temp\arduino_build_180443/..\arduino_cache_657693\core\core_arduino_sam_arduino_due_x_dbg_d44643eca22bf91b787e208745d157cb.a(CDC.cpp.o)
 .rodata.npio2_hw
                0x00089834       0x80 c:/users/dario/appdata/local/arduino15/packages/arduino/tools/arm-none-eabi-gcc/4.8.3-2014q1/bin/../lib/gcc/arm-none-eabi/4.8.3/../../../../arm-none-eabi/lib/armv7-m\libm.a(lib_a-e_rem_pio2.o)
 .rodata.two_over_pi
                0x000898b4      0x108 c:/users/dario/appdata/local/arduino15/packages/arduino/tools/arm-none-eabi-gcc/4.8.3-2014q1/bin/../lib/gcc/arm-none-eabi/4.8.3/../../../../arm-none-eabi/lib/armv7-m\libm.a(lib_a-e_rem_pio2.o)
 .rodata.init_jk
                0x000899bc       0x10 c:/users/dario/appdata/local/arduino15/packages/arduino/tools/arm-none-eabi-gcc/4.8.3-2014q1/bin/../lib/gcc/arm-none-eabi/4.8.3/../../../../arm-none-eabi/lib/armv7-m\libm.a(lib_a-k_rem_pio2.o)
 *fill*         0x000899cc        0x4 
 .rodata.PIo2   0x000899d0       0x40 c:/users/dario/appdata/local/arduino15/packages/arduino/tools/arm-none-eabi-gcc/4.8.3-2014q1/bin/../lib/gcc/arm-none-eabi/4.8.3/../../../../arm-none-eabi/lib/armv7-m\libm.a(lib_a-k_rem_pio2.o)
 .rodata.str1.4
                0x00089a10        0x2 c:/users/dario/appdata/local/arduino15/packages/arduino/tools/arm-none-eabi-gcc/4.8.3-2014q1/bin/../lib/gcc/arm-none-eabi/4.8.3/../../../../arm-none-eabi/lib/armv7-m\libg.a(lib_a-impure.o)
                                  0x4 (size before relaxing)
 *fill*         0x00089a12        0x2 
 .rodata._global_impure_ptr